hlsl.multiEntry.vert
Shader version: 500
0:? Sequence
0:4  Function Definition: FakeEntrypoint(u1; ( temp 4-component vector of float)
0:4    Function Parameters: 
0:4      'Index' ( in uint)
0:?     Sequence
0:5      Branch: Return with expression
0:5        textureFetch ( temp 4-component vector of float)
0:5          'Position' (layout( rgba32f) uniform textureBuffer)
0:5          Convert uint to int ( temp int)
0:5            'Index' ( in uint)
0:9  Function Definition: @RealEntrypoint(u1; ( temp 4-component vector of float)
0:9    Function Parameters: 
0:9      'Index' ( in uint)
0:?     Sequence
0:10      Branch: Return with expression
0:10        Function Call: FakeEntrypoint(u1; ( temp 4-component vector of float)
0:10          'Index' ( in uint)
0:9  Function Definition: RealEntrypoint( ( temp void)
0:9    Function Parameters: 
0:?     Sequence
0:9      move second child to first child ( temp uint)
0:?         'Index' ( temp uint)
0:?         'Index' ( in uint VertexIndex)
0:9      move second child to first child ( temp 4-component vector of float)
0:?         '@entryPointOutput' ( out 4-component vector of float Position)
0:9        Function Call: @RealEntrypoint(u1; ( temp 4-component vector of float)
0:?           'Index' ( temp uint)
0:?   Linker Objects
0:?     'Position' (layout( rgba32f) uniform textureBuffer)
0:?     '@entryPointOutput' ( out 4-component vector of float Position)
0:?     'Index' ( in uint VertexIndex)


Linked vertex stage:


Shader version: 500
0:? Sequence
0:4  Function Definition: FakeEntrypoint(u1; ( temp 4-component vector of float)
0:4    Function Parameters: 
0:4      'Index' ( in uint)
0:?     Sequence
0:5      Branch: Return with expression
0:5        textureFetch ( temp 4-component vector of float)
0:5          'Position' (layout( rgba32f) uniform textureBuffer)
0:5          Convert uint to int ( temp int)
0:5            'Index' ( in uint)
0:9  Function Definition: @RealEntrypoint(u1; ( temp 4-component vector of float)
0:9    Function Parameters: 
0:9      'Index' ( in uint)
0:?     Sequence
0:10      Branch: Return with expression
0:10        Function Call: FakeEntrypoint(u1; ( temp 4-component vector of float)
0:10          'Index' ( in uint)
0:9  Function Definition: RealEntrypoint( ( temp void)
0:9    Function Parameters: 
0:?     Sequence
0:9      move second child to first child ( temp uint)
0:?         'Index' ( temp uint)
0:?         'Index' ( in uint VertexIndex)
0:9      move second child to first child ( temp 4-component vector of float)
0:?         '@entryPointOutput' ( out 4-component vector of float Position)
0:9        Function Call: @RealEntrypoint(u1; ( temp 4-component vector of float)
0:?           'Index' ( temp uint)
0:?   Linker Objects
0:?     'Position' (layout( rgba32f) uniform textureBuffer)
0:?     '@entryPointOutput' ( out 4-component vector of float Position)
0:?     'Index' ( in uint VertexIndex)

// Module Version 10000
// Generated by (magic number): 8000b
// Id's are bound by 41

                              Capability Shader
                              Capability SampledBuffer
            11_1:             ExtInstImport  "GLSL.std.450"
                              MemoryModel Logical GLSL450
                              EntryPoint Vertex 54_1  "RealEntrypoint" 59_2 59_3
                              Source HLSL 500
                              Name 54_1  "RealEntrypoint"
                              Name 54_2  "FakeEntrypoint(u1;"
                              Name 55_1  "Index"
                              Name 54_3  "@RealEntrypoint(u1;"
                              Name 55_2  "Index"
                              Name 59_1  "Position"
                              Name 59_6  "param"
                              Name 59_4  "Index"
                              Name 59_2  "Index"
                              Name 59_3  "@entryPointOutput"
                              Name 59_5  "param"
                              Decorate 59_1(Position) Binding 0
                              Decorate 59_1(Position) DescriptorSet 0
                              Decorate 59_2(Index) BuiltIn VertexIndex
                              Decorate 59_3(@entryPointOutput) BuiltIn Position
            19_1:             TypeVoid
            33_1:             TypeFunction 19_1
            21_1:             TypeInt 32 0
            32_1:             TypePointer Function 21_1(int)
            22_1:             TypeFloat 32
            23_1:             TypeVector 22_1(float) 4
            33_2:             TypeFunction 23_1(fvec4) 32_1(ptr)
            25_1:             TypeImage 22_1(float) Buffer sampled format:Rgba32f
            32_2:             TypePointer UniformConstant 25_1
  59_1(Position):   32_2(ptr) Variable UniformConstant
            21_2:             TypeInt 32 1
            32_3:             TypePointer Input 21_1(int)
     59_2(Index):   32_3(ptr) Variable Input
            32_4:             TypePointer Output 23_1(fvec4)
59_3(@entryPointOutput):   32_4(ptr) Variable Output
54_1(RealEntrypoint):        19_1 Function None 33_1
           248_1:             Label
     59_4(Index):   32_1(ptr) Variable Function
     59_5(param):   32_1(ptr) Variable Function
            61_1:   21_1(int) Load 59_2(Index)
                              Store 59_4(Index) 61_1
            61_2:   21_1(int) Load 59_4(Index)
                              Store 59_5(param) 61_2
            57_1: 23_1(fvec4) FunctionCall 54_3(@RealEntrypoint(u1;) 59_5(param)
                              Store 59_3(@entryPointOutput) 57_1
                              Return
                              FunctionEnd
54_2(FakeEntrypoint(u1;): 23_1(fvec4) Function None 33_2
     55_1(Index):   32_1(ptr) FunctionParameter
           248_2:             Label
            61_3:        25_1 Load 59_1(Position)
            61_4:   21_1(int) Load 55_1(Index)
           124_1:   21_2(int) Bitcast 61_4
            95_1: 23_1(fvec4) ImageFetch 61_3 124_1
                              ReturnValue 95_1
                              FunctionEnd
54_3(@RealEntrypoint(u1;): 23_1(fvec4) Function None 33_2
     55_2(Index):   32_1(ptr) FunctionParameter
           248_3:             Label
     59_6(param):   32_1(ptr) Variable Function
            61_5:   21_1(int) Load 55_2(Index)
                              Store 59_6(param) 61_5
            57_2: 23_1(fvec4) FunctionCall 54_2(FakeEntrypoint(u1;) 59_6(param)
                              ReturnValue 57_2
                              FunctionEnd
