hlsl.earlydepthstencil.frag
Shader version: 500
gl_FragCoord origin is upper left
using early_fragment_tests
0:? Sequence
0:8  Function Definition: @main(struct-InputStruct-vf41; ( temp uint)
0:8    Function Parameters: 
0:8      'input' ( in structure{ temp 4-component vector of float Position})
0:?     Sequence
0:10      move second child to first child ( temp uint)
0:10        'oldVal' ( temp uint)
0:10        imageAtomicExchange ( temp uint)
0:10          'Values' (layout( r32ui) uniform uimage2D)
0:10          Construct uvec2 ( temp 2-component vector of uint)
0:10            Convert float to uint ( temp uint)
0:10              direct index ( temp float)
0:10                Position: direct index for structure ( temp 4-component vector of float)
0:10                  'input' ( in structure{ temp 4-component vector of float Position})
0:10                  Constant:
0:10                    0 (const int)
0:10                Constant:
0:10                  0 (const int)
0:10            Convert float to uint ( temp uint)
0:10              direct index ( temp float)
0:10                Position: direct index for structure ( temp 4-component vector of float)
0:10                  'input' ( in structure{ temp 4-component vector of float Position})
0:10                  Constant:
0:10                    0 (const int)
0:10                Constant:
0:10                  1 (const int)
0:10          Constant:
0:10            1 (const uint)
0:11      Branch: Return with expression
0:11        'oldVal' ( temp uint)
0:8  Function Definition: main( ( temp void)
0:8    Function Parameters: 
0:?     Sequence
0:8      Sequence
0:8        move second child to first child ( temp 4-component vector of float)
0:8          Position: direct index for structure ( temp 4-component vector of float)
0:?             'input' ( temp structure{ temp 4-component vector of float Position})
0:8            Constant:
0:8              0 (const int)
0:?           'input.Position' ( in 4-component vector of float FragCoord)
0:8      move second child to first child ( temp uint)
0:?         '@entryPointOutput' (layout( location=0) out uint)
0:8        Function Call: @main(struct-InputStruct-vf41; ( temp uint)
0:?           'input' ( temp structure{ temp 4-component vector of float Position})
0:?   Linker Objects
0:?     'Values' (layout( r32ui) uniform uimage2D)
0:?     '@entryPointOutput' (layout( location=0) out uint)
0:?     'input.Position' ( in 4-component vector of float FragCoord)


Linked fragment stage:


Shader version: 500
gl_FragCoord origin is upper left
using early_fragment_tests
0:? Sequence
0:8  Function Definition: @main(struct-InputStruct-vf41; ( temp uint)
0:8    Function Parameters: 
0:8      'input' ( in structure{ temp 4-component vector of float Position})
0:?     Sequence
0:10      move second child to first child ( temp uint)
0:10        'oldVal' ( temp uint)
0:10        imageAtomicExchange ( temp uint)
0:10          'Values' (layout( r32ui) uniform uimage2D)
0:10          Construct uvec2 ( temp 2-component vector of uint)
0:10            Convert float to uint ( temp uint)
0:10              direct index ( temp float)
0:10                Position: direct index for structure ( temp 4-component vector of float)
0:10                  'input' ( in structure{ temp 4-component vector of float Position})
0:10                  Constant:
0:10                    0 (const int)
0:10                Constant:
0:10                  0 (const int)
0:10            Convert float to uint ( temp uint)
0:10              direct index ( temp float)
0:10                Position: direct index for structure ( temp 4-component vector of float)
0:10                  'input' ( in structure{ temp 4-component vector of float Position})
0:10                  Constant:
0:10                    0 (const int)
0:10                Constant:
0:10                  1 (const int)
0:10          Constant:
0:10            1 (const uint)
0:11      Branch: Return with expression
0:11        'oldVal' ( temp uint)
0:8  Function Definition: main( ( temp void)
0:8    Function Parameters: 
0:?     Sequence
0:8      Sequence
0:8        move second child to first child ( temp 4-component vector of float)
0:8          Position: direct index for structure ( temp 4-component vector of float)
0:?             'input' ( temp structure{ temp 4-component vector of float Position})
0:8            Constant:
0:8              0 (const int)
0:?           'input.Position' ( in 4-component vector of float FragCoord)
0:8      move second child to first child ( temp uint)
0:?         '@entryPointOutput' (layout( location=0) out uint)
0:8        Function Call: @main(struct-InputStruct-vf41; ( temp uint)
0:?           'input' ( temp structure{ temp 4-component vector of float Position})
0:?   Linker Objects
0:?     'Values' (layout( r32ui) uniform uimage2D)
0:?     '@entryPointOutput' (layout( location=0) out uint)
0:?     'input.Position' ( in 4-component vector of float FragCoord)

// Module Version 10000
// Generated by (magic number): 8000b
// Id's are bound by 50

                              Capability Shader
            11_1:             ExtInstImport  "GLSL.std.450"
                              MemoryModel Logical GLSL450
                              EntryPoint Fragment 54_1  "main" 59_2 59_3
                              ExecutionMode 54_1 OriginUpperLeft
                              ExecutionMode 54_1 EarlyFragmentTests
                              Source HLSL 500
                              Name 54_1  "main"
                              Name 30_1  "InputStruct"
                              MemberName 30_1(InputStruct) 0  "Position"
                              Name 54_2  "@main(struct-InputStruct-vf41;"
                              Name 55_1  "input"
                              Name 59_6  "oldVal"
                              Name 59_1  "Values"
                              Name 59_4  "input"
                              Name 59_2  "input.Position"
                              Name 59_3  "@entryPointOutput"
                              Name 59_5  "param"
                              Decorate 59_1(Values) Binding 0
                              Decorate 59_1(Values) DescriptorSet 0
                              Decorate 59_2(input.Position) BuiltIn FragCoord
                              Decorate 59_3(@entryPointOutput) Location 0
            19_1:             TypeVoid
            33_1:             TypeFunction 19_1
            22_1:             TypeFloat 32
            23_1:             TypeVector 22_1(float) 4
30_1(InputStruct):             TypeStruct 23_1(fvec4)
            32_1:             TypePointer Function 30_1(InputStruct)
            21_1:             TypeInt 32 0
            33_2:             TypeFunction 21_1(int) 32_1(ptr)
            32_2:             TypePointer Function 21_1(int)
            25_1:             TypeImage 21_1(int) 2D nonsampled format:R32ui
            32_3:             TypePointer UniformConstant 25_1
    59_1(Values):   32_3(ptr) Variable UniformConstant
            21_2:             TypeInt 32 1
            43_1:   21_2(int) Constant 0
         uint(0):   21_1(int) Constant 0
            32_4:             TypePointer Function 22_1(float)
         uint(1):   21_1(int) Constant 1
            23_2:             TypeVector 21_1(int) 2
            32_5:             TypePointer Image 21_1(int)
            32_6:             TypePointer Input 23_1(fvec4)
59_2(input.Position):   32_6(ptr) Variable Input
            32_7:             TypePointer Function 23_1(fvec4)
            32_8:             TypePointer Output 21_1(int)
59_3(@entryPointOutput):   32_8(ptr) Variable Output
      54_1(main):        19_1 Function None 33_1
           248_1:             Label
     59_4(input):   32_1(ptr) Variable Function
     59_5(param):   32_1(ptr) Variable Function
            61_1: 23_1(fvec4) Load 59_2(input.Position)
            65_1:   32_7(ptr) AccessChain 59_4(input) 43_1
                              Store 65_1 61_1
            61_2:30_1(InputStruct) Load 59_4(input)
                              Store 59_5(param) 61_2
            57_1:   21_1(int) FunctionCall 54_2(@main(struct-InputStruct-vf41;) 59_5(param)
                              Store 59_3(@entryPointOutput) 57_1
                              Return
                              FunctionEnd
54_2(@main(struct-InputStruct-vf41;):   21_1(int) Function None 33_2
     55_1(input):   32_1(ptr) FunctionParameter
           248_2:             Label
    59_6(oldVal):   32_2(ptr) Variable Function
            65_2:   32_4(ptr) AccessChain 55_1(input) 43_1 uint(0)
            61_3: 22_1(float) Load 65_2
           109_1:   21_1(int) ConvertFToU 61_3
            65_3:   32_4(ptr) AccessChain 55_1(input) 43_1 uint(1)
            61_4: 22_1(float) Load 65_3
           109_2:   21_1(int) ConvertFToU 61_4
            80_1: 23_2(ivec2) CompositeConstruct 109_1 109_2
            60_1:   32_5(ptr) ImageTexelPointer 59_1(Values) 80_1 uint(0)
           229_1:   21_1(int) AtomicExchange 60_1 uint(1) uint(0) uint(1)
                              Store 59_6(oldVal) 229_1
            61_5:   21_1(int) Load 59_6(oldVal)
                              ReturnValue 61_5
                              FunctionEnd
