hlsl.typeGraphCopy.vert
Shader version: 500
0:? Sequence
0:22  Function Definition: @main( ( temp float)
0:22    Function Parameters: 
0:?     Sequence
0:23      Branch: Return with expression
0:23        b: direct index for structure ( temp float)
0:23          s2: direct index for structure ( temp structure{ temp int a,  temp float b})
0:23            t3: direct index for structure ( temp structure{ temp structure{ temp int a,  temp float b} s1,  temp structure{ temp int a,  temp float b} s2})
0:23              foo: direct index for structure ( uniform structure{ temp structure{ temp structure{ temp int a,  temp float b} s1,  temp structure{ temp int a,  temp float b} s2} t1,  temp structure{ temp int a,  temp float b} t2,  temp structure{ temp structure{ temp int a,  temp float b} s1,  temp structure{ temp int a,  temp float b} s2} t3})
0:23                'anon@0' (layout( row_major std140) uniform block{ uniform structure{ temp structure{ temp structure{ temp int a,  temp float b} s1,  temp structure{ temp int a,  temp float b} s2} t1,  temp structure{ temp int a,  temp float b} t2,  temp structure{ temp structure{ temp int a,  temp float b} s1,  temp structure{ temp int a,  temp float b} s2} t3} foo})
0:23                Constant:
0:23                  0 (const uint)
0:23              Constant:
0:23                2 (const int)
0:23            Constant:
0:23              1 (const int)
0:23          Constant:
0:23            1 (const int)
0:22  Function Definition: main( ( temp void)
0:22    Function Parameters: 
0:?     Sequence
0:22      move second child to first child ( temp float)
0:?         '@entryPointOutput' (layout( location=0) out float)
0:22        Function Call: @main( ( temp float)
0:?   Linker Objects
0:?     'anon@0' (layout( row_major std140) uniform block{ uniform structure{ temp structure{ temp structure{ temp int a,  temp float b} s1,  temp structure{ temp int a,  temp float b} s2} t1,  temp structure{ temp int a,  temp float b} t2,  temp structure{ temp structure{ temp int a,  temp float b} s1,  temp structure{ temp int a,  temp float b} s2} t3} foo})
0:?     '@entryPointOutput' (layout( location=0) out float)


Linked vertex stage:


Shader version: 500
0:? Sequence
0:22  Function Definition: @main( ( temp float)
0:22    Function Parameters: 
0:?     Sequence
0:23      Branch: Return with expression
0:23        b: direct index for structure ( temp float)
0:23          s2: direct index for structure ( temp structure{ temp int a,  temp float b})
0:23            t3: direct index for structure ( temp structure{ temp structure{ temp int a,  temp float b} s1,  temp structure{ temp int a,  temp float b} s2})
0:23              foo: direct index for structure ( uniform structure{ temp structure{ temp structure{ temp int a,  temp float b} s1,  temp structure{ temp int a,  temp float b} s2} t1,  temp structure{ temp int a,  temp float b} t2,  temp structure{ temp structure{ temp int a,  temp float b} s1,  temp structure{ temp int a,  temp float b} s2} t3})
0:23                'anon@0' (layout( row_major std140) uniform block{ uniform structure{ temp structure{ temp structure{ temp int a,  temp float b} s1,  temp structure{ temp int a,  temp float b} s2} t1,  temp structure{ temp int a,  temp float b} t2,  temp structure{ temp structure{ temp int a,  temp float b} s1,  temp structure{ temp int a,  temp float b} s2} t3} foo})
0:23                Constant:
0:23                  0 (const uint)
0:23              Constant:
0:23                2 (const int)
0:23            Constant:
0:23              1 (const int)
0:23          Constant:
0:23            1 (const int)
0:22  Function Definition: main( ( temp void)
0:22    Function Parameters: 
0:?     Sequence
0:22      move second child to first child ( temp float)
0:?         '@entryPointOutput' (layout( location=0) out float)
0:22        Function Call: @main( ( temp float)
0:?   Linker Objects
0:?     'anon@0' (layout( row_major std140) uniform block{ uniform structure{ temp structure{ temp structure{ temp int a,  temp float b} s1,  temp structure{ temp int a,  temp float b} s2} t1,  temp structure{ temp int a,  temp float b} t2,  temp structure{ temp structure{ temp int a,  temp float b} s1,  temp structure{ temp int a,  temp float b} s2} t3} foo})
0:?     '@entryPointOutput' (layout( location=0) out float)

// Module Version 10000
// Generated by (magic number): 8000b
// Id's are bound by 28

                              Capability Shader
            11_1:             ExtInstImport  "GLSL.std.450"
                              MemoryModel Logical GLSL450
                              EntryPoint Vertex 54_1  "main" 59_2
                              Source HLSL 500
                              Name 54_1  "main"
                              Name 54_2  "@main("
                              Name 30_1  "N1"
                              MemberName 30_1(N1) 0  "a"
                              MemberName 30_1(N1) 1  "b"
                              Name 30_2  "N2"
                              MemberName 30_2(N2) 0  "s1"
                              MemberName 30_2(N2) 1  "s2"
                              Name 30_3  "N3"
                              MemberName 30_3(N3) 0  "t1"
                              MemberName 30_3(N3) 1  "t2"
                              MemberName 30_3(N3) 2  "t3"
                              Name 30_4  "$Global"
                              MemberName 30_4($Global) 0  "foo"
                              Name 59_1  ""
                              Name 59_2  "@entryPointOutput"
                              MemberDecorate 30_1(N1) 0 Offset 0
                              MemberDecorate 30_1(N1) 1 Offset 4
                              MemberDecorate 30_2(N2) 0 Offset 0
                              MemberDecorate 30_2(N2) 1 Offset 16
                              MemberDecorate 30_3(N3) 0 Offset 0
                              MemberDecorate 30_3(N3) 1 Offset 32
                              MemberDecorate 30_3(N3) 2 Offset 48
                              Decorate 30_4($Global) Block
                              MemberDecorate 30_4($Global) 0 Offset 0
                              Decorate 59_1 Binding 0
                              Decorate 59_1 DescriptorSet 0
                              Decorate 59_2(@entryPointOutput) Location 0
            19_1:             TypeVoid
            33_1:             TypeFunction 19_1
            22_1:             TypeFloat 32
            33_2:             TypeFunction 22_1(float)
            21_1:             TypeInt 32 1
        30_1(N1):             TypeStruct 21_1(int) 22_1(float)
        30_2(N2):             TypeStruct 30_1(N1) 30_1(N1)
        30_3(N3):             TypeStruct 30_2(N2) 30_1(N1) 30_2(N2)
   30_4($Global):             TypeStruct 30_3(N3)
            32_1:             TypePointer Uniform 30_4($Global)
            59_1:   32_1(ptr) Variable Uniform
            43_1:   21_1(int) Constant 0
            43_2:   21_1(int) Constant 2
            43_3:   21_1(int) Constant 1
            32_2:             TypePointer Uniform 22_1(float)
            32_3:             TypePointer Output 22_1(float)
59_2(@entryPointOutput):   32_3(ptr) Variable Output
      54_1(main):        19_1 Function None 33_1
           248_1:             Label
            57_1: 22_1(float) FunctionCall 54_2(@main()
                              Store 59_2(@entryPointOutput) 57_1
                              Return
                              FunctionEnd
    54_2(@main(): 22_1(float) Function None 33_2
           248_2:             Label
            65_1:   32_2(ptr) AccessChain 59_1 43_1 43_2 43_3 43_3
            61_1: 22_1(float) Load 65_1
                              ReturnValue 61_1
                              FunctionEnd
