hlsl.singleArgIntPromo.vert
Shader version: 500
0:? Sequence
0:2  Function Definition: @main( ( temp float)
0:2    Function Parameters: 
0:?     Sequence
0:3      Sequence
0:3        move second child to first child ( temp int)
0:3          'd' ( temp int)
0:3          Constant:
0:3            4 (const int)
0:4      Sequence
0:4        move second child to first child ( temp 2-component vector of int)
0:4          'd2' ( temp 2-component vector of int)
0:4          Construct ivec2 ( temp 2-component vector of int)
0:4            Constant:
0:4              5 (const int)
0:4            'd' ( temp int)
0:5      Sequence
0:5        move second child to first child ( temp float)
0:5          'f1' ( temp float)
0:5          Constant:
0:5            2.321928
0:6      Sequence
0:6        move second child to first child ( temp 2-component vector of float)
0:6          'f2' ( temp 2-component vector of float)
0:6          log ( temp 2-component vector of float)
0:6            Convert int to float ( temp 2-component vector of float)
0:6              'd2' ( temp 2-component vector of int)
0:7      Sequence
0:7        move second child to first child ( temp 3-component vector of float)
0:7          'f3' ( temp 3-component vector of float)
0:7          Constant:
0:7            1.945910
0:7            0.693147
0:7            1.098612
0:8      Sequence
0:8        move second child to first child ( temp 2-component vector of float)
0:8          'f22' ( temp 2-component vector of float)
0:8          Constant:
0:8            0.000000
0:8            0.000000
0:10      Sequence
0:10        move second child to first child ( temp int)
0:10          'a' ( temp int)
0:10          Constant:
0:10            5 (const int)
0:11      Sequence
0:11        move second child to first child ( temp mediump float)
0:11          'b' ( temp mediump float)
0:11          direct index ( temp mediump float)
0:11            unpackHalf2x16 ( temp mediump 2-component vector of float)
0:11              Convert int to uint ( temp mediump uint)
0:11                'a' ( temp mediump int)
0:11            Constant:
0:11              0 (const int)
0:12      multiply second child into first child ( temp mediump float)
0:12        'b' ( temp mediump float)
0:12        'b' ( temp mediump float)
0:13      Sequence
0:13        move second child to first child ( temp uint)
0:13          'c' ( temp uint)
0:13          packHalf2x16 ( temp uint)
0:13            Construct vec2 ( temp 2-component vector of float)
0:13              'b' ( temp mediump float)
0:13              Constant:
0:13                0.000000
0:15      Branch: Return with expression
0:15        add ( temp float)
0:15          add ( temp float)
0:15            add ( temp float)
0:15              add ( temp float)
0:15                'f1' ( temp float)
0:15                direct index ( temp float)
0:15                  'f2' ( temp 2-component vector of float)
0:15                  Constant:
0:15                    0 (const int)
0:15              direct index ( temp float)
0:15                'f3' ( temp 3-component vector of float)
0:15                Constant:
0:15                  2 (const int)
0:15            direct index ( temp float)
0:15              'f22' ( temp 2-component vector of float)
0:15              Constant:
0:15                1 (const int)
0:15          Convert uint to float ( temp float)
0:15            'c' ( temp uint)
0:2  Function Definition: main( ( temp void)
0:2    Function Parameters: 
0:?     Sequence
0:2      move second child to first child ( temp float)
0:?         '@entryPointOutput' (layout( location=0) out float)
0:2        Function Call: @main( ( temp float)
0:?   Linker Objects
0:?     '@entryPointOutput' (layout( location=0) out float)


Linked vertex stage:


Shader version: 500
0:? Sequence
0:2  Function Definition: @main( ( temp float)
0:2    Function Parameters: 
0:?     Sequence
0:3      Sequence
0:3        move second child to first child ( temp int)
0:3          'd' ( temp int)
0:3          Constant:
0:3            4 (const int)
0:4      Sequence
0:4        move second child to first child ( temp 2-component vector of int)
0:4          'd2' ( temp 2-component vector of int)
0:4          Construct ivec2 ( temp 2-component vector of int)
0:4            Constant:
0:4              5 (const int)
0:4            'd' ( temp int)
0:5      Sequence
0:5        move second child to first child ( temp float)
0:5          'f1' ( temp float)
0:5          Constant:
0:5            2.321928
0:6      Sequence
0:6        move second child to first child ( temp 2-component vector of float)
0:6          'f2' ( temp 2-component vector of float)
0:6          log ( temp 2-component vector of float)
0:6            Convert int to float ( temp 2-component vector of float)
0:6              'd2' ( temp 2-component vector of int)
0:7      Sequence
0:7        move second child to first child ( temp 3-component vector of float)
0:7          'f3' ( temp 3-component vector of float)
0:7          Constant:
0:7            1.945910
0:7            0.693147
0:7            1.098612
0:8      Sequence
0:8        move second child to first child ( temp 2-component vector of float)
0:8          'f22' ( temp 2-component vector of float)
0:8          Constant:
0:8            0.000000
0:8            0.000000
0:10      Sequence
0:10        move second child to first child ( temp int)
0:10          'a' ( temp int)
0:10          Constant:
0:10            5 (const int)
0:11      Sequence
0:11        move second child to first child ( temp mediump float)
0:11          'b' ( temp mediump float)
0:11          direct index ( temp mediump float)
0:11            unpackHalf2x16 ( temp mediump 2-component vector of float)
0:11              Convert int to uint ( temp mediump uint)
0:11                'a' ( temp mediump int)
0:11            Constant:
0:11              0 (const int)
0:12      multiply second child into first child ( temp mediump float)
0:12        'b' ( temp mediump float)
0:12        'b' ( temp mediump float)
0:13      Sequence
0:13        move second child to first child ( temp uint)
0:13          'c' ( temp uint)
0:13          packHalf2x16 ( temp uint)
0:13            Construct vec2 ( temp 2-component vector of float)
0:13              'b' ( temp mediump float)
0:13              Constant:
0:13                0.000000
0:15      Branch: Return with expression
0:15        add ( temp float)
0:15          add ( temp float)
0:15            add ( temp float)
0:15              add ( temp float)
0:15                'f1' ( temp float)
0:15                direct index ( temp float)
0:15                  'f2' ( temp 2-component vector of float)
0:15                  Constant:
0:15                    0 (const int)
0:15              direct index ( temp float)
0:15                'f3' ( temp 3-component vector of float)
0:15                Constant:
0:15                  2 (const int)
0:15            direct index ( temp float)
0:15              'f22' ( temp 2-component vector of float)
0:15              Constant:
0:15                1 (const int)
0:15          Convert uint to float ( temp float)
0:15            'c' ( temp uint)
0:2  Function Definition: main( ( temp void)
0:2    Function Parameters: 
0:?     Sequence
0:2      move second child to first child ( temp float)
0:?         '@entryPointOutput' (layout( location=0) out float)
0:2        Function Call: @main( ( temp float)
0:?   Linker Objects
0:?     '@entryPointOutput' (layout( location=0) out float)

// Module Version 10000
// Generated by (magic number): 8000b
// Id's are bound by 75

                              Capability Shader
            11_1:             ExtInstImport  "GLSL.std.450"
                              MemoryModel Logical GLSL450
                              EntryPoint Vertex 54_1  "main" 59_1
                              Source HLSL 500
                              Name 54_1  "main"
                              Name 54_2  "@main("
                              Name 59_2  "d"
                              Name 59_3  "d2"
                              Name 59_4  "f1"
                              Name 59_5  "f2"
                              Name 59_6  "f3"
                              Name 59_7  "f22"
                              Name 59_8  "a"
                              Name 59_9  "b"
                              Name 59_10  "c"
                              Name 59_1  "@entryPointOutput"
                              Decorate 59_9(b) RelaxedPrecision
                              Decorate 61_3 RelaxedPrecision
                              Decorate 124_1 RelaxedPrecision
                              Decorate 1-62_1 RelaxedPrecision
                              Decorate 81_1 RelaxedPrecision
                              Decorate 61_4 RelaxedPrecision
                              Decorate 61_5 RelaxedPrecision
                              Decorate 133_1 RelaxedPrecision
                              Decorate 61_6 RelaxedPrecision
                              Decorate 59_1(@entryPointOutput) Location 0
            19_1:             TypeVoid
            33_1:             TypeFunction 19_1
            22_1:             TypeFloat 32
            33_2:             TypeFunction 22_1(float)
            21_1:             TypeInt 32 1
            32_1:             TypePointer Function 21_1(int)
            43_1:   21_1(int) Constant 4
            23_1:             TypeVector 21_1(int) 2
            32_2:             TypePointer Function 23_1(ivec2)
            43_2:   21_1(int) Constant 5
            32_3:             TypePointer Function 22_1(float)
            43_3: 22_1(float) Constant 1075092088
            23_2:             TypeVector 22_1(float) 2
            32_4:             TypePointer Function 23_2(fvec2)
            23_3:             TypeVector 22_1(float) 3
            32_5:             TypePointer Function 23_3(fvec3)
            43_4: 22_1(float) Constant 1073288085
            43_5: 22_1(float) Constant 1060205080
            43_6: 22_1(float) Constant 1066180436
            44_1: 23_3(fvec3) ConstantComposite 43_4 43_5 43_6
            43_7: 22_1(float) Constant 0
            44_2: 23_2(fvec2) ConstantComposite 43_7 43_7
            21_2:             TypeInt 32 0
         uint(0):   21_2(int) Constant 0
            32_6:             TypePointer Function 21_2(int)
         uint(2):   21_2(int) Constant 2
         uint(1):   21_2(int) Constant 1
            32_7:             TypePointer Output 22_1(float)
59_1(@entryPointOutput):   32_7(ptr) Variable Output
      54_1(main):        19_1 Function None 33_1
           248_1:             Label
            57_1: 22_1(float) FunctionCall 54_2(@main()
                              Store 59_1(@entryPointOutput) 57_1
                              Return
                              FunctionEnd
    54_2(@main(): 22_1(float) Function None 33_2
           248_2:             Label
         59_2(d):   32_1(ptr) Variable Function
        59_3(d2):   32_2(ptr) Variable Function
        59_4(f1):   32_3(ptr) Variable Function
        59_5(f2):   32_4(ptr) Variable Function
        59_6(f3):   32_5(ptr) Variable Function
       59_7(f22):   32_4(ptr) Variable Function
         59_8(a):   32_1(ptr) Variable Function
         59_9(b):   32_3(ptr) Variable Function
        59_10(c):   32_6(ptr) Variable Function
                              Store 59_2(d) 43_1
            61_1:   21_1(int) Load 59_2(d)
            80_1: 23_1(ivec2) CompositeConstruct 43_2 61_1
                              Store 59_3(d2) 80_1
                              Store 59_4(f1) 43_3
            61_2: 23_1(ivec2) Load 59_3(d2)
           111_1: 23_2(fvec2) ConvertSToF 61_2
          1-28_1: 23_2(fvec2) ExtInst 11_1(GLSL.std.450) 28(Log) 111_1
                              Store 59_5(f2) 1-28_1
                              Store 59_6(f3) 44_1
                              Store 59_7(f22) 44_2
                              Store 59_8(a) 43_2
            61_3:   21_1(int) Load 59_8(a)
           124_1:   21_2(int) Bitcast 61_3
          1-62_1: 23_2(fvec2) ExtInst 11_1(GLSL.std.450) 62(UnpackHalf2x16) 124_1
            81_1: 22_1(float) CompositeExtract 1-62_1 0
                              Store 59_9(b) 81_1
            61_4: 22_1(float) Load 59_9(b)
            61_5: 22_1(float) Load 59_9(b)
           133_1: 22_1(float) FMul 61_5 61_4
                              Store 59_9(b) 133_1
            61_6: 22_1(float) Load 59_9(b)
            80_2: 23_2(fvec2) CompositeConstruct 61_6 43_7
          1-58_1:   21_2(int) ExtInst 11_1(GLSL.std.450) 58(PackHalf2x16) 80_2
                              Store 59_10(c) 1-58_1
            61_7: 22_1(float) Load 59_4(f1)
            65_1:   32_3(ptr) AccessChain 59_5(f2) uint(0)
            61_8: 22_1(float) Load 65_1
           129_1: 22_1(float) FAdd 61_7 61_8
            65_2:   32_3(ptr) AccessChain 59_6(f3) uint(2)
            61_9: 22_1(float) Load 65_2
           129_2: 22_1(float) FAdd 129_1 61_9
            65_3:   32_3(ptr) AccessChain 59_7(f22) uint(1)
           61_10: 22_1(float) Load 65_3
           129_3: 22_1(float) FAdd 129_2 61_10
           61_11:   21_2(int) Load 59_10(c)
           112_1: 22_1(float) ConvertUToF 61_11
           129_4: 22_1(float) FAdd 129_3 112_1
                              ReturnValue 129_4
                              FunctionEnd
