hlsl.shapeConvRet.frag
Shader version: 500
gl_FragCoord origin is upper left
0:? Sequence
0:2  Function Definition: foo( ( temp 3-component vector of int)
0:2    Function Parameters: 
0:?     Sequence
0:3      Branch: Return with expression
0:3        Constant:
0:3          13 (const int)
0:3          13 (const int)
0:3          13 (const int)
0:7  Function Definition: @main(f1; ( temp 4-component vector of float)
0:7    Function Parameters: 
0:7      'f' ( in float)
0:?     Sequence
0:8      Branch: Return with expression
0:8        Construct vec4 ( temp 4-component vector of float)
0:8          'f' ( in float)
0:7  Function Definition: main( ( temp void)
0:7    Function Parameters: 
0:?     Sequence
0:7      move second child to first child ( temp float)
0:?         'f' ( temp float)
0:?         'f' (layout( location=0) in float)
0:7      move second child to first child ( temp 4-component vector of float)
0:?         '@entryPointOutput' (layout( location=0) out 4-component vector of float)
0:7        Function Call: @main(f1; ( temp 4-component vector of float)
0:?           'f' ( temp float)
0:?   Linker Objects
0:?     '@entryPointOutput' (layout( location=0) out 4-component vector of float)
0:?     'f' (layout( location=0) in float)


Linked fragment stage:


Shader version: 500
gl_FragCoord origin is upper left
0:? Sequence
0:2  Function Definition: foo( ( temp 3-component vector of int)
0:2    Function Parameters: 
0:?     Sequence
0:3      Branch: Return with expression
0:3        Constant:
0:3          13 (const int)
0:3          13 (const int)
0:3          13 (const int)
0:7  Function Definition: @main(f1; ( temp 4-component vector of float)
0:7    Function Parameters: 
0:7      'f' ( in float)
0:?     Sequence
0:8      Branch: Return with expression
0:8        Construct vec4 ( temp 4-component vector of float)
0:8          'f' ( in float)
0:7  Function Definition: main( ( temp void)
0:7    Function Parameters: 
0:?     Sequence
0:7      move second child to first child ( temp float)
0:?         'f' ( temp float)
0:?         'f' (layout( location=0) in float)
0:7      move second child to first child ( temp 4-component vector of float)
0:?         '@entryPointOutput' (layout( location=0) out 4-component vector of float)
0:7        Function Call: @main(f1; ( temp 4-component vector of float)
0:?           'f' ( temp float)
0:?   Linker Objects
0:?     '@entryPointOutput' (layout( location=0) out 4-component vector of float)
0:?     'f' (layout( location=0) in float)

// Module Version 10000
// Generated by (magic number): 8000b
// Id's are bound by 35

                              Capability Shader
            11_1:             ExtInstImport  "GLSL.std.450"
                              MemoryModel Logical GLSL450
                              EntryPoint Fragment 54_1  "main" 59_1 59_2
                              ExecutionMode 54_1 OriginUpperLeft
                              Source HLSL 500
                              Name 54_1  "main"
                              Name 54_2  "foo("
                              Name 54_3  "@main(f1;"
                              Name 55_1  "f"
                              Name 59_3  "f"
                              Name 59_1  "f"
                              Name 59_2  "@entryPointOutput"
                              Name 59_4  "param"
                              Decorate 59_1(f) Location 0
                              Decorate 59_2(@entryPointOutput) Location 0
            19_1:             TypeVoid
            33_1:             TypeFunction 19_1
            21_1:             TypeInt 32 1
            23_1:             TypeVector 21_1(int) 3
            33_2:             TypeFunction 23_1(ivec3)
            22_1:             TypeFloat 32
            32_1:             TypePointer Function 22_1(float)
            23_2:             TypeVector 22_1(float) 4
            33_3:             TypeFunction 23_2(fvec4) 32_1(ptr)
            43_1:   21_1(int) Constant 13
            44_1: 23_1(ivec3) ConstantComposite 43_1 43_1 43_1
            32_2:             TypePointer Input 22_1(float)
         59_1(f):   32_2(ptr) Variable Input
            32_3:             TypePointer Output 23_2(fvec4)
59_2(@entryPointOutput):   32_3(ptr) Variable Output
      54_1(main):        19_1 Function None 33_1
           248_1:             Label
         59_3(f):   32_1(ptr) Variable Function
     59_4(param):   32_1(ptr) Variable Function
            61_1: 22_1(float) Load 59_1(f)
                              Store 59_3(f) 61_1
            61_2: 22_1(float) Load 59_3(f)
                              Store 59_4(param) 61_2
            57_1: 23_2(fvec4) FunctionCall 54_3(@main(f1;) 59_4(param)
                              Store 59_2(@entryPointOutput) 57_1
                              Return
                              FunctionEnd
      54_2(foo(): 23_1(ivec3) Function None 33_2
           248_2:             Label
                              ReturnValue 44_1
                              FunctionEnd
 54_3(@main(f1;): 23_2(fvec4) Function None 33_3
         55_1(f):   32_1(ptr) FunctionParameter
           248_3:             Label
            61_3: 22_1(float) Load 55_1(f)
            80_1: 23_2(fvec4) CompositeConstruct 61_3 61_3 61_3 61_3
                              ReturnValue 80_1
                              FunctionEnd
