hlsl.spv.1.6.discard.frag
Shader version: 500
gl_FragCoord origin is upper left
0:? Sequence
0:2  Function Definition: foo(f1; ( temp void)
0:2    Function Parameters: 
0:2      'f' ( in float)
0:?     Sequence
0:3      Test condition and select ( temp void)
0:3        Condition
0:3        Compare Less Than ( temp bool)
0:3          'f' ( in float)
0:3          Constant:
0:3            1.000000
0:3        true case
0:4        Branch: Kill
0:8  Function Definition: @PixelShaderFunction(vf4; ( temp void)
0:8    Function Parameters: 
0:8      'input' ( in 4-component vector of float)
0:?     Sequence
0:9      Function Call: foo(f1; ( temp void)
0:9        direct index ( temp float)
0:9          'input' ( in 4-component vector of float)
0:9          Constant:
0:9            2 (const int)
0:10      Test condition and select ( temp void)
0:10        Condition
0:10        Convert float to bool ( temp bool)
0:10          direct index ( temp float)
0:10            'input' ( in 4-component vector of float)
0:10            Constant:
0:10              0 (const int)
0:10        true case
0:11        Branch: Kill
0:12      Sequence
0:12        move second child to first child ( temp float)
0:12          'f' ( temp float)
0:12          direct index ( temp float)
0:12            'input' ( in 4-component vector of float)
0:12            Constant:
0:12              0 (const int)
0:13      Branch: Kill
0:8  Function Definition: PixelShaderFunction( ( temp void)
0:8    Function Parameters: 
0:?     Sequence
0:8      move second child to first child ( temp 4-component vector of float)
0:?         'input' ( temp 4-component vector of float)
0:?         'input' (layout( location=0) in 4-component vector of float)
0:8      Function Call: @PixelShaderFunction(vf4; ( temp void)
0:?         'input' ( temp 4-component vector of float)
0:?   Linker Objects
0:?     'input' (layout( location=0) in 4-component vector of float)


Linked fragment stage:


Shader version: 500
gl_FragCoord origin is upper left
0:? Sequence
0:2  Function Definition: foo(f1; ( temp void)
0:2    Function Parameters: 
0:2      'f' ( in float)
0:?     Sequence
0:3      Test condition and select ( temp void)
0:3        Condition
0:3        Compare Less Than ( temp bool)
0:3          'f' ( in float)
0:3          Constant:
0:3            1.000000
0:3        true case
0:4        Branch: Kill
0:8  Function Definition: @PixelShaderFunction(vf4; ( temp void)
0:8    Function Parameters: 
0:8      'input' ( in 4-component vector of float)
0:?     Sequence
0:9      Function Call: foo(f1; ( temp void)
0:9        direct index ( temp float)
0:9          'input' ( in 4-component vector of float)
0:9          Constant:
0:9            2 (const int)
0:10      Test condition and select ( temp void)
0:10        Condition
0:10        Convert float to bool ( temp bool)
0:10          direct index ( temp float)
0:10            'input' ( in 4-component vector of float)
0:10            Constant:
0:10              0 (const int)
0:10        true case
0:11        Branch: Kill
0:12      Sequence
0:12        move second child to first child ( temp float)
0:12          'f' ( temp float)
0:12          direct index ( temp float)
0:12            'input' ( in 4-component vector of float)
0:12            Constant:
0:12              0 (const int)
0:13      Branch: Kill
0:8  Function Definition: PixelShaderFunction( ( temp void)
0:8    Function Parameters: 
0:?     Sequence
0:8      move second child to first child ( temp 4-component vector of float)
0:?         'input' ( temp 4-component vector of float)
0:?         'input' (layout( location=0) in 4-component vector of float)
0:8      Function Call: @PixelShaderFunction(vf4; ( temp void)
0:?         'input' ( temp 4-component vector of float)
0:?   Linker Objects
0:?     'input' (layout( location=0) in 4-component vector of float)

// Module Version 10600
// Generated by (magic number): 8000b
// Id's are bound by 47

                              Capability Shader
                              Capability DemoteToHelperInvocationEXT
            11_1:             ExtInstImport  "GLSL.std.450"
                              MemoryModel Logical GLSL450
                              EntryPoint Fragment 54_1  "PixelShaderFunction" 59_1
                              ExecutionMode 54_1 OriginUpperLeft
                              Source HLSL 500
                              Name 54_1  "PixelShaderFunction"
                              Name 54_2  "foo(f1;"
                              Name 55_1  "f"
                              Name 54_3  "@PixelShaderFunction(vf4;"
                              Name 55_2  "input"
                              Name 59_4  "param"
                              Name 59_5  "f"
                              Name 59_2  "input"
                              Name 59_1  "input"
                              Name 59_3  "param"
                              Decorate 59_1(input) Location 0
            19_1:             TypeVoid
            33_1:             TypeFunction 19_1
            22_1:             TypeFloat 32
            32_1:             TypePointer Function 22_1(float)
            33_2:             TypeFunction 19_1 32_1(ptr)
            23_1:             TypeVector 22_1(float) 4
            32_2:             TypePointer Function 23_1(fvec4)
            33_3:             TypeFunction 19_1 32_2(ptr)
            43_1: 22_1(float) Constant 1065353216
            20_1:             TypeBool
            21_1:             TypeInt 32 0
         uint(2):   21_1(int) Constant 2
         uint(0):   21_1(int) Constant 0
            43_2: 22_1(float) Constant 0
            32_3:             TypePointer Input 23_1(fvec4)
     59_1(input):   32_3(ptr) Variable Input
54_1(PixelShaderFunction):        19_1 Function None 33_1
           248_1:             Label
     59_2(input):   32_2(ptr) Variable Function
     59_3(param):   32_2(ptr) Variable Function
            61_1: 23_1(fvec4) Load 59_1(input)
                              Store 59_2(input) 61_1
            61_2: 23_1(fvec4) Load 59_2(input)
                              Store 59_3(param) 61_2
            57_1:        19_1 FunctionCall 54_3(@PixelShaderFunction(vf4;) 59_3(param)
                              Return
                              FunctionEnd
   54_2(foo(f1;):        19_1 Function None 33_2
         55_1(f):   32_1(ptr) FunctionParameter
           248_2:             Label
            61_3: 22_1(float) Load 55_1(f)
           184_1:  20_1(bool) FOrdLessThan 61_3 43_1
                              SelectionMerge 248_4 None
                              BranchConditional 184_1 248_3 248_4
           248_3:               Label
                                DemoteToHelperInvocationEXT
                                Branch 248_4
           248_4:             Label
                              Return
                              FunctionEnd
54_3(@PixelShaderFunction(vf4;):        19_1 Function None 33_3
     55_2(input):   32_2(ptr) FunctionParameter
           248_5:             Label
     59_4(param):   32_1(ptr) Variable Function
         59_5(f):   32_1(ptr) Variable Function
            65_1:   32_1(ptr) AccessChain 55_2(input) uint(2)
            61_4: 22_1(float) Load 65_1
                              Store 59_4(param) 61_4
            57_2:        19_1 FunctionCall 54_2(foo(f1;) 59_4(param)
            65_2:   32_1(ptr) AccessChain 55_2(input) uint(0)
            61_5: 22_1(float) Load 65_2
           183_1:  20_1(bool) FUnordNotEqual 61_5 43_2
                              SelectionMerge 248_7 None
                              BranchConditional 183_1 248_6 248_7
           248_6:               Label
                                DemoteToHelperInvocationEXT
                                Branch 248_7
           248_7:             Label
            65_3:   32_1(ptr) AccessChain 55_2(input) uint(0)
            61_6: 22_1(float) Load 65_3
                              Store 59_5(f) 61_6
                              DemoteToHelperInvocationEXT
                              Return
                              FunctionEnd
