hlsl.entry-out.frag
Shader version: 500
gl_FragCoord origin is upper left
0:? Sequence
0:7  Function Definition: fun(struct-OutParam-vf2-vi21; ( temp void)
0:7    Function Parameters: 
0:7      'op' ( out structure{ temp 2-component vector of float v,  temp 2-component vector of int i})
0:?     Sequence
0:8      move second child to first child ( temp 2-component vector of float)
0:8        v: direct index for structure ( temp 2-component vector of float)
0:8          'op' ( out structure{ temp 2-component vector of float v,  temp 2-component vector of int i})
0:8          Constant:
0:8            0 (const int)
0:8        Constant:
0:8          0.400000
0:8          0.400000
0:9      move second child to first child ( temp 2-component vector of int)
0:9        i: direct index for structure ( temp 2-component vector of int)
0:9          'op' ( out structure{ temp 2-component vector of float v,  temp 2-component vector of int i})
0:9          Constant:
0:9            1 (const int)
0:9        Constant:
0:9          7 (const int)
0:9          7 (const int)
0:13  Function Definition: @PixelShaderFunction(vf4;vf4;struct-OutParam-vf2-vi21;struct-OutParam-vf2-vi21; ( temp 4-component vector of float)
0:13    Function Parameters: 
0:13      'input' ( in 4-component vector of float)
0:13      'out1' ( out 4-component vector of float)
0:13      'out2' ( out structure{ temp 2-component vector of float v,  temp 2-component vector of int i})
0:13      'out3' ( out structure{ temp 2-component vector of float v,  temp 2-component vector of int i})
0:?     Sequence
0:14      move second child to first child ( temp 4-component vector of float)
0:14        'out1' ( out 4-component vector of float)
0:14        'input' ( in 4-component vector of float)
0:15      move second child to first child ( temp 2-component vector of float)
0:15        v: direct index for structure ( temp 2-component vector of float)
0:15          'out2' ( out structure{ temp 2-component vector of float v,  temp 2-component vector of int i})
0:15          Constant:
0:15            0 (const int)
0:15        Constant:
0:15          2.000000
0:15          2.000000
0:16      move second child to first child ( temp 2-component vector of int)
0:16        i: direct index for structure ( temp 2-component vector of int)
0:16          'out2' ( out structure{ temp 2-component vector of float v,  temp 2-component vector of int i})
0:16          Constant:
0:16            1 (const int)
0:16        Constant:
0:16          3 (const int)
0:16          3 (const int)
0:18      move second child to first child ( temp 2-component vector of float)
0:18        v: direct index for structure ( temp 2-component vector of float)
0:18          'local' ( temp structure{ temp 2-component vector of float v,  temp 2-component vector of int i})
0:18          Constant:
0:18            0 (const int)
0:18        Constant:
0:18          12.000000
0:18          12.000000
0:19      move second child to first child ( temp 2-component vector of int)
0:19        i: direct index for structure ( temp 2-component vector of int)
0:19          'local' ( temp structure{ temp 2-component vector of float v,  temp 2-component vector of int i})
0:19          Constant:
0:19            1 (const int)
0:19        Constant:
0:19          13 (const int)
0:19          13 (const int)
0:20      Function Call: fun(struct-OutParam-vf2-vi21; ( temp void)
0:20        'out3' ( out structure{ temp 2-component vector of float v,  temp 2-component vector of int i})
0:22      Branch: Return with expression
0:22        'out1' ( out 4-component vector of float)
0:13  Function Definition: PixelShaderFunction( ( temp void)
0:13    Function Parameters: 
0:?     Sequence
0:13      move second child to first child ( temp 4-component vector of float)
0:?         'input' ( temp 4-component vector of float)
0:?         'input' (layout( location=0) in 4-component vector of float)
0:13      move second child to first child ( temp 4-component vector of float)
0:?         '@entryPointOutput' (layout( location=0) out 4-component vector of float)
0:13        Function Call: @PixelShaderFunction(vf4;vf4;struct-OutParam-vf2-vi21;struct-OutParam-vf2-vi21; ( temp 4-component vector of float)
0:?           'input' ( temp 4-component vector of float)
0:?           'out1' ( temp 4-component vector of float)
0:?           'out2' ( temp structure{ temp 2-component vector of float v,  temp 2-component vector of int i})
0:?           'out3' ( temp structure{ temp 2-component vector of float v,  temp 2-component vector of int i})
0:13      move second child to first child ( temp 4-component vector of float)
0:?         'out1' (layout( location=1) out 4-component vector of float)
0:?         'out1' ( temp 4-component vector of float)
0:13      Sequence
0:13        move second child to first child ( temp 2-component vector of float)
0:?           'out2.v' (layout( location=2) out 2-component vector of float)
0:13          v: direct index for structure ( temp 2-component vector of float)
0:?             'out2' ( temp structure{ temp 2-component vector of float v,  temp 2-component vector of int i})
0:13            Constant:
0:13              0 (const int)
0:13        move second child to first child ( temp 2-component vector of int)
0:?           'out2.i' (layout( location=3) out 2-component vector of int)
0:13          i: direct index for structure ( temp 2-component vector of int)
0:?             'out2' ( temp structure{ temp 2-component vector of float v,  temp 2-component vector of int i})
0:13            Constant:
0:13              1 (const int)
0:13      Sequence
0:13        move second child to first child ( temp 2-component vector of float)
0:?           'out3.v' (layout( location=4) out 2-component vector of float)
0:13          v: direct index for structure ( temp 2-component vector of float)
0:?             'out3' ( temp structure{ temp 2-component vector of float v,  temp 2-component vector of int i})
0:13            Constant:
0:13              0 (const int)
0:13        move second child to first child ( temp 2-component vector of int)
0:?           'out3.i' (layout( location=5) out 2-component vector of int)
0:13          i: direct index for structure ( temp 2-component vector of int)
0:?             'out3' ( temp structure{ temp 2-component vector of float v,  temp 2-component vector of int i})
0:13            Constant:
0:13              1 (const int)
0:?   Linker Objects
0:?     '@entryPointOutput' (layout( location=0) out 4-component vector of float)
0:?     'input' (layout( location=0) in 4-component vector of float)
0:?     'out1' (layout( location=1) out 4-component vector of float)
0:?     'out2.v' (layout( location=2) out 2-component vector of float)
0:?     'out2.i' (layout( location=3) out 2-component vector of int)
0:?     'out3.v' (layout( location=4) out 2-component vector of float)
0:?     'out3.i' (layout( location=5) out 2-component vector of int)


Linked fragment stage:


Shader version: 500
gl_FragCoord origin is upper left
0:? Sequence
0:7  Function Definition: fun(struct-OutParam-vf2-vi21; ( temp void)
0:7    Function Parameters: 
0:7      'op' ( out structure{ temp 2-component vector of float v,  temp 2-component vector of int i})
0:?     Sequence
0:8      move second child to first child ( temp 2-component vector of float)
0:8        v: direct index for structure ( temp 2-component vector of float)
0:8          'op' ( out structure{ temp 2-component vector of float v,  temp 2-component vector of int i})
0:8          Constant:
0:8            0 (const int)
0:8        Constant:
0:8          0.400000
0:8          0.400000
0:9      move second child to first child ( temp 2-component vector of int)
0:9        i: direct index for structure ( temp 2-component vector of int)
0:9          'op' ( out structure{ temp 2-component vector of float v,  temp 2-component vector of int i})
0:9          Constant:
0:9            1 (const int)
0:9        Constant:
0:9          7 (const int)
0:9          7 (const int)
0:13  Function Definition: @PixelShaderFunction(vf4;vf4;struct-OutParam-vf2-vi21;struct-OutParam-vf2-vi21; ( temp 4-component vector of float)
0:13    Function Parameters: 
0:13      'input' ( in 4-component vector of float)
0:13      'out1' ( out 4-component vector of float)
0:13      'out2' ( out structure{ temp 2-component vector of float v,  temp 2-component vector of int i})
0:13      'out3' ( out structure{ temp 2-component vector of float v,  temp 2-component vector of int i})
0:?     Sequence
0:14      move second child to first child ( temp 4-component vector of float)
0:14        'out1' ( out 4-component vector of float)
0:14        'input' ( in 4-component vector of float)
0:15      move second child to first child ( temp 2-component vector of float)
0:15        v: direct index for structure ( temp 2-component vector of float)
0:15          'out2' ( out structure{ temp 2-component vector of float v,  temp 2-component vector of int i})
0:15          Constant:
0:15            0 (const int)
0:15        Constant:
0:15          2.000000
0:15          2.000000
0:16      move second child to first child ( temp 2-component vector of int)
0:16        i: direct index for structure ( temp 2-component vector of int)
0:16          'out2' ( out structure{ temp 2-component vector of float v,  temp 2-component vector of int i})
0:16          Constant:
0:16            1 (const int)
0:16        Constant:
0:16          3 (const int)
0:16          3 (const int)
0:18      move second child to first child ( temp 2-component vector of float)
0:18        v: direct index for structure ( temp 2-component vector of float)
0:18          'local' ( temp structure{ temp 2-component vector of float v,  temp 2-component vector of int i})
0:18          Constant:
0:18            0 (const int)
0:18        Constant:
0:18          12.000000
0:18          12.000000
0:19      move second child to first child ( temp 2-component vector of int)
0:19        i: direct index for structure ( temp 2-component vector of int)
0:19          'local' ( temp structure{ temp 2-component vector of float v,  temp 2-component vector of int i})
0:19          Constant:
0:19            1 (const int)
0:19        Constant:
0:19          13 (const int)
0:19          13 (const int)
0:20      Function Call: fun(struct-OutParam-vf2-vi21; ( temp void)
0:20        'out3' ( out structure{ temp 2-component vector of float v,  temp 2-component vector of int i})
0:22      Branch: Return with expression
0:22        'out1' ( out 4-component vector of float)
0:13  Function Definition: PixelShaderFunction( ( temp void)
0:13    Function Parameters: 
0:?     Sequence
0:13      move second child to first child ( temp 4-component vector of float)
0:?         'input' ( temp 4-component vector of float)
0:?         'input' (layout( location=0) in 4-component vector of float)
0:13      move second child to first child ( temp 4-component vector of float)
0:?         '@entryPointOutput' (layout( location=0) out 4-component vector of float)
0:13        Function Call: @PixelShaderFunction(vf4;vf4;struct-OutParam-vf2-vi21;struct-OutParam-vf2-vi21; ( temp 4-component vector of float)
0:?           'input' ( temp 4-component vector of float)
0:?           'out1' ( temp 4-component vector of float)
0:?           'out2' ( temp structure{ temp 2-component vector of float v,  temp 2-component vector of int i})
0:?           'out3' ( temp structure{ temp 2-component vector of float v,  temp 2-component vector of int i})
0:13      move second child to first child ( temp 4-component vector of float)
0:?         'out1' (layout( location=1) out 4-component vector of float)
0:?         'out1' ( temp 4-component vector of float)
0:13      Sequence
0:13        move second child to first child ( temp 2-component vector of float)
0:?           'out2.v' (layout( location=2) out 2-component vector of float)
0:13          v: direct index for structure ( temp 2-component vector of float)
0:?             'out2' ( temp structure{ temp 2-component vector of float v,  temp 2-component vector of int i})
0:13            Constant:
0:13              0 (const int)
0:13        move second child to first child ( temp 2-component vector of int)
0:?           'out2.i' (layout( location=3) out 2-component vector of int)
0:13          i: direct index for structure ( temp 2-component vector of int)
0:?             'out2' ( temp structure{ temp 2-component vector of float v,  temp 2-component vector of int i})
0:13            Constant:
0:13              1 (const int)
0:13      Sequence
0:13        move second child to first child ( temp 2-component vector of float)
0:?           'out3.v' (layout( location=4) out 2-component vector of float)
0:13          v: direct index for structure ( temp 2-component vector of float)
0:?             'out3' ( temp structure{ temp 2-component vector of float v,  temp 2-component vector of int i})
0:13            Constant:
0:13              0 (const int)
0:13        move second child to first child ( temp 2-component vector of int)
0:?           'out3.i' (layout( location=5) out 2-component vector of int)
0:13          i: direct index for structure ( temp 2-component vector of int)
0:?             'out3' ( temp structure{ temp 2-component vector of float v,  temp 2-component vector of int i})
0:13            Constant:
0:13              1 (const int)
0:?   Linker Objects
0:?     '@entryPointOutput' (layout( location=0) out 4-component vector of float)
0:?     'input' (layout( location=0) in 4-component vector of float)
0:?     'out1' (layout( location=1) out 4-component vector of float)
0:?     'out2.v' (layout( location=2) out 2-component vector of float)
0:?     'out2.i' (layout( location=3) out 2-component vector of int)
0:?     'out3.v' (layout( location=4) out 2-component vector of float)
0:?     'out3.i' (layout( location=5) out 2-component vector of int)

// Module Version 10000
// Generated by (magic number): 8000b
// Id's are bound by 89

                              Capability Shader
            11_1:             ExtInstImport  "GLSL.std.450"
                              MemoryModel Logical GLSL450
                              EntryPoint Fragment 54_1  "PixelShaderFunction" 59_1 59_2 59_3 59_4 59_5 59_6 59_7
                              ExecutionMode 54_1 OriginUpperLeft
                              Source HLSL 500
                              Name 54_1  "PixelShaderFunction"
                              Name 30_1  "OutParam"
                              MemberName 30_1(OutParam) 0  "v"
                              MemberName 30_1(OutParam) 1  "i"
                              Name 54_2  "fun(struct-OutParam-vf2-vi21;"
                              Name 55_1  "op"
                              Name 54_3  "@PixelShaderFunction(vf4;vf4;struct-OutParam-vf2-vi21;struct-OutParam-vf2-vi21;"
                              Name 55_2  "input"
                              Name 55_3  "out1"
                              Name 55_4  "out2"
                              Name 55_5  "out3"
                              Name 59_16  "local"
                              Name 59_17  "param"
                              Name 59_8  "input"
                              Name 59_1  "input"
                              Name 59_2  "@entryPointOutput"
                              Name 59_9  "out1"
                              Name 59_10  "out2"
                              Name 59_11  "out3"
                              Name 59_12  "param"
                              Name 59_13  "param"
                              Name 59_14  "param"
                              Name 59_15  "param"
                              Name 59_3  "out1"
                              Name 59_4  "out2.v"
                              Name 59_5  "out2.i"
                              Name 59_6  "out3.v"
                              Name 59_7  "out3.i"
                              Decorate 59_1(input) Location 0
                              Decorate 59_2(@entryPointOutput) Location 0
                              Decorate 59_3(out1) Location 1
                              Decorate 59_4(out2.v) Location 2
                              Decorate 59_5(out2.i) Location 3
                              Decorate 59_6(out3.v) Location 4
                              Decorate 59_7(out3.i) Location 5
            19_1:             TypeVoid
            33_1:             TypeFunction 19_1
            22_1:             TypeFloat 32
            23_1:             TypeVector 22_1(float) 2
            21_1:             TypeInt 32 1
            23_2:             TypeVector 21_1(int) 2
  30_1(OutParam):             TypeStruct 23_1(fvec2) 23_2(ivec2)
            32_1:             TypePointer Function 30_1(OutParam)
            33_2:             TypeFunction 19_1 32_1(ptr)
            23_3:             TypeVector 22_1(float) 4
            32_2:             TypePointer Function 23_3(fvec4)
            33_3:             TypeFunction 23_3(fvec4) 32_2(ptr) 32_2(ptr) 32_1(ptr) 32_1(ptr)
            43_1:   21_1(int) Constant 0
            43_2: 22_1(float) Constant 1053609165
            44_1: 23_1(fvec2) ConstantComposite 43_2 43_2
            32_3:             TypePointer Function 23_1(fvec2)
            43_3:   21_1(int) Constant 1
            43_4:   21_1(int) Constant 7
            44_2: 23_2(ivec2) ConstantComposite 43_4 43_4
            32_4:             TypePointer Function 23_2(ivec2)
            43_5: 22_1(float) Constant 1073741824
            44_3: 23_1(fvec2) ConstantComposite 43_5 43_5
            43_6:   21_1(int) Constant 3
            44_4: 23_2(ivec2) ConstantComposite 43_6 43_6
            43_7: 22_1(float) Constant 1094713344
            44_5: 23_1(fvec2) ConstantComposite 43_7 43_7
            43_8:   21_1(int) Constant 13
            44_6: 23_2(ivec2) ConstantComposite 43_8 43_8
            32_5:             TypePointer Input 23_3(fvec4)
     59_1(input):   32_5(ptr) Variable Input
            32_6:             TypePointer Output 23_3(fvec4)
59_2(@entryPointOutput):   32_6(ptr) Variable Output
      59_3(out1):   32_6(ptr) Variable Output
            32_7:             TypePointer Output 23_1(fvec2)
    59_4(out2.v):   32_7(ptr) Variable Output
            32_8:             TypePointer Output 23_2(ivec2)
    59_5(out2.i):   32_8(ptr) Variable Output
    59_6(out3.v):   32_7(ptr) Variable Output
    59_7(out3.i):   32_8(ptr) Variable Output
54_1(PixelShaderFunction):        19_1 Function None 33_1
           248_1:             Label
     59_8(input):   32_2(ptr) Variable Function
      59_9(out1):   32_2(ptr) Variable Function
     59_10(out2):   32_1(ptr) Variable Function
     59_11(out3):   32_1(ptr) Variable Function
    59_12(param):   32_2(ptr) Variable Function
    59_13(param):   32_2(ptr) Variable Function
    59_14(param):   32_1(ptr) Variable Function
    59_15(param):   32_1(ptr) Variable Function
            61_1: 23_3(fvec4) Load 59_1(input)
                              Store 59_8(input) 61_1
            61_2: 23_3(fvec4) Load 59_8(input)
                              Store 59_12(param) 61_2
            57_1: 23_3(fvec4) FunctionCall 54_3(@PixelShaderFunction(vf4;vf4;struct-OutParam-vf2-vi21;struct-OutParam-vf2-vi21;) 59_12(param) 59_13(param) 59_14(param) 59_15(param)
            61_3: 23_3(fvec4) Load 59_13(param)
                              Store 59_9(out1) 61_3
            61_4:30_1(OutParam) Load 59_14(param)
                              Store 59_10(out2) 61_4
            61_5:30_1(OutParam) Load 59_15(param)
                              Store 59_11(out3) 61_5
                              Store 59_2(@entryPointOutput) 57_1
            61_6: 23_3(fvec4) Load 59_9(out1)
                              Store 59_3(out1) 61_6
            65_1:   32_3(ptr) AccessChain 59_10(out2) 43_1
            61_7: 23_1(fvec2) Load 65_1
                              Store 59_4(out2.v) 61_7
            65_2:   32_4(ptr) AccessChain 59_10(out2) 43_3
            61_8: 23_2(ivec2) Load 65_2
                              Store 59_5(out2.i) 61_8
            65_3:   32_3(ptr) AccessChain 59_11(out3) 43_1
            61_9: 23_1(fvec2) Load 65_3
                              Store 59_6(out3.v) 61_9
            65_4:   32_4(ptr) AccessChain 59_11(out3) 43_3
           61_10: 23_2(ivec2) Load 65_4
                              Store 59_7(out3.i) 61_10
                              Return
                              FunctionEnd
54_2(fun(struct-OutParam-vf2-vi21;):        19_1 Function None 33_2
        55_1(op):   32_1(ptr) FunctionParameter
           248_2:             Label
            65_5:   32_3(ptr) AccessChain 55_1(op) 43_1
                              Store 65_5 44_1
            65_6:   32_4(ptr) AccessChain 55_1(op) 43_3
                              Store 65_6 44_2
                              Return
                              FunctionEnd
54_3(@PixelShaderFunction(vf4;vf4;struct-OutParam-vf2-vi21;struct-OutParam-vf2-vi21;): 23_3(fvec4) Function None 33_3
     55_2(input):   32_2(ptr) FunctionParameter
      55_3(out1):   32_2(ptr) FunctionParameter
      55_4(out2):   32_1(ptr) FunctionParameter
      55_5(out3):   32_1(ptr) FunctionParameter
           248_3:             Label
    59_16(local):   32_1(ptr) Variable Function
    59_17(param):   32_1(ptr) Variable Function
           61_11: 23_3(fvec4) Load 55_2(input)
                              Store 55_3(out1) 61_11
            65_7:   32_3(ptr) AccessChain 55_4(out2) 43_1
                              Store 65_7 44_3
            65_8:   32_4(ptr) AccessChain 55_4(out2) 43_3
                              Store 65_8 44_4
            65_9:   32_3(ptr) AccessChain 59_16(local) 43_1
                              Store 65_9 44_5
           65_10:   32_4(ptr) AccessChain 59_16(local) 43_3
                              Store 65_10 44_6
            57_2:        19_1 FunctionCall 54_2(fun(struct-OutParam-vf2-vi21;) 59_17(param)
           61_12:30_1(OutParam) Load 59_17(param)
                              Store 55_5(out3) 61_12
           61_13: 23_3(fvec4) Load 55_3(out1)
                              ReturnValue 61_13
                              FunctionEnd
