hlsl.matType.frag
Shader version: 500
gl_FragCoord origin is upper left
0:? Sequence
0:9  Function Definition: ShaderFunction(vf1;f1; ( temp 1-component vector of float)
0:9    Function Parameters: 
0:9      'inFloat1' ( in 1-component vector of float)
0:9      'inScalar' ( in float)
0:?     Sequence
0:10      Branch: Return with expression
0:10        'inFloat1' ( in 1-component vector of float)
0:?   Linker Objects
0:?     'anon@0' (layout( row_major std140) uniform block{ uniform 1-component vector of float f1,  uniform 1X1 matrix of float fmat11,  uniform 4X1 matrix of float fmat41,  uniform 1X2 matrix of float fmat12,  uniform 2X3 matrix of double dmat23,  uniform 4X4 matrix of int int44})


Linked fragment stage:

WARNING: Linking fragment stage: Entry point not found

Shader version: 500
gl_FragCoord origin is upper left
0:? Sequence
0:9  Function Definition: ShaderFunction(vf1;f1; ( temp 1-component vector of float)
0:9    Function Parameters: 
0:9      'inFloat1' ( in 1-component vector of float)
0:9      'inScalar' ( in float)
0:?     Sequence
0:10      Branch: Return with expression
0:10        'inFloat1' ( in 1-component vector of float)
0:?   Linker Objects
0:?     'anon@0' (layout( row_major std140) uniform block{ uniform 1-component vector of float f1,  uniform 1X1 matrix of float fmat11,  uniform 4X1 matrix of float fmat41,  uniform 1X2 matrix of float fmat12,  uniform 2X3 matrix of double dmat23,  uniform 4X4 matrix of int int44})

Validation failed
// Module Version 10000
// Generated by (magic number): 8000b
// Id's are bound by 30

                              Capability Shader
                              Capability Float64
            11_1:             ExtInstImport  "GLSL.std.450"
                              MemoryModel Logical GLSL450
                              EntryPoint Fragment 54_1  "PixelShaderFunction"
                              ExecutionMode 54_1 OriginUpperLeft
                              Source HLSL 500
                              Name 54_1  "PixelShaderFunction"
                              Name 54_2  "ShaderFunction(vf1;f1;"
                              Name 55_1  "inFloat1"
                              Name 55_2  "inScalar"
                              Name 30_1  "$Global"
                              MemberName 30_1($Global) 0  "f1"
                              MemberName 30_1($Global) 1  "fmat11"
                              MemberName 30_1($Global) 2  "fmat41"
                              MemberName 30_1($Global) 3  "fmat12"
                              MemberName 30_1($Global) 4  "dmat23"
                              MemberName 30_1($Global) 5  "int44"
                              Name 59_1  ""
                              Decorate 30_1($Global) Block
                              MemberDecorate 30_1($Global) 0 Offset 0
                              MemberDecorate 30_1($Global) 1 RowMajor
                              MemberDecorate 30_1($Global) 1 MatrixStride 16
                              MemberDecorate 30_1($Global) 1 Offset 16
                              MemberDecorate 30_1($Global) 2 RowMajor
                              MemberDecorate 30_1($Global) 2 MatrixStride 16
                              MemberDecorate 30_1($Global) 2 Offset 32
                              MemberDecorate 30_1($Global) 3 RowMajor
                              MemberDecorate 30_1($Global) 3 MatrixStride 16
                              MemberDecorate 30_1($Global) 3 Offset 48
                              MemberDecorate 30_1($Global) 4 RowMajor
                              MemberDecorate 30_1($Global) 4 MatrixStride 16
                              MemberDecorate 30_1($Global) 4 Offset 80
                              MemberDecorate 30_1($Global) 5 RowMajor
                              MemberDecorate 30_1($Global) 5 MatrixStride 16
                              MemberDecorate 30_1($Global) 5 Offset 128
                              Decorate 59_1 Binding 0
                              Decorate 59_1 DescriptorSet 0
            19_1:             TypeVoid
            33_1:             TypeFunction 19_1
            22_1:             TypeFloat 32
            32_1:             TypePointer Function 22_1(float)
            33_2:             TypeFunction 22_1(float) 32_1(ptr) 32_1(ptr)
            23_1:             TypeVector 22_1(float) 1
            24_1:             TypeMatrix 23_1(fvec) 1
            24_2:             TypeMatrix 23_1(fvec) 4
            23_2:             TypeVector 22_1(float) 2
            24_3:             TypeMatrix 23_2(fvec2) 1
            22_2:             TypeFloat 64
            23_3:             TypeVector 22_2(float64_t) 3
            24_4:             TypeMatrix 23_3(f64vec3) 2
            21_1:             TypeInt 32 1
            23_4:             TypeVector 21_1(int) 4
            24_5:             TypeMatrix 23_4(ivec4) 4
   30_1($Global):             TypeStruct 22_1(float) 24_1 24_2 24_3 24_4 24_5
            32_2:             TypePointer Uniform 30_1($Global)
            59_1:   32_2(ptr) Variable Uniform
54_1(PixelShaderFunction):        19_1 Function None 33_1
           248_1:             Label
                              Return
                              FunctionEnd
54_2(ShaderFunction(vf1;f1;): 22_1(float) Function None 33_2
  55_1(inFloat1):   32_1(ptr) FunctionParameter
  55_2(inScalar):   32_1(ptr) FunctionParameter
           248_2:             Label
            61_1: 22_1(float) Load 55_1(inFloat1)
                              ReturnValue 61_1
                              FunctionEnd
