hlsl.flattenOpaqueInitMix.vert
WARNING: AST will form illegal SPIR-V; need to transform to legalize
Shader version: 500
0:? Sequence
0:5  Function Definition: lookUp(struct-FxaaTex-p1-t21-f11; ( temp 4-component vector of float)
0:5    Function Parameters: 
0:5      'tex' ( in structure{ temp sampler smpl,  temp texture2D tex,  temp float f})
0:?     Sequence
0:6      Branch: Return with expression
0:6        texture ( temp 4-component vector of float)
0:6          Construct combined texture-sampler ( temp sampler2D)
0:6            tex: direct index for structure ( temp texture2D)
0:6              'tex' ( in structure{ temp sampler smpl,  temp texture2D tex,  temp float f})
0:6              Constant:
0:6                1 (const int)
0:6            smpl: direct index for structure ( temp sampler)
0:6              'tex' ( in structure{ temp sampler smpl,  temp texture2D tex,  temp float f})
0:6              Constant:
0:6                0 (const int)
0:6          Construct vec2 ( temp 2-component vector of float)
0:6            f: direct index for structure ( temp float)
0:6              'tex' ( in structure{ temp sampler smpl,  temp texture2D tex,  temp float f})
0:6              Constant:
0:6                2 (const int)
0:6            f: direct index for structure ( temp float)
0:6              'tex' ( in structure{ temp sampler smpl,  temp texture2D tex,  temp float f})
0:6              Constant:
0:6                2 (const int)
0:10  Function Definition: @main( ( temp 4-component vector of float)
0:10    Function Parameters: 
0:?     Sequence
0:11      Sequence
0:11        move second child to first child ( temp structure{ temp sampler smpl,  temp texture2D tex,  temp float f})
0:11          'tex' ( temp structure{ temp sampler smpl,  temp texture2D tex,  temp float f})
0:11          Construct structure ( temp structure{ temp sampler smpl,  temp texture2D tex,  temp float f})
0:11            'g_tInputTexture_sampler' ( uniform sampler)
0:11            'g_tInputTexture' ( uniform texture2D)
0:11            Constant:
0:11              0.500000
0:12      Branch: Return with expression
0:12        Function Call: lookUp(struct-FxaaTex-p1-t21-f11; ( temp 4-component vector of float)
0:12          'tex' ( temp structure{ temp sampler smpl,  temp texture2D tex,  temp float f})
0:10  Function Definition: main( ( temp void)
0:10    Function Parameters: 
0:?     Sequence
0:10      move second child to first child ( temp 4-component vector of float)
0:?         '@entryPointOutput' (layout( location=0) out 4-component vector of float)
0:10        Function Call: @main( ( temp 4-component vector of float)
0:?   Linker Objects
0:?     'g_tInputTexture_sampler' ( uniform sampler)
0:?     'g_tInputTexture' ( uniform texture2D)
0:?     '@entryPointOutput' (layout( location=0) out 4-component vector of float)


Linked vertex stage:


Shader version: 500
0:? Sequence
0:5  Function Definition: lookUp(struct-FxaaTex-p1-t21-f11; ( temp 4-component vector of float)
0:5    Function Parameters: 
0:5      'tex' ( in structure{ temp sampler smpl,  temp texture2D tex,  temp float f})
0:?     Sequence
0:6      Branch: Return with expression
0:6        texture ( temp 4-component vector of float)
0:6          Construct combined texture-sampler ( temp sampler2D)
0:6            tex: direct index for structure ( temp texture2D)
0:6              'tex' ( in structure{ temp sampler smpl,  temp texture2D tex,  temp float f})
0:6              Constant:
0:6                1 (const int)
0:6            smpl: direct index for structure ( temp sampler)
0:6              'tex' ( in structure{ temp sampler smpl,  temp texture2D tex,  temp float f})
0:6              Constant:
0:6                0 (const int)
0:6          Construct vec2 ( temp 2-component vector of float)
0:6            f: direct index for structure ( temp float)
0:6              'tex' ( in structure{ temp sampler smpl,  temp texture2D tex,  temp float f})
0:6              Constant:
0:6                2 (const int)
0:6            f: direct index for structure ( temp float)
0:6              'tex' ( in structure{ temp sampler smpl,  temp texture2D tex,  temp float f})
0:6              Constant:
0:6                2 (const int)
0:10  Function Definition: @main( ( temp 4-component vector of float)
0:10    Function Parameters: 
0:?     Sequence
0:11      Sequence
0:11        move second child to first child ( temp structure{ temp sampler smpl,  temp texture2D tex,  temp float f})
0:11          'tex' ( temp structure{ temp sampler smpl,  temp texture2D tex,  temp float f})
0:11          Construct structure ( temp structure{ temp sampler smpl,  temp texture2D tex,  temp float f})
0:11            'g_tInputTexture_sampler' ( uniform sampler)
0:11            'g_tInputTexture' ( uniform texture2D)
0:11            Constant:
0:11              0.500000
0:12      Branch: Return with expression
0:12        Function Call: lookUp(struct-FxaaTex-p1-t21-f11; ( temp 4-component vector of float)
0:12          'tex' ( temp structure{ temp sampler smpl,  temp texture2D tex,  temp float f})
0:10  Function Definition: main( ( temp void)
0:10    Function Parameters: 
0:?     Sequence
0:10      move second child to first child ( temp 4-component vector of float)
0:?         '@entryPointOutput' (layout( location=0) out 4-component vector of float)
0:10        Function Call: @main( ( temp 4-component vector of float)
0:?   Linker Objects
0:?     'g_tInputTexture_sampler' ( uniform sampler)
0:?     'g_tInputTexture' ( uniform texture2D)
0:?     '@entryPointOutput' (layout( location=0) out 4-component vector of float)

// Module Version 10000
// Generated by (magic number): 8000b
// Id's are bound by 59

                              Capability Shader
            11_1:             ExtInstImport  "GLSL.std.450"
                              MemoryModel Logical GLSL450
                              EntryPoint Vertex 54_1  "main" 59_3
                              Source HLSL 500
                              Name 54_1  "main"
                              Name 30_1  "FxaaTex"
                              MemberName 30_1(FxaaTex) 0  "smpl"
                              MemberName 30_1(FxaaTex) 1  "tex"
                              MemberName 30_1(FxaaTex) 2  "f"
                              Name 54_2  "lookUp(struct-FxaaTex-p1-t21-f11;"
                              Name 55_1  "tex"
                              Name 54_3  "@main("
                              Name 59_4  "tex"
                              Name 59_1  "g_tInputTexture_sampler"
                              Name 59_2  "g_tInputTexture"
                              Name 59_5  "param"
                              Name 59_3  "@entryPointOutput"
                              Decorate 59_1(g_tInputTexture_sampler) Binding 0
                              Decorate 59_1(g_tInputTexture_sampler) DescriptorSet 0
                              Decorate 59_2(g_tInputTexture) Binding 1
                              Decorate 59_2(g_tInputTexture) DescriptorSet 0
                              Decorate 59_3(@entryPointOutput) Location 0
            19_1:             TypeVoid
            33_1:             TypeFunction 19_1
            26_1:             TypeSampler
            22_1:             TypeFloat 32
            25_1:             TypeImage 22_1(float) 2D sampled format:Unknown
   30_1(FxaaTex):             TypeStruct 26_1 25_1 22_1(float)
            32_1:             TypePointer Function 30_1(FxaaTex)
            23_1:             TypeVector 22_1(float) 4
            33_2:             TypeFunction 23_1(fvec4) 32_1(ptr)
            33_3:             TypeFunction 23_1(fvec4)
            21_1:             TypeInt 32 1
            43_1:   21_1(int) Constant 1
            32_2:             TypePointer Function 25_1
            43_2:   21_1(int) Constant 0
            32_3:             TypePointer Function 26_1
            27_1:             TypeSampledImage 25_1
            43_3:   21_1(int) Constant 2
            32_4:             TypePointer Function 22_1(float)
            23_2:             TypeVector 22_1(float) 2
            43_4: 22_1(float) Constant 0
            32_5:             TypePointer UniformConstant 26_1
59_1(g_tInputTexture_sampler):   32_5(ptr) Variable UniformConstant
            32_6:             TypePointer UniformConstant 25_1
59_2(g_tInputTexture):   32_6(ptr) Variable UniformConstant
            43_5: 22_1(float) Constant 1056964608
            32_7:             TypePointer Output 23_1(fvec4)
59_3(@entryPointOutput):   32_7(ptr) Variable Output
      54_1(main):        19_1 Function None 33_1
           248_1:             Label
            57_1: 23_1(fvec4) FunctionCall 54_3(@main()
                              Store 59_3(@entryPointOutput) 57_1
                              Return
                              FunctionEnd
54_2(lookUp(struct-FxaaTex-p1-t21-f11;): 23_1(fvec4) Function None 33_2
       55_1(tex):   32_1(ptr) FunctionParameter
           248_2:             Label
            65_1:   32_2(ptr) AccessChain 55_1(tex) 43_1
            61_1:        25_1 Load 65_1
            65_2:   32_3(ptr) AccessChain 55_1(tex) 43_2
            61_2:        26_1 Load 65_2
            86_1:        27_1 SampledImage 61_1 61_2
            65_3:   32_4(ptr) AccessChain 55_1(tex) 43_3
            61_3: 22_1(float) Load 65_3
            65_4:   32_4(ptr) AccessChain 55_1(tex) 43_3
            61_4: 22_1(float) Load 65_4
            80_1: 23_2(fvec2) CompositeConstruct 61_3 61_4
            88_1: 23_1(fvec4) ImageSampleExplicitLod 86_1 80_1 Lod 43_4
                              ReturnValue 88_1
                              FunctionEnd
    54_3(@main(): 23_1(fvec4) Function None 33_3
           248_3:             Label
       59_4(tex):   32_1(ptr) Variable Function
     59_5(param):   32_1(ptr) Variable Function
            61_5:        26_1 Load 59_1(g_tInputTexture_sampler)
            61_6:        25_1 Load 59_2(g_tInputTexture)
            80_2:30_1(FxaaTex) CompositeConstruct 61_5 61_6 43_5
                              Store 59_4(tex) 80_2
            61_7:30_1(FxaaTex) Load 59_4(tex)
                              Store 59_5(param) 61_7
            57_2: 23_1(fvec4) FunctionCall 54_2(lookUp(struct-FxaaTex-p1-t21-f11;) 59_5(param)
                              ReturnValue 57_2
                              FunctionEnd
