hlsl.struct.split.array.geom
Shader version: 500
invocations = -1
max_vertices = 4
input primitive = points
output primitive = triangle_strip
0:? Sequence
0:13  Function Definition: @main(u1[1];struct-PSInput-vf4-vf2-vf3-u11; ( temp void)
0:13    Function Parameters: 
0:13      'v' ( in 1-element array of uint)
0:13      'OutputStream' ( out structure{ temp 4-component vector of float Pos,  temp 2-component vector of float TexCoord,  temp 3-component vector of float TerrainPos,  temp uint VertexID})
0:?     Sequence
0:16      Sequence
0:16        move second child to first child ( temp structure{ temp 4-component vector of float Pos,  temp 2-component vector of float TexCoord,  temp 3-component vector of float TerrainPos,  temp uint VertexID})
0:16          'Out' ( temp structure{ temp 4-component vector of float Pos,  temp 2-component vector of float TexCoord,  temp 3-component vector of float TerrainPos,  temp uint VertexID})
0:16          Constant:
0:16            0.000000
0:16            0.000000
0:16            0.000000
0:16            0.000000
0:16            0.000000
0:16            0.000000
0:16            0.000000
0:16            0.000000
0:16            0.000000
0:16            0 (const uint)
0:18      Sequence
0:18        move second child to first child ( temp int)
0:18          'x' ( temp int)
0:18          Constant:
0:18            0 (const int)
0:18        Loop with condition tested first
0:18          Loop Condition
0:18          Compare Less Than ( temp bool)
0:18            'x' ( temp int)
0:18            Constant:
0:18              2 (const int)
0:18          Loop Body
0:19          Sequence
0:19            move second child to first child ( temp int)
0:19              'y' ( temp int)
0:19              Constant:
0:19                0 (const int)
0:19            Loop with condition tested first
0:19              Loop Condition
0:19              Compare Less Than ( temp bool)
0:19                'y' ( temp int)
0:19                Constant:
0:19                  2 (const int)
0:19              Loop Body
0:20              move second child to first child ( temp structure{ temp 4-component vector of float Pos,  temp 2-component vector of float TexCoord,  temp 3-component vector of float TerrainPos,  temp uint VertexID})
0:20                indirect index ( temp structure{ temp 4-component vector of float Pos,  temp 2-component vector of float TexCoord,  temp 3-component vector of float TerrainPos,  temp uint VertexID})
0:20                  indirect index ( temp 3-element array of structure{ temp 4-component vector of float Pos,  temp 2-component vector of float TexCoord,  temp 3-component vector of float TerrainPos,  temp uint VertexID})
0:20                    'Verts' ( temp 2-element array of 3-element array of structure{ temp 4-component vector of float Pos,  temp 2-component vector of float TexCoord,  temp 3-component vector of float TerrainPos,  temp uint VertexID})
0:20                    'x' ( temp int)
0:20                  'y' ( temp int)
0:20                'Out' ( temp structure{ temp 4-component vector of float Pos,  temp 2-component vector of float TexCoord,  temp 3-component vector of float TerrainPos,  temp uint VertexID})
0:19              Loop Terminal Expression
0:19              Pre-Increment ( temp int)
0:19                'y' ( temp int)
0:18          Loop Terminal Expression
0:18          Pre-Increment ( temp int)
0:18            'x' ( temp int)
0:13  Function Definition: main( ( temp void)
0:13    Function Parameters: 
0:?     Sequence
0:13      move second child to first child ( temp 1-element array of uint)
0:?         'v' ( temp 1-element array of uint)
0:?         'v' (layout( location=0) in 1-element array of uint)
0:13      Function Call: @main(u1[1];struct-PSInput-vf4-vf2-vf3-u11; ( temp void)
0:?         'v' ( temp 1-element array of uint)
0:?         'OutputStream' ( temp structure{ temp 4-component vector of float Pos,  temp 2-component vector of float TexCoord,  temp 3-component vector of float TerrainPos,  temp uint VertexID})
0:?   Linker Objects
0:?     'v' (layout( location=0) in 1-element array of uint)
0:?     'OutputStream.Pos' ( out 4-component vector of float Position)
0:?     'OutputStream.TexCoord' (layout( location=0) out 2-component vector of float)
0:?     'OutputStream.TerrainPos' (layout( location=1) out 3-component vector of float)
0:?     'OutputStream.VertexID' (layout( location=2) out uint)


Linked geometry stage:


Shader version: 500
invocations = 1
max_vertices = 4
input primitive = points
output primitive = triangle_strip
0:? Sequence
0:13  Function Definition: @main(u1[1];struct-PSInput-vf4-vf2-vf3-u11; ( temp void)
0:13    Function Parameters: 
0:13      'v' ( in 1-element array of uint)
0:13      'OutputStream' ( out structure{ temp 4-component vector of float Pos,  temp 2-component vector of float TexCoord,  temp 3-component vector of float TerrainPos,  temp uint VertexID})
0:?     Sequence
0:16      Sequence
0:16        move second child to first child ( temp structure{ temp 4-component vector of float Pos,  temp 2-component vector of float TexCoord,  temp 3-component vector of float TerrainPos,  temp uint VertexID})
0:16          'Out' ( temp structure{ temp 4-component vector of float Pos,  temp 2-component vector of float TexCoord,  temp 3-component vector of float TerrainPos,  temp uint VertexID})
0:16          Constant:
0:16            0.000000
0:16            0.000000
0:16            0.000000
0:16            0.000000
0:16            0.000000
0:16            0.000000
0:16            0.000000
0:16            0.000000
0:16            0.000000
0:16            0 (const uint)
0:18      Sequence
0:18        move second child to first child ( temp int)
0:18          'x' ( temp int)
0:18          Constant:
0:18            0 (const int)
0:18        Loop with condition tested first
0:18          Loop Condition
0:18          Compare Less Than ( temp bool)
0:18            'x' ( temp int)
0:18            Constant:
0:18              2 (const int)
0:18          Loop Body
0:19          Sequence
0:19            move second child to first child ( temp int)
0:19              'y' ( temp int)
0:19              Constant:
0:19                0 (const int)
0:19            Loop with condition tested first
0:19              Loop Condition
0:19              Compare Less Than ( temp bool)
0:19                'y' ( temp int)
0:19                Constant:
0:19                  2 (const int)
0:19              Loop Body
0:20              move second child to first child ( temp structure{ temp 4-component vector of float Pos,  temp 2-component vector of float TexCoord,  temp 3-component vector of float TerrainPos,  temp uint VertexID})
0:20                indirect index ( temp structure{ temp 4-component vector of float Pos,  temp 2-component vector of float TexCoord,  temp 3-component vector of float TerrainPos,  temp uint VertexID})
0:20                  indirect index ( temp 3-element array of structure{ temp 4-component vector of float Pos,  temp 2-component vector of float TexCoord,  temp 3-component vector of float TerrainPos,  temp uint VertexID})
0:20                    'Verts' ( temp 2-element array of 3-element array of structure{ temp 4-component vector of float Pos,  temp 2-component vector of float TexCoord,  temp 3-component vector of float TerrainPos,  temp uint VertexID})
0:20                    'x' ( temp int)
0:20                  'y' ( temp int)
0:20                'Out' ( temp structure{ temp 4-component vector of float Pos,  temp 2-component vector of float TexCoord,  temp 3-component vector of float TerrainPos,  temp uint VertexID})
0:19              Loop Terminal Expression
0:19              Pre-Increment ( temp int)
0:19                'y' ( temp int)
0:18          Loop Terminal Expression
0:18          Pre-Increment ( temp int)
0:18            'x' ( temp int)
0:13  Function Definition: main( ( temp void)
0:13    Function Parameters: 
0:?     Sequence
0:13      move second child to first child ( temp 1-element array of uint)
0:?         'v' ( temp 1-element array of uint)
0:?         'v' (layout( location=0) in 1-element array of uint)
0:13      Function Call: @main(u1[1];struct-PSInput-vf4-vf2-vf3-u11; ( temp void)
0:?         'v' ( temp 1-element array of uint)
0:?         'OutputStream' ( temp structure{ temp 4-component vector of float Pos,  temp 2-component vector of float TexCoord,  temp 3-component vector of float TerrainPos,  temp uint VertexID})
0:?   Linker Objects
0:?     'v' (layout( location=0) in 1-element array of uint)
0:?     'OutputStream.Pos' ( out 4-component vector of float Position)
0:?     'OutputStream.TexCoord' (layout( location=0) out 2-component vector of float)
0:?     'OutputStream.TerrainPos' (layout( location=1) out 3-component vector of float)
0:?     'OutputStream.VertexID' (layout( location=2) out uint)

// Module Version 10000
// Generated by (magic number): 8000b
// Id's are bound by 82

                              Capability Geometry
            11_1:             ExtInstImport  "GLSL.std.450"
                              MemoryModel Logical GLSL450
                              EntryPoint Geometry 54_1  "main" 59_1 59_2 59_3 59_4 59_5
                              ExecutionMode 54_1 InputPoints
                              ExecutionMode 54_1 Invocations 1
                              ExecutionMode 54_1 OutputTriangleStrip
                              ExecutionMode 54_1 OutputVertices 4
                              Source HLSL 500
                              Name 54_1  "main"
                              Name 30_1  "PSInput"
                              MemberName 30_1(PSInput) 0  "Pos"
                              MemberName 30_1(PSInput) 1  "TexCoord"
                              MemberName 30_1(PSInput) 2  "TerrainPos"
                              MemberName 30_1(PSInput) 3  "VertexID"
                              Name 54_2  "@main(u1[1];struct-PSInput-vf4-vf2-vf3-u11;"
                              Name 55_1  "v"
                              Name 55_2  "OutputStream"
                              Name 59_10  "Out"
                              Name 59_11  "x"
                              Name 59_12  "y"
                              Name 59_13  "Verts"
                              Name 59_6  "v"
                              Name 59_1  "v"
                              Name 59_7  "OutputStream"
                              Name 59_8  "param"
                              Name 59_9  "param"
                              Name 59_2  "OutputStream.Pos"
                              Name 59_3  "OutputStream.TexCoord"
                              Name 59_4  "OutputStream.TerrainPos"
                              Name 59_5  "OutputStream.VertexID"
                              Decorate 59_1(v) Location 0
                              Decorate 59_2(OutputStream.Pos) BuiltIn Position
                              Decorate 59_3(OutputStream.TexCoord) Location 0
                              Decorate 59_4(OutputStream.TerrainPos) Location 1
                              Decorate 59_5(OutputStream.VertexID) Location 2
            19_1:             TypeVoid
            33_1:             TypeFunction 19_1
            21_1:             TypeInt 32 0
         uint(1):   21_1(int) Constant 1
            28_1:             TypeArray 21_1(int) uint(1)
            32_1:             TypePointer Function 28_1
            22_1:             TypeFloat 32
            23_1:             TypeVector 22_1(float) 4
            23_2:             TypeVector 22_1(float) 2
            23_3:             TypeVector 22_1(float) 3
   30_1(PSInput):             TypeStruct 23_1(fvec4) 23_2(fvec2) 23_3(fvec3) 21_1(int)
            32_2:             TypePointer Function 30_1(PSInput)
            33_2:             TypeFunction 19_1 32_1(ptr) 32_2(ptr)
            43_1: 22_1(float) Constant 0
            44_1: 23_1(fvec4) ConstantComposite 43_1 43_1 43_1 43_1
            44_2: 23_2(fvec2) ConstantComposite 43_1 43_1
            44_3: 23_3(fvec3) ConstantComposite 43_1 43_1 43_1
         uint(0):   21_1(int) Constant 0
            44_4:30_1(PSInput) ConstantComposite 44_1 44_2 44_3 uint(0)
            21_2:             TypeInt 32 1
            32_3:             TypePointer Function 21_2(int)
            43_2:   21_2(int) Constant 0
            43_3:   21_2(int) Constant 2
            20_1:             TypeBool
         uint(3):   21_1(int) Constant 3
            28_2:             TypeArray 30_1(PSInput) uint(3)
         uint(2):   21_1(int) Constant 2
            28_3:             TypeArray 28_2 uint(2)
            32_4:             TypePointer Function 28_3
            43_4:   21_2(int) Constant 1
            32_5:             TypePointer Input 28_1
         59_1(v):   32_5(ptr) Variable Input
            32_6:             TypePointer Output 23_1(fvec4)
59_2(OutputStream.Pos):   32_6(ptr) Variable Output
            32_7:             TypePointer Output 23_2(fvec2)
59_3(OutputStream.TexCoord):   32_7(ptr) Variable Output
            32_8:             TypePointer Output 23_3(fvec3)
59_4(OutputStream.TerrainPos):   32_8(ptr) Variable Output
            32_9:             TypePointer Output 21_1(int)
59_5(OutputStream.VertexID):   32_9(ptr) Variable Output
      54_1(main):        19_1 Function None 33_1
           248_1:             Label
         59_6(v):   32_1(ptr) Variable Function
59_7(OutputStream):   32_2(ptr) Variable Function
     59_8(param):   32_1(ptr) Variable Function
     59_9(param):   32_2(ptr) Variable Function
            61_1:        28_1 Load 59_1(v)
                              Store 59_6(v) 61_1
            61_2:        28_1 Load 59_6(v)
                              Store 59_8(param) 61_2
            57_1:        19_1 FunctionCall 54_2(@main(u1[1];struct-PSInput-vf4-vf2-vf3-u11;) 59_8(param) 59_9(param)
            61_3:30_1(PSInput) Load 59_9(param)
                              Store 59_7(OutputStream) 61_3
                              Return
                              FunctionEnd
54_2(@main(u1[1];struct-PSInput-vf4-vf2-vf3-u11;):        19_1 Function None 33_2
         55_1(v):   32_1(ptr) FunctionParameter
55_2(OutputStream):   32_2(ptr) FunctionParameter
           248_2:             Label
      59_10(Out):   32_2(ptr) Variable Function
        59_11(x):   32_3(ptr) Variable Function
        59_12(y):   32_3(ptr) Variable Function
    59_13(Verts):   32_4(ptr) Variable Function
                              Store 59_10(Out) 44_4
                              Store 59_11(x) 43_2
                              Branch 248_3
           248_3:             Label
                              LoopMerge 248_12 248_11 None
                              Branch 248_4
           248_4:             Label
            61_4:   21_2(int) Load 59_11(x)
           177_1:  20_1(bool) SLessThan 61_4 43_3
                              BranchConditional 177_1 248_5 248_12
           248_5:               Label
                                Store 59_12(y) 43_2
                                Branch 248_6
           248_6:               Label
                                LoopMerge 248_10 248_9 None
                                Branch 248_7
           248_7:               Label
            61_5:   21_2(int)   Load 59_12(y)
           177_2:  20_1(bool)   SLessThan 61_5 43_3
                                BranchConditional 177_2 248_8 248_10
           248_8:                 Label
            61_6:   21_2(int)     Load 59_11(x)
            61_7:   21_2(int)     Load 59_12(y)
            61_8:30_1(PSInput)     Load 59_10(Out)
            65_1:   32_2(ptr)     AccessChain 59_13(Verts) 61_6 61_7
                                  Store 65_1 61_8
                                  Branch 248_9
           248_9:                 Label
            61_9:   21_2(int)     Load 59_12(y)
           128_1:   21_2(int)     IAdd 61_9 43_4
                                  Store 59_12(y) 128_1
                                  Branch 248_6
          248_10:               Label
                                Branch 248_11
          248_11:               Label
           61_10:   21_2(int)   Load 59_11(x)
           128_2:   21_2(int)   IAdd 61_10 43_4
                                Store 59_11(x) 128_2
                                Branch 248_3
          248_12:             Label
                              Return
                              FunctionEnd
