hlsl.string.frag
Shader version: 500
gl_FragCoord origin is upper left
0:? Sequence
0:10  Function Definition: @main(f1; ( temp float)
0:10    Function Parameters: 
0:10      'f' ( in float)
0:?     Sequence
0:11      Branch: Return with expression
0:11        'f' ( in float)
0:10  Function Definition: main( ( temp void)
0:10    Function Parameters: 
0:?     Sequence
0:10      move second child to first child ( temp float)
0:?         'f' ( temp float)
0:?         'f' (layout( location=0) in float)
0:10      move second child to first child ( temp float)
0:?         '@entryPointOutput' (layout( location=0) out float)
0:10        Function Call: @main(f1; ( temp float)
0:?           'f' ( temp float)
0:?   Linker Objects
0:?     '@entryPointOutput' (layout( location=0) out float)
0:?     'f' (layout( location=0) in float)


Linked fragment stage:


Shader version: 500
gl_FragCoord origin is upper left
0:? Sequence
0:10  Function Definition: @main(f1; ( temp float)
0:10    Function Parameters: 
0:10      'f' ( in float)
0:?     Sequence
0:11      Branch: Return with expression
0:11        'f' ( in float)
0:10  Function Definition: main( ( temp void)
0:10    Function Parameters: 
0:?     Sequence
0:10      move second child to first child ( temp float)
0:?         'f' ( temp float)
0:?         'f' (layout( location=0) in float)
0:10      move second child to first child ( temp float)
0:?         '@entryPointOutput' (layout( location=0) out float)
0:10        Function Call: @main(f1; ( temp float)
0:?           'f' ( temp float)
0:?   Linker Objects
0:?     '@entryPointOutput' (layout( location=0) out float)
0:?     'f' (layout( location=0) in float)

// Module Version 10000
// Generated by (magic number): 8000b
// Id's are bound by 24

                              Capability Shader
            11_1:             ExtInstImport  "GLSL.std.450"
                              MemoryModel Logical GLSL450
                              EntryPoint Fragment 54_1  "main" 59_1 59_2
                              ExecutionMode 54_1 OriginUpperLeft
                              Source HLSL 500
                              Name 54_1  "main"
                              Name 54_2  "@main(f1;"
                              Name 55_1  "f"
                              Name 59_3  "f"
                              Name 59_1  "f"
                              Name 59_2  "@entryPointOutput"
                              Name 59_4  "param"
                              Decorate 59_1(f) Location 0
                              Decorate 59_2(@entryPointOutput) Location 0
            19_1:             TypeVoid
            33_1:             TypeFunction 19_1
            22_1:             TypeFloat 32
            32_1:             TypePointer Function 22_1(float)
            33_2:             TypeFunction 22_1(float) 32_1(ptr)
            32_2:             TypePointer Input 22_1(float)
         59_1(f):   32_2(ptr) Variable Input
            32_3:             TypePointer Output 22_1(float)
59_2(@entryPointOutput):   32_3(ptr) Variable Output
      54_1(main):        19_1 Function None 33_1
           248_1:             Label
         59_3(f):   32_1(ptr) Variable Function
     59_4(param):   32_1(ptr) Variable Function
            61_1: 22_1(float) Load 59_1(f)
                              Store 59_3(f) 61_1
            61_2: 22_1(float) Load 59_3(f)
                              Store 59_4(param) 61_2
            57_1: 22_1(float) FunctionCall 54_2(@main(f1;) 59_4(param)
                              Store 59_2(@entryPointOutput) 57_1
                              Return
                              FunctionEnd
 54_2(@main(f1;): 22_1(float) Function None 33_2
         55_1(f):   32_1(ptr) FunctionParameter
           248_2:             Label
            61_3: 22_1(float) Load 55_1(f)
                              ReturnValue 61_3
                              FunctionEnd
