hlsl.pp.line.frag
Shader version: 500
gl_FragCoord origin is upper left
using depth_any
0:? Sequence
0:4  Function Definition: @main( ( temp structure{ temp 4-component vector of float Color,  temp float Depth})
0:4    Function Parameters: 
0:?     Sequence
0:124      Sequence
0:124        move second child to first child ( temp int)
0:124          'thisLineIs' ( temp int)
0:124          Constant:
0:124            124 (const int)
0:126      move second child to first child ( temp 4-component vector of float)
0:126        Color: direct index for structure ( temp 4-component vector of float)
0:126          'psout' ( temp structure{ temp 4-component vector of float Color,  temp float Depth})
0:126          Constant:
0:126            0 (const int)
0:126        Construct vec4 ( temp 4-component vector of float)
0:126          Convert int to float ( temp float)
0:126            'thisLineIs' ( temp int)
0:126          Constant:
0:126            0.000000
0:126          Constant:
0:126            0.000000
0:126          Constant:
0:126            1.000000
0:127      move second child to first child ( temp float)
0:127        Depth: direct index for structure ( temp float)
0:127          'psout' ( temp structure{ temp 4-component vector of float Color,  temp float Depth})
0:127          Constant:
0:127            1 (const int)
0:127        Constant:
0:127          1.000000
0:129      Branch: Return with expression
0:129        'psout' ( temp structure{ temp 4-component vector of float Color,  temp float Depth})
0:4  Function Definition: main( ( temp void)
0:4    Function Parameters: 
0:?     Sequence
0:4      Sequence
0:4        move second child to first child ( temp structure{ temp 4-component vector of float Color,  temp float Depth})
0:4          'flattenTemp' ( temp structure{ temp 4-component vector of float Color,  temp float Depth})
0:4          Function Call: @main( ( temp structure{ temp 4-component vector of float Color,  temp float Depth})
0:4        move second child to first child ( temp 4-component vector of float)
0:?           '@entryPointOutput.Color' (layout( location=0) out 4-component vector of float)
0:4          Color: direct index for structure ( temp 4-component vector of float)
0:4            'flattenTemp' ( temp structure{ temp 4-component vector of float Color,  temp float Depth})
0:4            Constant:
0:4              0 (const int)
0:4        move second child to first child ( temp float)
0:?           '@entryPointOutput.Depth' ( out float FragDepth)
0:4          Depth: direct index for structure ( temp float)
0:4            'flattenTemp' ( temp structure{ temp 4-component vector of float Color,  temp float Depth})
0:4            Constant:
0:4              1 (const int)
0:?   Linker Objects
0:?     '@entryPointOutput.Depth' ( out float FragDepth)
0:?     '@entryPointOutput.Color' (layout( location=0) out 4-component vector of float)


Linked fragment stage:


Shader version: 500
gl_FragCoord origin is upper left
using depth_any
0:? Sequence
0:4  Function Definition: @main( ( temp structure{ temp 4-component vector of float Color,  temp float Depth})
0:4    Function Parameters: 
0:?     Sequence
0:124      Sequence
0:124        move second child to first child ( temp int)
0:124          'thisLineIs' ( temp int)
0:124          Constant:
0:124            124 (const int)
0:126      move second child to first child ( temp 4-component vector of float)
0:126        Color: direct index for structure ( temp 4-component vector of float)
0:126          'psout' ( temp structure{ temp 4-component vector of float Color,  temp float Depth})
0:126          Constant:
0:126            0 (const int)
0:126        Construct vec4 ( temp 4-component vector of float)
0:126          Convert int to float ( temp float)
0:126            'thisLineIs' ( temp int)
0:126          Constant:
0:126            0.000000
0:126          Constant:
0:126            0.000000
0:126          Constant:
0:126            1.000000
0:127      move second child to first child ( temp float)
0:127        Depth: direct index for structure ( temp float)
0:127          'psout' ( temp structure{ temp 4-component vector of float Color,  temp float Depth})
0:127          Constant:
0:127            1 (const int)
0:127        Constant:
0:127          1.000000
0:129      Branch: Return with expression
0:129        'psout' ( temp structure{ temp 4-component vector of float Color,  temp float Depth})
0:4  Function Definition: main( ( temp void)
0:4    Function Parameters: 
0:?     Sequence
0:4      Sequence
0:4        move second child to first child ( temp structure{ temp 4-component vector of float Color,  temp float Depth})
0:4          'flattenTemp' ( temp structure{ temp 4-component vector of float Color,  temp float Depth})
0:4          Function Call: @main( ( temp structure{ temp 4-component vector of float Color,  temp float Depth})
0:4        move second child to first child ( temp 4-component vector of float)
0:?           '@entryPointOutput.Color' (layout( location=0) out 4-component vector of float)
0:4          Color: direct index for structure ( temp 4-component vector of float)
0:4            'flattenTemp' ( temp structure{ temp 4-component vector of float Color,  temp float Depth})
0:4            Constant:
0:4              0 (const int)
0:4        move second child to first child ( temp float)
0:?           '@entryPointOutput.Depth' ( out float FragDepth)
0:4          Depth: direct index for structure ( temp float)
0:4            'flattenTemp' ( temp structure{ temp 4-component vector of float Color,  temp float Depth})
0:4            Constant:
0:4              1 (const int)
0:?   Linker Objects
0:?     '@entryPointOutput.Depth' ( out float FragDepth)
0:?     '@entryPointOutput.Color' (layout( location=0) out 4-component vector of float)

// Module Version 10000
// Generated by (magic number): 8000b
// Id's are bound by 42

                              Capability Shader
            11_1:             ExtInstImport  "GLSL.std.450"
                              MemoryModel Logical GLSL450
                              EntryPoint Fragment 54_1  "main" 59_1 59_2
                              ExecutionMode 54_1 OriginUpperLeft
                              ExecutionMode 54_1 DepthReplacing
                              Source HLSL 500
                              Name 54_1  "main"
                              Name 30_1  "PS_OUTPUT"
                              MemberName 30_1(PS_OUTPUT) 0  "Color"
                              MemberName 30_1(PS_OUTPUT) 1  "Depth"
                              Name 54_2  "@main("
                              Name 59_4  "thisLineIs"
                              Name 59_5  "psout"
                              Name 59_3  "flattenTemp"
                              Name 59_1  "@entryPointOutput.Color"
                              Name 59_2  "@entryPointOutput.Depth"
                              Decorate 59_1(@entryPointOutput.Color) Location 0
                              Decorate 59_2(@entryPointOutput.Depth) BuiltIn FragDepth
            19_1:             TypeVoid
            33_1:             TypeFunction 19_1
            22_1:             TypeFloat 32
            23_1:             TypeVector 22_1(float) 4
 30_1(PS_OUTPUT):             TypeStruct 23_1(fvec4) 22_1(float)
            33_2:             TypeFunction 30_1(PS_OUTPUT)
            21_1:             TypeInt 32 1
            32_1:             TypePointer Function 21_1(int)
            43_1:   21_1(int) Constant 124
            32_2:             TypePointer Function 30_1(PS_OUTPUT)
            43_2:   21_1(int) Constant 0
            43_3: 22_1(float) Constant 0
            43_4: 22_1(float) Constant 1065353216
            32_3:             TypePointer Function 23_1(fvec4)
            43_5:   21_1(int) Constant 1
            32_4:             TypePointer Function 22_1(float)
            32_5:             TypePointer Output 23_1(fvec4)
59_1(@entryPointOutput.Color):   32_5(ptr) Variable Output
            32_6:             TypePointer Output 22_1(float)
59_2(@entryPointOutput.Depth):   32_6(ptr) Variable Output
      54_1(main):        19_1 Function None 33_1
           248_1:             Label
59_3(flattenTemp):   32_2(ptr) Variable Function
            57_1:30_1(PS_OUTPUT) FunctionCall 54_2(@main()
                              Store 59_3(flattenTemp) 57_1
            65_1:   32_3(ptr) AccessChain 59_3(flattenTemp) 43_2
            61_1: 23_1(fvec4) Load 65_1
                              Store 59_1(@entryPointOutput.Color) 61_1
            65_2:   32_4(ptr) AccessChain 59_3(flattenTemp) 43_5
            61_2: 22_1(float) Load 65_2
                              Store 59_2(@entryPointOutput.Depth) 61_2
                              Return
                              FunctionEnd
    54_2(@main():30_1(PS_OUTPUT) Function None 33_2
           248_2:             Label
59_4(thisLineIs):   32_1(ptr) Variable Function
     59_5(psout):   32_2(ptr) Variable Function
                              Store 59_4(thisLineIs) 43_1
            61_3:   21_1(int) Load 59_4(thisLineIs)
           111_1: 22_1(float) ConvertSToF 61_3
            80_1: 23_1(fvec4) CompositeConstruct 111_1 43_3 43_3 43_4
            65_3:   32_3(ptr) AccessChain 59_5(psout) 43_2
                              Store 65_3 80_1
            65_4:   32_4(ptr) AccessChain 59_5(psout) 43_5
                              Store 65_4 43_4
            61_4:30_1(PS_OUTPUT) Load 59_5(psout)
                              ReturnValue 61_4
                              FunctionEnd
