hlsl.nonint-index.frag
Shader version: 500
gl_FragCoord origin is upper left
0:? Sequence
0:4  Function Definition: @main(f1; ( temp float)
0:4    Function Parameters: 
0:4      'input' ( in float)
0:?     Sequence
0:7      Branch: Return with expression
0:7        add ( temp float)
0:7          add ( temp float)
0:7            add ( temp float)
0:7              indirect index ( temp float)
0:7                Constant:
0:7                  1.000000
0:7                  2.000000
0:7                  3.000000
0:7                Convert float to uint ( temp uint)
0:7                  'input' ( in float)
0:7              Constant:
0:7                3.000000
0:7            Constant:
0:7              2.000000
0:7          Constant:
0:7            1.000000
0:4  Function Definition: main( ( temp void)
0:4    Function Parameters: 
0:?     Sequence
0:4      move second child to first child ( temp float)
0:?         'input' ( temp float)
0:?         'input' (layout( location=0) in float)
0:4      move second child to first child ( temp float)
0:?         '@entryPointOutput' (layout( location=0) out float)
0:4        Function Call: @main(f1; ( temp float)
0:?           'input' ( temp float)
0:?   Linker Objects
0:?     'array' ( const 3-element array of float)
0:?       1.000000
0:?       2.000000
0:?       3.000000
0:?     '@entryPointOutput' (layout( location=0) out float)
0:?     'input' (layout( location=0) in float)


Linked fragment stage:


Shader version: 500
gl_FragCoord origin is upper left
0:? Sequence
0:4  Function Definition: @main(f1; ( temp float)
0:4    Function Parameters: 
0:4      'input' ( in float)
0:?     Sequence
0:7      Branch: Return with expression
0:7        add ( temp float)
0:7          add ( temp float)
0:7            add ( temp float)
0:7              indirect index ( temp float)
0:7                Constant:
0:7                  1.000000
0:7                  2.000000
0:7                  3.000000
0:7                Convert float to uint ( temp uint)
0:7                  'input' ( in float)
0:7              Constant:
0:7                3.000000
0:7            Constant:
0:7              2.000000
0:7          Constant:
0:7            1.000000
0:4  Function Definition: main( ( temp void)
0:4    Function Parameters: 
0:?     Sequence
0:4      move second child to first child ( temp float)
0:?         'input' ( temp float)
0:?         'input' (layout( location=0) in float)
0:4      move second child to first child ( temp float)
0:?         '@entryPointOutput' (layout( location=0) out float)
0:4        Function Call: @main(f1; ( temp float)
0:?           'input' ( temp float)
0:?   Linker Objects
0:?     'array' ( const 3-element array of float)
0:?       1.000000
0:?       2.000000
0:?       3.000000
0:?     '@entryPointOutput' (layout( location=0) out float)
0:?     'input' (layout( location=0) in float)

// Module Version 10000
// Generated by (magic number): 8000b
// Id's are bound by 39

                              Capability Shader
            11_1:             ExtInstImport  "GLSL.std.450"
                              MemoryModel Logical GLSL450
                              EntryPoint Fragment 54_1  "main" 59_1 59_2
                              ExecutionMode 54_1 OriginUpperLeft
                              Source HLSL 500
                              Name 54_1  "main"
                              Name 54_2  "@main(f1;"
                              Name 55_1  "input"
                              Name 59_5  "indexable"
                              Name 59_3  "input"
                              Name 59_1  "input"
                              Name 59_2  "@entryPointOutput"
                              Name 59_4  "param"
                              Decorate 59_1(input) Location 0
                              Decorate 59_2(@entryPointOutput) Location 0
            19_1:             TypeVoid
            33_1:             TypeFunction 19_1
            22_1:             TypeFloat 32
            32_1:             TypePointer Function 22_1(float)
            33_2:             TypeFunction 22_1(float) 32_1(ptr)
            21_1:             TypeInt 32 0
         uint(3):   21_1(int) Constant 3
            28_1:             TypeArray 22_1(float) uint(3)
            43_1: 22_1(float) Constant 1065353216
            43_2: 22_1(float) Constant 1073741824
            43_3: 22_1(float) Constant 1077936128
            44_1:        28_1 ConstantComposite 43_1 43_2 43_3
            32_2:             TypePointer Function 28_1
            32_3:             TypePointer Input 22_1(float)
     59_1(input):   32_3(ptr) Variable Input
            32_4:             TypePointer Output 22_1(float)
59_2(@entryPointOutput):   32_4(ptr) Variable Output
      54_1(main):        19_1 Function None 33_1
           248_1:             Label
     59_3(input):   32_1(ptr) Variable Function
     59_4(param):   32_1(ptr) Variable Function
            61_1: 22_1(float) Load 59_1(input)
                              Store 59_3(input) 61_1
            61_2: 22_1(float) Load 59_3(input)
                              Store 59_4(param) 61_2
            57_1: 22_1(float) FunctionCall 54_2(@main(f1;) 59_4(param)
                              Store 59_2(@entryPointOutput) 57_1
                              Return
                              FunctionEnd
 54_2(@main(f1;): 22_1(float) Function None 33_2
     55_1(input):   32_1(ptr) FunctionParameter
           248_2:             Label
 59_5(indexable):   32_2(ptr) Variable Function
            61_3: 22_1(float) Load 55_1(input)
           109_1:   21_1(int) ConvertFToU 61_3
                              Store 59_5(indexable) 44_1
            65_1:   32_1(ptr) AccessChain 59_5(indexable) 109_1
            61_4: 22_1(float) Load 65_1
           129_1: 22_1(float) FAdd 61_4 43_3
           129_2: 22_1(float) FAdd 129_1 43_2
           129_3: 22_1(float) FAdd 129_2 43_1
                              ReturnValue 129_3
                              FunctionEnd
