hlsl.gather.basic.dx10.vert
Shader version: 500
0:? Sequence
0:28  Function Definition: @main( ( temp structure{ temp 4-component vector of float Pos})
0:28    Function Parameters: 
0:?     Sequence
0:33      Sequence
0:33        move second child to first child ( temp 4-component vector of float)
0:33          'txval20' ( temp 4-component vector of float)
0:33          textureGather ( temp 4-component vector of float)
0:33            Construct combined texture-sampler ( temp sampler2D)
0:33              'g_tTex2df4' ( uniform texture2D)
0:33              'g_sSamp' (layout( binding=0) uniform sampler)
0:33            Constant:
0:33              0.100000
0:33              0.200000
0:34      Sequence
0:34        move second child to first child ( temp 4-component vector of int)
0:34          'txval21' ( temp 4-component vector of int)
0:34          textureGather ( temp 4-component vector of int)
0:34            Construct combined texture-sampler ( temp isampler2D)
0:34              'g_tTex2di4' ( uniform itexture2D)
0:34              'g_sSamp' (layout( binding=0) uniform sampler)
0:34            Constant:
0:34              0.300000
0:34              0.400000
0:35      Sequence
0:35        move second child to first child ( temp 4-component vector of uint)
0:35          'txval22' ( temp 4-component vector of uint)
0:35          textureGather ( temp 4-component vector of uint)
0:35            Construct combined texture-sampler ( temp usampler2D)
0:35              'g_tTex2du4' ( uniform utexture2D)
0:35              'g_sSamp' (layout( binding=0) uniform sampler)
0:35            Constant:
0:35              0.500000
0:35              0.600000
0:39      Sequence
0:39        move second child to first child ( temp 4-component vector of float)
0:39          'txval40' ( temp 4-component vector of float)
0:39          textureGather ( temp 4-component vector of float)
0:39            Construct combined texture-sampler ( temp samplerCube)
0:39              'g_tTexcdf4' ( uniform textureCube)
0:39              'g_sSamp' (layout( binding=0) uniform sampler)
0:39            Constant:
0:39              0.100000
0:39              0.200000
0:39              0.300000
0:40      Sequence
0:40        move second child to first child ( temp 4-component vector of int)
0:40          'txval41' ( temp 4-component vector of int)
0:40          textureGather ( temp 4-component vector of int)
0:40            Construct combined texture-sampler ( temp isamplerCube)
0:40              'g_tTexcdi4' ( uniform itextureCube)
0:40              'g_sSamp' (layout( binding=0) uniform sampler)
0:40            Constant:
0:40              0.400000
0:40              0.500000
0:40              0.600000
0:41      Sequence
0:41        move second child to first child ( temp 4-component vector of uint)
0:41          'txval42' ( temp 4-component vector of uint)
0:41          textureGather ( temp 4-component vector of uint)
0:41            Construct combined texture-sampler ( temp usamplerCube)
0:41              'g_tTexcdu4' ( uniform utextureCube)
0:41              'g_sSamp' (layout( binding=0) uniform sampler)
0:41            Constant:
0:41              0.700000
0:41              0.800000
0:41              0.900000
0:43      move second child to first child ( temp 4-component vector of float)
0:43        Pos: direct index for structure ( temp 4-component vector of float)
0:43          'vsout' ( temp structure{ temp 4-component vector of float Pos})
0:43          Constant:
0:43            0 (const int)
0:43        Constant:
0:43          0.000000
0:43          0.000000
0:43          0.000000
0:43          0.000000
0:45      Branch: Return with expression
0:45        'vsout' ( temp structure{ temp 4-component vector of float Pos})
0:28  Function Definition: main( ( temp void)
0:28    Function Parameters: 
0:?     Sequence
0:28      Sequence
0:28        move second child to first child ( temp 4-component vector of float)
0:?           '@entryPointOutput.Pos' ( out 4-component vector of float Position)
0:28          Pos: direct index for structure ( temp 4-component vector of float)
0:28            Function Call: @main( ( temp structure{ temp 4-component vector of float Pos})
0:28            Constant:
0:28              0 (const int)
0:?   Linker Objects
0:?     'g_sSamp' (layout( binding=0) uniform sampler)
0:?     'g_sSamp2d' ( uniform sampler)
0:?     'g_tTex1df4a' (layout( binding=1) uniform texture1D)
0:?     'g_tTex1df4' (layout( binding=0) uniform texture1D)
0:?     'g_tTex1di4' ( uniform itexture1D)
0:?     'g_tTex1du4' ( uniform utexture1D)
0:?     'g_tTex2df4' ( uniform texture2D)
0:?     'g_tTex2di4' ( uniform itexture2D)
0:?     'g_tTex2du4' ( uniform utexture2D)
0:?     'g_tTex3df4' ( uniform texture3D)
0:?     'g_tTex3di4' ( uniform itexture3D)
0:?     'g_tTex3du4' ( uniform utexture3D)
0:?     'g_tTexcdf4' ( uniform textureCube)
0:?     'g_tTexcdi4' ( uniform itextureCube)
0:?     'g_tTexcdu4' ( uniform utextureCube)
0:?     '@entryPointOutput.Pos' ( out 4-component vector of float Position)


Linked vertex stage:


Shader version: 500
0:? Sequence
0:28  Function Definition: @main( ( temp structure{ temp 4-component vector of float Pos})
0:28    Function Parameters: 
0:?     Sequence
0:33      Sequence
0:33        move second child to first child ( temp 4-component vector of float)
0:33          'txval20' ( temp 4-component vector of float)
0:33          textureGather ( temp 4-component vector of float)
0:33            Construct combined texture-sampler ( temp sampler2D)
0:33              'g_tTex2df4' ( uniform texture2D)
0:33              'g_sSamp' (layout( binding=0) uniform sampler)
0:33            Constant:
0:33              0.100000
0:33              0.200000
0:34      Sequence
0:34        move second child to first child ( temp 4-component vector of int)
0:34          'txval21' ( temp 4-component vector of int)
0:34          textureGather ( temp 4-component vector of int)
0:34            Construct combined texture-sampler ( temp isampler2D)
0:34              'g_tTex2di4' ( uniform itexture2D)
0:34              'g_sSamp' (layout( binding=0) uniform sampler)
0:34            Constant:
0:34              0.300000
0:34              0.400000
0:35      Sequence
0:35        move second child to first child ( temp 4-component vector of uint)
0:35          'txval22' ( temp 4-component vector of uint)
0:35          textureGather ( temp 4-component vector of uint)
0:35            Construct combined texture-sampler ( temp usampler2D)
0:35              'g_tTex2du4' ( uniform utexture2D)
0:35              'g_sSamp' (layout( binding=0) uniform sampler)
0:35            Constant:
0:35              0.500000
0:35              0.600000
0:39      Sequence
0:39        move second child to first child ( temp 4-component vector of float)
0:39          'txval40' ( temp 4-component vector of float)
0:39          textureGather ( temp 4-component vector of float)
0:39            Construct combined texture-sampler ( temp samplerCube)
0:39              'g_tTexcdf4' ( uniform textureCube)
0:39              'g_sSamp' (layout( binding=0) uniform sampler)
0:39            Constant:
0:39              0.100000
0:39              0.200000
0:39              0.300000
0:40      Sequence
0:40        move second child to first child ( temp 4-component vector of int)
0:40          'txval41' ( temp 4-component vector of int)
0:40          textureGather ( temp 4-component vector of int)
0:40            Construct combined texture-sampler ( temp isamplerCube)
0:40              'g_tTexcdi4' ( uniform itextureCube)
0:40              'g_sSamp' (layout( binding=0) uniform sampler)
0:40            Constant:
0:40              0.400000
0:40              0.500000
0:40              0.600000
0:41      Sequence
0:41        move second child to first child ( temp 4-component vector of uint)
0:41          'txval42' ( temp 4-component vector of uint)
0:41          textureGather ( temp 4-component vector of uint)
0:41            Construct combined texture-sampler ( temp usamplerCube)
0:41              'g_tTexcdu4' ( uniform utextureCube)
0:41              'g_sSamp' (layout( binding=0) uniform sampler)
0:41            Constant:
0:41              0.700000
0:41              0.800000
0:41              0.900000
0:43      move second child to first child ( temp 4-component vector of float)
0:43        Pos: direct index for structure ( temp 4-component vector of float)
0:43          'vsout' ( temp structure{ temp 4-component vector of float Pos})
0:43          Constant:
0:43            0 (const int)
0:43        Constant:
0:43          0.000000
0:43          0.000000
0:43          0.000000
0:43          0.000000
0:45      Branch: Return with expression
0:45        'vsout' ( temp structure{ temp 4-component vector of float Pos})
0:28  Function Definition: main( ( temp void)
0:28    Function Parameters: 
0:?     Sequence
0:28      Sequence
0:28        move second child to first child ( temp 4-component vector of float)
0:?           '@entryPointOutput.Pos' ( out 4-component vector of float Position)
0:28          Pos: direct index for structure ( temp 4-component vector of float)
0:28            Function Call: @main( ( temp structure{ temp 4-component vector of float Pos})
0:28            Constant:
0:28              0 (const int)
0:?   Linker Objects
0:?     'g_sSamp' (layout( binding=0) uniform sampler)
0:?     'g_sSamp2d' ( uniform sampler)
0:?     'g_tTex1df4a' (layout( binding=1) uniform texture1D)
0:?     'g_tTex1df4' (layout( binding=0) uniform texture1D)
0:?     'g_tTex1di4' ( uniform itexture1D)
0:?     'g_tTex1du4' ( uniform utexture1D)
0:?     'g_tTex2df4' ( uniform texture2D)
0:?     'g_tTex2di4' ( uniform itexture2D)
0:?     'g_tTex2du4' ( uniform utexture2D)
0:?     'g_tTex3df4' ( uniform texture3D)
0:?     'g_tTex3di4' ( uniform itexture3D)
0:?     'g_tTex3du4' ( uniform utexture3D)
0:?     'g_tTexcdf4' ( uniform textureCube)
0:?     'g_tTexcdi4' ( uniform itextureCube)
0:?     'g_tTexcdu4' ( uniform utextureCube)
0:?     '@entryPointOutput.Pos' ( out 4-component vector of float Position)

// Module Version 10000
// Generated by (magic number): 8000b
// Id's are bound by 126

                              Capability Shader
                              Capability Sampled1D
            11_1:             ExtInstImport  "GLSL.std.450"
                              MemoryModel Logical GLSL450
                              EntryPoint Vertex 54_1  "main" 59_8
                              Source HLSL 500
                              Name 54_1  "main"
                              Name 30_1  "VS_OUTPUT"
                              MemberName 30_1(VS_OUTPUT) 0  "Pos"
                              Name 54_2  "@main("
                              Name 59_17  "txval20"
                              Name 59_1  "g_tTex2df4"
                              Name 59_2  "g_sSamp"
                              Name 59_18  "txval21"
                              Name 59_3  "g_tTex2di4"
                              Name 59_19  "txval22"
                              Name 59_4  "g_tTex2du4"
                              Name 59_20  "txval40"
                              Name 59_5  "g_tTexcdf4"
                              Name 59_21  "txval41"
                              Name 59_6  "g_tTexcdi4"
                              Name 59_22  "txval42"
                              Name 59_7  "g_tTexcdu4"
                              Name 59_23  "vsout"
                              Name 59_8  "@entryPointOutput.Pos"
                              Name 59_9  "g_sSamp2d"
                              Name 59_10  "g_tTex1df4a"
                              Name 59_11  "g_tTex1df4"
                              Name 59_12  "g_tTex1di4"
                              Name 59_13  "g_tTex1du4"
                              Name 59_14  "g_tTex3df4"
                              Name 59_15  "g_tTex3di4"
                              Name 59_16  "g_tTex3du4"
                              Decorate 59_1(g_tTex2df4) Binding 2
                              Decorate 59_1(g_tTex2df4) DescriptorSet 0
                              Decorate 59_2(g_sSamp) Binding 0
                              Decorate 59_2(g_sSamp) DescriptorSet 0
                              Decorate 59_3(g_tTex2di4) Binding 3
                              Decorate 59_3(g_tTex2di4) DescriptorSet 0
                              Decorate 59_4(g_tTex2du4) Binding 4
                              Decorate 59_4(g_tTex2du4) DescriptorSet 0
                              Decorate 59_5(g_tTexcdf4) Binding 5
                              Decorate 59_5(g_tTexcdf4) DescriptorSet 0
                              Decorate 59_6(g_tTexcdi4) Binding 6
                              Decorate 59_6(g_tTexcdi4) DescriptorSet 0
                              Decorate 59_7(g_tTexcdu4) Binding 7
                              Decorate 59_7(g_tTexcdu4) DescriptorSet 0
                              Decorate 59_8(@entryPointOutput.Pos) BuiltIn Position
                              Decorate 59_9(g_sSamp2d) Binding 0
                              Decorate 59_9(g_sSamp2d) DescriptorSet 0
                              Decorate 59_10(g_tTex1df4a) Binding 1
                              Decorate 59_10(g_tTex1df4a) DescriptorSet 0
                              Decorate 59_11(g_tTex1df4) Binding 0
                              Decorate 59_11(g_tTex1df4) DescriptorSet 0
                              Decorate 59_12(g_tTex1di4) Binding 0
                              Decorate 59_12(g_tTex1di4) DescriptorSet 0
                              Decorate 59_13(g_tTex1du4) Binding 0
                              Decorate 59_13(g_tTex1du4) DescriptorSet 0
                              Decorate 59_14(g_tTex3df4) Binding 0
                              Decorate 59_14(g_tTex3df4) DescriptorSet 0
                              Decorate 59_15(g_tTex3di4) Binding 0
                              Decorate 59_15(g_tTex3di4) DescriptorSet 0
                              Decorate 59_16(g_tTex3du4) Binding 0
                              Decorate 59_16(g_tTex3du4) DescriptorSet 0
            19_1:             TypeVoid
            33_1:             TypeFunction 19_1
            22_1:             TypeFloat 32
            23_1:             TypeVector 22_1(float) 4
 30_1(VS_OUTPUT):             TypeStruct 23_1(fvec4)
            33_2:             TypeFunction 30_1(VS_OUTPUT)
            32_1:             TypePointer Function 23_1(fvec4)
            25_1:             TypeImage 22_1(float) 2D sampled format:Unknown
            32_2:             TypePointer UniformConstant 25_1
59_1(g_tTex2df4):   32_2(ptr) Variable UniformConstant
            26_1:             TypeSampler
            32_3:             TypePointer UniformConstant 26_1
   59_2(g_sSamp):   32_3(ptr) Variable UniformConstant
            27_1:             TypeSampledImage 25_1
            23_2:             TypeVector 22_1(float) 2
            43_1: 22_1(float) Constant 1036831949
            43_2: 22_1(float) Constant 1045220557
            44_1: 23_2(fvec2) ConstantComposite 43_1 43_2
            21_1:             TypeInt 32 1
            43_3:   21_1(int) Constant 0
            23_3:             TypeVector 21_1(int) 4
            32_4:             TypePointer Function 23_3(ivec4)
            25_2:             TypeImage 21_1(int) 2D sampled format:Unknown
            32_5:             TypePointer UniformConstant 25_2
59_3(g_tTex2di4):   32_5(ptr) Variable UniformConstant
            27_2:             TypeSampledImage 25_2
            43_4: 22_1(float) Constant 1050253722
            43_5: 22_1(float) Constant 1053609165
            44_2: 23_2(fvec2) ConstantComposite 43_4 43_5
            21_2:             TypeInt 32 0
            23_4:             TypeVector 21_2(int) 4
            32_6:             TypePointer Function 23_4(ivec4)
            25_3:             TypeImage 21_2(int) 2D sampled format:Unknown
            32_7:             TypePointer UniformConstant 25_3
59_4(g_tTex2du4):   32_7(ptr) Variable UniformConstant
            27_3:             TypeSampledImage 25_3
            43_6: 22_1(float) Constant 1056964608
            43_7: 22_1(float) Constant 1058642330
            44_3: 23_2(fvec2) ConstantComposite 43_6 43_7
            25_4:             TypeImage 22_1(float) Cube sampled format:Unknown
            32_8:             TypePointer UniformConstant 25_4
59_5(g_tTexcdf4):   32_8(ptr) Variable UniformConstant
            27_4:             TypeSampledImage 25_4
            23_5:             TypeVector 22_1(float) 3
            44_4: 23_5(fvec3) ConstantComposite 43_1 43_2 43_4
            25_5:             TypeImage 21_1(int) Cube sampled format:Unknown
            32_9:             TypePointer UniformConstant 25_5
59_6(g_tTexcdi4):   32_9(ptr) Variable UniformConstant
            27_5:             TypeSampledImage 25_5
            44_5: 23_5(fvec3) ConstantComposite 43_5 43_6 43_7
            25_6:             TypeImage 21_2(int) Cube sampled format:Unknown
           32_10:             TypePointer UniformConstant 25_6
59_7(g_tTexcdu4):  32_10(ptr) Variable UniformConstant
            27_6:             TypeSampledImage 25_6
            43_8: 22_1(float) Constant 1060320051
            43_9: 22_1(float) Constant 1061997773
           43_10: 22_1(float) Constant 1063675494
            44_6: 23_5(fvec3) ConstantComposite 43_8 43_9 43_10
           32_11:             TypePointer Function 30_1(VS_OUTPUT)
           43_11: 22_1(float) Constant 0
            44_7: 23_1(fvec4) ConstantComposite 43_11 43_11 43_11 43_11
           32_12:             TypePointer Output 23_1(fvec4)
59_8(@entryPointOutput.Pos):  32_12(ptr) Variable Output
 59_9(g_sSamp2d):   32_3(ptr) Variable UniformConstant
            25_7:             TypeImage 22_1(float) 1D sampled format:Unknown
           32_13:             TypePointer UniformConstant 25_7
59_10(g_tTex1df4a):  32_13(ptr) Variable UniformConstant
59_11(g_tTex1df4):  32_13(ptr) Variable UniformConstant
            25_8:             TypeImage 21_1(int) 1D sampled format:Unknown
           32_14:             TypePointer UniformConstant 25_8
59_12(g_tTex1di4):  32_14(ptr) Variable UniformConstant
            25_9:             TypeImage 21_2(int) 1D sampled format:Unknown
           32_15:             TypePointer UniformConstant 25_9
59_13(g_tTex1du4):  32_15(ptr) Variable UniformConstant
           25_10:             TypeImage 22_1(float) 3D sampled format:Unknown
           32_16:             TypePointer UniformConstant 25_10
59_14(g_tTex3df4):  32_16(ptr) Variable UniformConstant
           25_11:             TypeImage 21_1(int) 3D sampled format:Unknown
           32_17:             TypePointer UniformConstant 25_11
59_15(g_tTex3di4):  32_17(ptr) Variable UniformConstant
           25_12:             TypeImage 21_2(int) 3D sampled format:Unknown
           32_18:             TypePointer UniformConstant 25_12
59_16(g_tTex3du4):  32_18(ptr) Variable UniformConstant
      54_1(main):        19_1 Function None 33_1
           248_1:             Label
            57_1:30_1(VS_OUTPUT) FunctionCall 54_2(@main()
            81_1: 23_1(fvec4) CompositeExtract 57_1 0
                              Store 59_8(@entryPointOutput.Pos) 81_1
                              Return
                              FunctionEnd
    54_2(@main():30_1(VS_OUTPUT) Function None 33_2
           248_2:             Label
  59_17(txval20):   32_1(ptr) Variable Function
  59_18(txval21):   32_4(ptr) Variable Function
  59_19(txval22):   32_6(ptr) Variable Function
  59_20(txval40):   32_1(ptr) Variable Function
  59_21(txval41):   32_4(ptr) Variable Function
  59_22(txval42):   32_6(ptr) Variable Function
    59_23(vsout):  32_11(ptr) Variable Function
            61_1:        25_1 Load 59_1(g_tTex2df4)
            61_2:        26_1 Load 59_2(g_sSamp)
            86_1:        27_1 SampledImage 61_1 61_2
            96_1: 23_1(fvec4) ImageGather 86_1 44_1 43_3
                              Store 59_17(txval20) 96_1
            61_3:        25_2 Load 59_3(g_tTex2di4)
            61_4:        26_1 Load 59_2(g_sSamp)
            86_2:        27_2 SampledImage 61_3 61_4
            96_2: 23_3(ivec4) ImageGather 86_2 44_2 43_3
                              Store 59_18(txval21) 96_2
            61_5:        25_3 Load 59_4(g_tTex2du4)
            61_6:        26_1 Load 59_2(g_sSamp)
            86_3:        27_3 SampledImage 61_5 61_6
            96_3: 23_4(ivec4) ImageGather 86_3 44_3 43_3
                              Store 59_19(txval22) 96_3
            61_7:        25_4 Load 59_5(g_tTexcdf4)
            61_8:        26_1 Load 59_2(g_sSamp)
            86_4:        27_4 SampledImage 61_7 61_8
            96_4: 23_1(fvec4) ImageGather 86_4 44_4 43_3
                              Store 59_20(txval40) 96_4
            61_9:        25_5 Load 59_6(g_tTexcdi4)
           61_10:        26_1 Load 59_2(g_sSamp)
            86_5:        27_5 SampledImage 61_9 61_10
            96_5: 23_3(ivec4) ImageGather 86_5 44_5 43_3
                              Store 59_21(txval41) 96_5
           61_11:        25_6 Load 59_7(g_tTexcdu4)
           61_12:        26_1 Load 59_2(g_sSamp)
            86_6:        27_6 SampledImage 61_11 61_12
            96_6: 23_4(ivec4) ImageGather 86_6 44_6 43_3
                              Store 59_22(txval42) 96_6
            65_1:   32_1(ptr) AccessChain 59_23(vsout) 43_3
                              Store 65_1 44_7
           61_13:30_1(VS_OUTPUT) Load 59_23(vsout)
                              ReturnValue 61_13
                              FunctionEnd
