hlsl.load.rwtexture.array.dx10.frag
Shader version: 500
gl_FragCoord origin is upper left
using depth_any
0:? Sequence
0:40  Function Definition: @main( ( temp structure{ temp 4-component vector of float Color,  temp float Depth})
0:40    Function Parameters: 
0:?     Sequence
0:44      imageLoad ( temp 4-component vector of float)
0:44        'g_tTex1df4a' (layout( rgba32f) uniform image1DArray)
0:44        c2: direct index for structure ( uniform 2-component vector of int)
0:44          'anon@0' (layout( row_major std140) uniform block{ uniform int c1,  uniform 2-component vector of int c2,  uniform 3-component vector of int c3,  uniform 4-component vector of int c4,  uniform int o1,  uniform 2-component vector of int o2,  uniform 3-component vector of int o3,  uniform 4-component vector of int o4})
0:44          Constant:
0:44            1 (const uint)
0:45      imageLoad ( temp 4-component vector of int)
0:45        'g_tTex1di4a' (layout( rgba32i) uniform iimage1DArray)
0:45        c2: direct index for structure ( uniform 2-component vector of int)
0:45          'anon@0' (layout( row_major std140) uniform block{ uniform int c1,  uniform 2-component vector of int c2,  uniform 3-component vector of int c3,  uniform 4-component vector of int c4,  uniform int o1,  uniform 2-component vector of int o2,  uniform 3-component vector of int o3,  uniform 4-component vector of int o4})
0:45          Constant:
0:45            1 (const uint)
0:46      imageLoad ( temp 4-component vector of uint)
0:46        'g_tTex1du4a' (layout( rgba32ui) uniform uimage1DArray)
0:46        c2: direct index for structure ( uniform 2-component vector of int)
0:46          'anon@0' (layout( row_major std140) uniform block{ uniform int c1,  uniform 2-component vector of int c2,  uniform 3-component vector of int c3,  uniform 4-component vector of int c4,  uniform int o1,  uniform 2-component vector of int o2,  uniform 3-component vector of int o3,  uniform 4-component vector of int o4})
0:46          Constant:
0:46            1 (const uint)
0:49      imageLoad ( temp 4-component vector of float)
0:49        'g_tTex2df4a' (layout( rgba32f) uniform image2DArray)
0:49        c3: direct index for structure ( uniform 3-component vector of int)
0:49          'anon@0' (layout( row_major std140) uniform block{ uniform int c1,  uniform 2-component vector of int c2,  uniform 3-component vector of int c3,  uniform 4-component vector of int c4,  uniform int o1,  uniform 2-component vector of int o2,  uniform 3-component vector of int o3,  uniform 4-component vector of int o4})
0:49          Constant:
0:49            2 (const uint)
0:50      imageLoad ( temp 4-component vector of int)
0:50        'g_tTex2di4a' (layout( rgba32i) uniform iimage2DArray)
0:50        c3: direct index for structure ( uniform 3-component vector of int)
0:50          'anon@0' (layout( row_major std140) uniform block{ uniform int c1,  uniform 2-component vector of int c2,  uniform 3-component vector of int c3,  uniform 4-component vector of int c4,  uniform int o1,  uniform 2-component vector of int o2,  uniform 3-component vector of int o3,  uniform 4-component vector of int o4})
0:50          Constant:
0:50            2 (const uint)
0:51      imageLoad ( temp 4-component vector of uint)
0:51        'g_tTex2du4a' (layout( rgba32ui) uniform uimage2DArray)
0:51        c3: direct index for structure ( uniform 3-component vector of int)
0:51          'anon@0' (layout( row_major std140) uniform block{ uniform int c1,  uniform 2-component vector of int c2,  uniform 3-component vector of int c3,  uniform 4-component vector of int c4,  uniform int o1,  uniform 2-component vector of int o2,  uniform 3-component vector of int o3,  uniform 4-component vector of int o4})
0:51          Constant:
0:51            2 (const uint)
0:53      move second child to first child ( temp 4-component vector of float)
0:53        Color: direct index for structure ( temp 4-component vector of float)
0:53          'psout' ( temp structure{ temp 4-component vector of float Color,  temp float Depth})
0:53          Constant:
0:53            0 (const int)
0:53        Constant:
0:53          1.000000
0:53          1.000000
0:53          1.000000
0:53          1.000000
0:54      move second child to first child ( temp float)
0:54        Depth: direct index for structure ( temp float)
0:54          'psout' ( temp structure{ temp 4-component vector of float Color,  temp float Depth})
0:54          Constant:
0:54            1 (const int)
0:54        Constant:
0:54          1.000000
0:56      Branch: Return with expression
0:56        'psout' ( temp structure{ temp 4-component vector of float Color,  temp float Depth})
0:40  Function Definition: main( ( temp void)
0:40    Function Parameters: 
0:?     Sequence
0:40      Sequence
0:40        move second child to first child ( temp structure{ temp 4-component vector of float Color,  temp float Depth})
0:40          'flattenTemp' ( temp structure{ temp 4-component vector of float Color,  temp float Depth})
0:40          Function Call: @main( ( temp structure{ temp 4-component vector of float Color,  temp float Depth})
0:40        move second child to first child ( temp 4-component vector of float)
0:?           '@entryPointOutput.Color' (layout( location=0) out 4-component vector of float)
0:40          Color: direct index for structure ( temp 4-component vector of float)
0:40            'flattenTemp' ( temp structure{ temp 4-component vector of float Color,  temp float Depth})
0:40            Constant:
0:40              0 (const int)
0:40        move second child to first child ( temp float)
0:?           '@entryPointOutput.Depth' ( out float FragDepth)
0:40          Depth: direct index for structure ( temp float)
0:40            'flattenTemp' ( temp structure{ temp 4-component vector of float Color,  temp float Depth})
0:40            Constant:
0:40              1 (const int)
0:?   Linker Objects
0:?     'g_sSamp' (layout( binding=0) uniform sampler)
0:?     'g_tTex1df4' (layout( binding=0 rgba32f) uniform image1D)
0:?     'g_tTex1di4' (layout( rgba32i) uniform iimage1D)
0:?     'g_tTex1du4' (layout( rgba32ui) uniform uimage1D)
0:?     'g_tTex2df4' (layout( rgba32f) uniform image2D)
0:?     'g_tTex2di4' (layout( rgba32i) uniform iimage2D)
0:?     'g_tTex2du4' (layout( rgba32ui) uniform uimage2D)
0:?     'g_tTex3df4' (layout( rgba32f) uniform image3D)
0:?     'g_tTex3di4' (layout( rgba32i) uniform iimage3D)
0:?     'g_tTex3du4' (layout( rgba32ui) uniform uimage3D)
0:?     'g_tTex1df4a' (layout( rgba32f) uniform image1DArray)
0:?     'g_tTex1di4a' (layout( rgba32i) uniform iimage1DArray)
0:?     'g_tTex1du4a' (layout( rgba32ui) uniform uimage1DArray)
0:?     'g_tTex2df4a' (layout( rgba32f) uniform image2DArray)
0:?     'g_tTex2di4a' (layout( rgba32i) uniform iimage2DArray)
0:?     'g_tTex2du4a' (layout( rgba32ui) uniform uimage2DArray)
0:?     'anon@0' (layout( row_major std140) uniform block{ uniform int c1,  uniform 2-component vector of int c2,  uniform 3-component vector of int c3,  uniform 4-component vector of int c4,  uniform int o1,  uniform 2-component vector of int o2,  uniform 3-component vector of int o3,  uniform 4-component vector of int o4})
0:?     '@entryPointOutput.Depth' ( out float FragDepth)
0:?     '@entryPointOutput.Color' (layout( location=0) out 4-component vector of float)


Linked fragment stage:


Shader version: 500
gl_FragCoord origin is upper left
using depth_any
0:? Sequence
0:40  Function Definition: @main( ( temp structure{ temp 4-component vector of float Color,  temp float Depth})
0:40    Function Parameters: 
0:?     Sequence
0:44      imageLoad ( temp 4-component vector of float)
0:44        'g_tTex1df4a' (layout( rgba32f) uniform image1DArray)
0:44        c2: direct index for structure ( uniform 2-component vector of int)
0:44          'anon@0' (layout( row_major std140) uniform block{ uniform int c1,  uniform 2-component vector of int c2,  uniform 3-component vector of int c3,  uniform 4-component vector of int c4,  uniform int o1,  uniform 2-component vector of int o2,  uniform 3-component vector of int o3,  uniform 4-component vector of int o4})
0:44          Constant:
0:44            1 (const uint)
0:45      imageLoad ( temp 4-component vector of int)
0:45        'g_tTex1di4a' (layout( rgba32i) uniform iimage1DArray)
0:45        c2: direct index for structure ( uniform 2-component vector of int)
0:45          'anon@0' (layout( row_major std140) uniform block{ uniform int c1,  uniform 2-component vector of int c2,  uniform 3-component vector of int c3,  uniform 4-component vector of int c4,  uniform int o1,  uniform 2-component vector of int o2,  uniform 3-component vector of int o3,  uniform 4-component vector of int o4})
0:45          Constant:
0:45            1 (const uint)
0:46      imageLoad ( temp 4-component vector of uint)
0:46        'g_tTex1du4a' (layout( rgba32ui) uniform uimage1DArray)
0:46        c2: direct index for structure ( uniform 2-component vector of int)
0:46          'anon@0' (layout( row_major std140) uniform block{ uniform int c1,  uniform 2-component vector of int c2,  uniform 3-component vector of int c3,  uniform 4-component vector of int c4,  uniform int o1,  uniform 2-component vector of int o2,  uniform 3-component vector of int o3,  uniform 4-component vector of int o4})
0:46          Constant:
0:46            1 (const uint)
0:49      imageLoad ( temp 4-component vector of float)
0:49        'g_tTex2df4a' (layout( rgba32f) uniform image2DArray)
0:49        c3: direct index for structure ( uniform 3-component vector of int)
0:49          'anon@0' (layout( row_major std140) uniform block{ uniform int c1,  uniform 2-component vector of int c2,  uniform 3-component vector of int c3,  uniform 4-component vector of int c4,  uniform int o1,  uniform 2-component vector of int o2,  uniform 3-component vector of int o3,  uniform 4-component vector of int o4})
0:49          Constant:
0:49            2 (const uint)
0:50      imageLoad ( temp 4-component vector of int)
0:50        'g_tTex2di4a' (layout( rgba32i) uniform iimage2DArray)
0:50        c3: direct index for structure ( uniform 3-component vector of int)
0:50          'anon@0' (layout( row_major std140) uniform block{ uniform int c1,  uniform 2-component vector of int c2,  uniform 3-component vector of int c3,  uniform 4-component vector of int c4,  uniform int o1,  uniform 2-component vector of int o2,  uniform 3-component vector of int o3,  uniform 4-component vector of int o4})
0:50          Constant:
0:50            2 (const uint)
0:51      imageLoad ( temp 4-component vector of uint)
0:51        'g_tTex2du4a' (layout( rgba32ui) uniform uimage2DArray)
0:51        c3: direct index for structure ( uniform 3-component vector of int)
0:51          'anon@0' (layout( row_major std140) uniform block{ uniform int c1,  uniform 2-component vector of int c2,  uniform 3-component vector of int c3,  uniform 4-component vector of int c4,  uniform int o1,  uniform 2-component vector of int o2,  uniform 3-component vector of int o3,  uniform 4-component vector of int o4})
0:51          Constant:
0:51            2 (const uint)
0:53      move second child to first child ( temp 4-component vector of float)
0:53        Color: direct index for structure ( temp 4-component vector of float)
0:53          'psout' ( temp structure{ temp 4-component vector of float Color,  temp float Depth})
0:53          Constant:
0:53            0 (const int)
0:53        Constant:
0:53          1.000000
0:53          1.000000
0:53          1.000000
0:53          1.000000
0:54      move second child to first child ( temp float)
0:54        Depth: direct index for structure ( temp float)
0:54          'psout' ( temp structure{ temp 4-component vector of float Color,  temp float Depth})
0:54          Constant:
0:54            1 (const int)
0:54        Constant:
0:54          1.000000
0:56      Branch: Return with expression
0:56        'psout' ( temp structure{ temp 4-component vector of float Color,  temp float Depth})
0:40  Function Definition: main( ( temp void)
0:40    Function Parameters: 
0:?     Sequence
0:40      Sequence
0:40        move second child to first child ( temp structure{ temp 4-component vector of float Color,  temp float Depth})
0:40          'flattenTemp' ( temp structure{ temp 4-component vector of float Color,  temp float Depth})
0:40          Function Call: @main( ( temp structure{ temp 4-component vector of float Color,  temp float Depth})
0:40        move second child to first child ( temp 4-component vector of float)
0:?           '@entryPointOutput.Color' (layout( location=0) out 4-component vector of float)
0:40          Color: direct index for structure ( temp 4-component vector of float)
0:40            'flattenTemp' ( temp structure{ temp 4-component vector of float Color,  temp float Depth})
0:40            Constant:
0:40              0 (const int)
0:40        move second child to first child ( temp float)
0:?           '@entryPointOutput.Depth' ( out float FragDepth)
0:40          Depth: direct index for structure ( temp float)
0:40            'flattenTemp' ( temp structure{ temp 4-component vector of float Color,  temp float Depth})
0:40            Constant:
0:40              1 (const int)
0:?   Linker Objects
0:?     'g_sSamp' (layout( binding=0) uniform sampler)
0:?     'g_tTex1df4' (layout( binding=0 rgba32f) uniform image1D)
0:?     'g_tTex1di4' (layout( rgba32i) uniform iimage1D)
0:?     'g_tTex1du4' (layout( rgba32ui) uniform uimage1D)
0:?     'g_tTex2df4' (layout( rgba32f) uniform image2D)
0:?     'g_tTex2di4' (layout( rgba32i) uniform iimage2D)
0:?     'g_tTex2du4' (layout( rgba32ui) uniform uimage2D)
0:?     'g_tTex3df4' (layout( rgba32f) uniform image3D)
0:?     'g_tTex3di4' (layout( rgba32i) uniform iimage3D)
0:?     'g_tTex3du4' (layout( rgba32ui) uniform uimage3D)
0:?     'g_tTex1df4a' (layout( rgba32f) uniform image1DArray)
0:?     'g_tTex1di4a' (layout( rgba32i) uniform iimage1DArray)
0:?     'g_tTex1du4a' (layout( rgba32ui) uniform uimage1DArray)
0:?     'g_tTex2df4a' (layout( rgba32f) uniform image2DArray)
0:?     'g_tTex2di4a' (layout( rgba32i) uniform iimage2DArray)
0:?     'g_tTex2du4a' (layout( rgba32ui) uniform uimage2DArray)
0:?     'anon@0' (layout( row_major std140) uniform block{ uniform int c1,  uniform 2-component vector of int c2,  uniform 3-component vector of int c3,  uniform 4-component vector of int c4,  uniform int o1,  uniform 2-component vector of int o2,  uniform 3-component vector of int o3,  uniform 4-component vector of int o4})
0:?     '@entryPointOutput.Depth' ( out float FragDepth)
0:?     '@entryPointOutput.Color' (layout( location=0) out 4-component vector of float)

// Module Version 10000
// Generated by (magic number): 8000b
// Id's are bound by 119

                              Capability Shader
                              Capability Image1D
            11_1:             ExtInstImport  "GLSL.std.450"
                              MemoryModel Logical GLSL450
                              EntryPoint Fragment 54_1  "main" 59_8 59_9
                              ExecutionMode 54_1 OriginUpperLeft
                              ExecutionMode 54_1 DepthReplacing
                              Source HLSL 500
                              Name 54_1  "main"
                              Name 30_1  "PS_OUTPUT"
                              MemberName 30_1(PS_OUTPUT) 0  "Color"
                              MemberName 30_1(PS_OUTPUT) 1  "Depth"
                              Name 54_2  "@main("
                              Name 59_1  "g_tTex1df4a"
                              Name 30_2  "$Global"
                              MemberName 30_2($Global) 0  "c1"
                              MemberName 30_2($Global) 1  "c2"
                              MemberName 30_2($Global) 2  "c3"
                              MemberName 30_2($Global) 3  "c4"
                              MemberName 30_2($Global) 4  "o1"
                              MemberName 30_2($Global) 5  "o2"
                              MemberName 30_2($Global) 6  "o3"
                              MemberName 30_2($Global) 7  "o4"
                              Name 59_2  ""
                              Name 59_3  "g_tTex1di4a"
                              Name 59_4  "g_tTex1du4a"
                              Name 59_5  "g_tTex2df4a"
                              Name 59_6  "g_tTex2di4a"
                              Name 59_7  "g_tTex2du4a"
                              Name 59_21  "psout"
                              Name 59_20  "flattenTemp"
                              Name 59_8  "@entryPointOutput.Color"
                              Name 59_9  "@entryPointOutput.Depth"
                              Name 59_10  "g_sSamp"
                              Name 59_11  "g_tTex1df4"
                              Name 59_12  "g_tTex1di4"
                              Name 59_13  "g_tTex1du4"
                              Name 59_14  "g_tTex2df4"
                              Name 59_15  "g_tTex2di4"
                              Name 59_16  "g_tTex2du4"
                              Name 59_17  "g_tTex3df4"
                              Name 59_18  "g_tTex3di4"
                              Name 59_19  "g_tTex3du4"
                              Decorate 59_1(g_tTex1df4a) Binding 1
                              Decorate 59_1(g_tTex1df4a) DescriptorSet 0
                              Decorate 30_2($Global) Block
                              MemberDecorate 30_2($Global) 0 Offset 0
                              MemberDecorate 30_2($Global) 1 Offset 8
                              MemberDecorate 30_2($Global) 2 Offset 16
                              MemberDecorate 30_2($Global) 3 Offset 32
                              MemberDecorate 30_2($Global) 4 Offset 48
                              MemberDecorate 30_2($Global) 5 Offset 56
                              MemberDecorate 30_2($Global) 6 Offset 64
                              MemberDecorate 30_2($Global) 7 Offset 80
                              Decorate 59_2 Binding 7
                              Decorate 59_2 DescriptorSet 0
                              Decorate 59_3(g_tTex1di4a) Binding 2
                              Decorate 59_3(g_tTex1di4a) DescriptorSet 0
                              Decorate 59_4(g_tTex1du4a) Binding 3
                              Decorate 59_4(g_tTex1du4a) DescriptorSet 0
                              Decorate 59_5(g_tTex2df4a) Binding 4
                              Decorate 59_5(g_tTex2df4a) DescriptorSet 0
                              Decorate 59_6(g_tTex2di4a) Binding 5
                              Decorate 59_6(g_tTex2di4a) DescriptorSet 0
                              Decorate 59_7(g_tTex2du4a) Binding 6
                              Decorate 59_7(g_tTex2du4a) DescriptorSet 0
                              Decorate 59_8(@entryPointOutput.Color) Location 0
                              Decorate 59_9(@entryPointOutput.Depth) BuiltIn FragDepth
                              Decorate 59_10(g_sSamp) Binding 0
                              Decorate 59_10(g_sSamp) DescriptorSet 0
                              Decorate 59_11(g_tTex1df4) Binding 0
                              Decorate 59_11(g_tTex1df4) DescriptorSet 0
                              Decorate 59_12(g_tTex1di4) Binding 0
                              Decorate 59_12(g_tTex1di4) DescriptorSet 0
                              Decorate 59_13(g_tTex1du4) Binding 0
                              Decorate 59_13(g_tTex1du4) DescriptorSet 0
                              Decorate 59_14(g_tTex2df4) Binding 0
                              Decorate 59_14(g_tTex2df4) DescriptorSet 0
                              Decorate 59_15(g_tTex2di4) Binding 0
                              Decorate 59_15(g_tTex2di4) DescriptorSet 0
                              Decorate 59_16(g_tTex2du4) Binding 0
                              Decorate 59_16(g_tTex2du4) DescriptorSet 0
                              Decorate 59_17(g_tTex3df4) Binding 0
                              Decorate 59_17(g_tTex3df4) DescriptorSet 0
                              Decorate 59_18(g_tTex3di4) Binding 0
                              Decorate 59_18(g_tTex3di4) DescriptorSet 0
                              Decorate 59_19(g_tTex3du4) Binding 0
                              Decorate 59_19(g_tTex3du4) DescriptorSet 0
            19_1:             TypeVoid
            33_1:             TypeFunction 19_1
            22_1:             TypeFloat 32
            23_1:             TypeVector 22_1(float) 4
 30_1(PS_OUTPUT):             TypeStruct 23_1(fvec4) 22_1(float)
            33_2:             TypeFunction 30_1(PS_OUTPUT)
            25_1:             TypeImage 22_1(float) 1D array nonsampled format:Rgba32f
            32_1:             TypePointer UniformConstant 25_1
59_1(g_tTex1df4a):   32_1(ptr) Variable UniformConstant
            21_1:             TypeInt 32 1
            23_2:             TypeVector 21_1(int) 2
            23_3:             TypeVector 21_1(int) 3
            23_4:             TypeVector 21_1(int) 4
   30_2($Global):             TypeStruct 21_1(int) 23_2(ivec2) 23_3(ivec3) 23_4(ivec4) 21_1(int) 23_2(ivec2) 23_3(ivec3) 23_4(ivec4)
            32_2:             TypePointer Uniform 30_2($Global)
            59_2:   32_2(ptr) Variable Uniform
            43_1:   21_1(int) Constant 1
            32_3:             TypePointer Uniform 23_2(ivec2)
            25_2:             TypeImage 21_1(int) 1D array nonsampled format:Rgba32i
            32_4:             TypePointer UniformConstant 25_2
59_3(g_tTex1di4a):   32_4(ptr) Variable UniformConstant
            21_2:             TypeInt 32 0
            25_3:             TypeImage 21_2(int) 1D array nonsampled format:Rgba32ui
            32_5:             TypePointer UniformConstant 25_3
59_4(g_tTex1du4a):   32_5(ptr) Variable UniformConstant
            23_5:             TypeVector 21_2(int) 4
            25_4:             TypeImage 22_1(float) 2D array nonsampled format:Rgba32f
            32_6:             TypePointer UniformConstant 25_4
59_5(g_tTex2df4a):   32_6(ptr) Variable UniformConstant
            43_2:   21_1(int) Constant 2
            32_7:             TypePointer Uniform 23_3(ivec3)
            25_5:             TypeImage 21_1(int) 2D array nonsampled format:Rgba32i
            32_8:             TypePointer UniformConstant 25_5
59_6(g_tTex2di4a):   32_8(ptr) Variable UniformConstant
            25_6:             TypeImage 21_2(int) 2D array nonsampled format:Rgba32ui
            32_9:             TypePointer UniformConstant 25_6
59_7(g_tTex2du4a):   32_9(ptr) Variable UniformConstant
           32_10:             TypePointer Function 30_1(PS_OUTPUT)
            43_3:   21_1(int) Constant 0
            43_4: 22_1(float) Constant 1065353216
            44_1: 23_1(fvec4) ConstantComposite 43_4 43_4 43_4 43_4
           32_11:             TypePointer Function 23_1(fvec4)
           32_12:             TypePointer Function 22_1(float)
           32_13:             TypePointer Output 23_1(fvec4)
59_8(@entryPointOutput.Color):  32_13(ptr) Variable Output
           32_14:             TypePointer Output 22_1(float)
59_9(@entryPointOutput.Depth):  32_14(ptr) Variable Output
            26_1:             TypeSampler
           32_15:             TypePointer UniformConstant 26_1
  59_10(g_sSamp):  32_15(ptr) Variable UniformConstant
            25_7:             TypeImage 22_1(float) 1D nonsampled format:Rgba32f
           32_16:             TypePointer UniformConstant 25_7
59_11(g_tTex1df4):  32_16(ptr) Variable UniformConstant
            25_8:             TypeImage 21_1(int) 1D nonsampled format:Rgba32i
           32_17:             TypePointer UniformConstant 25_8
59_12(g_tTex1di4):  32_17(ptr) Variable UniformConstant
            25_9:             TypeImage 21_2(int) 1D nonsampled format:Rgba32ui
           32_18:             TypePointer UniformConstant 25_9
59_13(g_tTex1du4):  32_18(ptr) Variable UniformConstant
           25_10:             TypeImage 22_1(float) 2D nonsampled format:Rgba32f
           32_19:             TypePointer UniformConstant 25_10
59_14(g_tTex2df4):  32_19(ptr) Variable UniformConstant
           25_11:             TypeImage 21_1(int) 2D nonsampled format:Rgba32i
           32_20:             TypePointer UniformConstant 25_11
59_15(g_tTex2di4):  32_20(ptr) Variable UniformConstant
           25_12:             TypeImage 21_2(int) 2D nonsampled format:Rgba32ui
           32_21:             TypePointer UniformConstant 25_12
59_16(g_tTex2du4):  32_21(ptr) Variable UniformConstant
           25_13:             TypeImage 22_1(float) 3D nonsampled format:Rgba32f
           32_22:             TypePointer UniformConstant 25_13
59_17(g_tTex3df4):  32_22(ptr) Variable UniformConstant
           25_14:             TypeImage 21_1(int) 3D nonsampled format:Rgba32i
           32_23:             TypePointer UniformConstant 25_14
59_18(g_tTex3di4):  32_23(ptr) Variable UniformConstant
           25_15:             TypeImage 21_2(int) 3D nonsampled format:Rgba32ui
           32_24:             TypePointer UniformConstant 25_15
59_19(g_tTex3du4):  32_24(ptr) Variable UniformConstant
      54_1(main):        19_1 Function None 33_1
           248_1:             Label
59_20(flattenTemp):  32_10(ptr) Variable Function
            57_1:30_1(PS_OUTPUT) FunctionCall 54_2(@main()
                              Store 59_20(flattenTemp) 57_1
            65_1:  32_11(ptr) AccessChain 59_20(flattenTemp) 43_3
            61_1: 23_1(fvec4) Load 65_1
                              Store 59_8(@entryPointOutput.Color) 61_1
            65_2:  32_12(ptr) AccessChain 59_20(flattenTemp) 43_1
            61_2: 22_1(float) Load 65_2
                              Store 59_9(@entryPointOutput.Depth) 61_2
                              Return
                              FunctionEnd
    54_2(@main():30_1(PS_OUTPUT) Function None 33_2
           248_2:             Label
    59_21(psout):  32_10(ptr) Variable Function
            61_3:        25_1 Load 59_1(g_tTex1df4a)
            65_3:   32_3(ptr) AccessChain 59_2 43_1
            61_4: 23_2(ivec2) Load 65_3
            98_1: 23_1(fvec4) ImageRead 61_3 61_4
            61_5:        25_2 Load 59_3(g_tTex1di4a)
            65_4:   32_3(ptr) AccessChain 59_2 43_1
            61_6: 23_2(ivec2) Load 65_4
            98_2: 23_4(ivec4) ImageRead 61_5 61_6
            61_7:        25_3 Load 59_4(g_tTex1du4a)
            65_5:   32_3(ptr) AccessChain 59_2 43_1
            61_8: 23_2(ivec2) Load 65_5
            98_3: 23_5(ivec4) ImageRead 61_7 61_8
            61_9:        25_4 Load 59_5(g_tTex2df4a)
            65_6:   32_7(ptr) AccessChain 59_2 43_2
           61_10: 23_3(ivec3) Load 65_6
            98_4: 23_1(fvec4) ImageRead 61_9 61_10
           61_11:        25_5 Load 59_6(g_tTex2di4a)
            65_7:   32_7(ptr) AccessChain 59_2 43_2
           61_12: 23_3(ivec3) Load 65_7
            98_5: 23_4(ivec4) ImageRead 61_11 61_12
           61_13:        25_6 Load 59_7(g_tTex2du4a)
            65_8:   32_7(ptr) AccessChain 59_2 43_2
           61_14: 23_3(ivec3) Load 65_8
            98_6: 23_5(ivec4) ImageRead 61_13 61_14
            65_9:  32_11(ptr) AccessChain 59_21(psout) 43_3
                              Store 65_9 44_1
           65_10:  32_12(ptr) AccessChain 59_21(psout) 43_1
                              Store 65_10 43_4
           61_15:30_1(PS_OUTPUT) Load 59_21(psout)
                              ReturnValue 61_15
                              FunctionEnd
