hlsl.entry-in.frag
Shader version: 500
gl_FragCoord origin is upper left
0:? Sequence
0:8  Function Definition: fun(struct-InParam-vf2-vf4-vi21; ( temp float)
0:8    Function Parameters: 
0:8      'p' ( in structure{ temp 2-component vector of float v,  temp 4-component vector of float fragCoord,  temp 2-component vector of int i2})
0:?     Sequence
0:9      Branch: Return with expression
0:9        add ( temp float)
0:9          direct index ( temp float)
0:9            v: direct index for structure ( temp 2-component vector of float)
0:9              'p' ( in structure{ temp 2-component vector of float v,  temp 4-component vector of float fragCoord,  temp 2-component vector of int i2})
0:9              Constant:
0:9                0 (const int)
0:9            Constant:
0:9              1 (const int)
0:9          direct index ( temp float)
0:9            fragCoord: direct index for structure ( temp 4-component vector of float)
0:9              'p' ( in structure{ temp 2-component vector of float v,  temp 4-component vector of float fragCoord,  temp 2-component vector of int i2})
0:9              Constant:
0:9                1 (const int)
0:9            Constant:
0:9              0 (const int)
0:13  Function Definition: @PixelShaderFunction(struct-InParam-vf2-vf4-vi21; ( temp 4-component vector of float)
0:13    Function Parameters: 
0:13      'i' ( in structure{ temp 2-component vector of float v,  temp 4-component vector of float fragCoord,  temp 2-component vector of int i2})
0:?     Sequence
0:15      move second child to first child ( temp structure{ temp 2-component vector of float v,  temp 4-component vector of float fragCoord,  temp 2-component vector of int i2})
0:15        'local' ( temp structure{ temp 2-component vector of float v,  temp 4-component vector of float fragCoord,  temp 2-component vector of int i2})
0:15        'i' ( in structure{ temp 2-component vector of float v,  temp 4-component vector of float fragCoord,  temp 2-component vector of int i2})
0:16      Sequence
0:16        move second child to first child ( temp float)
0:16          'ret1' ( temp float)
0:16          Function Call: fun(struct-InParam-vf2-vf4-vi21; ( temp float)
0:16            'local' ( temp structure{ temp 2-component vector of float v,  temp 4-component vector of float fragCoord,  temp 2-component vector of int i2})
0:17      Sequence
0:17        move second child to first child ( temp float)
0:17          'ret2' ( temp float)
0:17          Function Call: fun(struct-InParam-vf2-vf4-vi21; ( temp float)
0:17            'i' ( in structure{ temp 2-component vector of float v,  temp 4-component vector of float fragCoord,  temp 2-component vector of int i2})
0:19      Branch: Return with expression
0:19        vector-scale ( temp 4-component vector of float)
0:19          vector-scale ( temp 4-component vector of float)
0:19            fragCoord: direct index for structure ( temp 4-component vector of float)
0:19              'local' ( temp structure{ temp 2-component vector of float v,  temp 4-component vector of float fragCoord,  temp 2-component vector of int i2})
0:19              Constant:
0:19                1 (const int)
0:19            'ret1' ( temp float)
0:19          'ret2' ( temp float)
0:13  Function Definition: PixelShaderFunction( ( temp void)
0:13    Function Parameters: 
0:?     Sequence
0:13      Sequence
0:13        move second child to first child ( temp 2-component vector of float)
0:13          v: direct index for structure ( temp 2-component vector of float)
0:?             'i' ( temp structure{ temp 2-component vector of float v,  temp 4-component vector of float fragCoord,  temp 2-component vector of int i2})
0:13            Constant:
0:13              0 (const int)
0:?           'i.v' (layout( location=0) in 2-component vector of float)
0:13        move second child to first child ( temp 4-component vector of float)
0:13          fragCoord: direct index for structure ( temp 4-component vector of float)
0:?             'i' ( temp structure{ temp 2-component vector of float v,  temp 4-component vector of float fragCoord,  temp 2-component vector of int i2})
0:13            Constant:
0:13              1 (const int)
0:?           'i.fragCoord' ( in 4-component vector of float FragCoord)
0:13        move second child to first child ( temp 2-component vector of int)
0:13          i2: direct index for structure ( temp 2-component vector of int)
0:?             'i' ( temp structure{ temp 2-component vector of float v,  temp 4-component vector of float fragCoord,  temp 2-component vector of int i2})
0:13            Constant:
0:13              2 (const int)
0:?           'i.i2' (layout( location=1) flat in 2-component vector of int)
0:13      move second child to first child ( temp 4-component vector of float)
0:?         '@entryPointOutput' (layout( location=0) out 4-component vector of float)
0:13        Function Call: @PixelShaderFunction(struct-InParam-vf2-vf4-vi21; ( temp 4-component vector of float)
0:?           'i' ( temp structure{ temp 2-component vector of float v,  temp 4-component vector of float fragCoord,  temp 2-component vector of int i2})
0:?   Linker Objects
0:?     '@entryPointOutput' (layout( location=0) out 4-component vector of float)
0:?     'i.fragCoord' ( in 4-component vector of float FragCoord)
0:?     'i.v' (layout( location=0) in 2-component vector of float)
0:?     'i.i2' (layout( location=1) flat in 2-component vector of int)


Linked fragment stage:


Shader version: 500
gl_FragCoord origin is upper left
0:? Sequence
0:8  Function Definition: fun(struct-InParam-vf2-vf4-vi21; ( temp float)
0:8    Function Parameters: 
0:8      'p' ( in structure{ temp 2-component vector of float v,  temp 4-component vector of float fragCoord,  temp 2-component vector of int i2})
0:?     Sequence
0:9      Branch: Return with expression
0:9        add ( temp float)
0:9          direct index ( temp float)
0:9            v: direct index for structure ( temp 2-component vector of float)
0:9              'p' ( in structure{ temp 2-component vector of float v,  temp 4-component vector of float fragCoord,  temp 2-component vector of int i2})
0:9              Constant:
0:9                0 (const int)
0:9            Constant:
0:9              1 (const int)
0:9          direct index ( temp float)
0:9            fragCoord: direct index for structure ( temp 4-component vector of float)
0:9              'p' ( in structure{ temp 2-component vector of float v,  temp 4-component vector of float fragCoord,  temp 2-component vector of int i2})
0:9              Constant:
0:9                1 (const int)
0:9            Constant:
0:9              0 (const int)
0:13  Function Definition: @PixelShaderFunction(struct-InParam-vf2-vf4-vi21; ( temp 4-component vector of float)
0:13    Function Parameters: 
0:13      'i' ( in structure{ temp 2-component vector of float v,  temp 4-component vector of float fragCoord,  temp 2-component vector of int i2})
0:?     Sequence
0:15      move second child to first child ( temp structure{ temp 2-component vector of float v,  temp 4-component vector of float fragCoord,  temp 2-component vector of int i2})
0:15        'local' ( temp structure{ temp 2-component vector of float v,  temp 4-component vector of float fragCoord,  temp 2-component vector of int i2})
0:15        'i' ( in structure{ temp 2-component vector of float v,  temp 4-component vector of float fragCoord,  temp 2-component vector of int i2})
0:16      Sequence
0:16        move second child to first child ( temp float)
0:16          'ret1' ( temp float)
0:16          Function Call: fun(struct-InParam-vf2-vf4-vi21; ( temp float)
0:16            'local' ( temp structure{ temp 2-component vector of float v,  temp 4-component vector of float fragCoord,  temp 2-component vector of int i2})
0:17      Sequence
0:17        move second child to first child ( temp float)
0:17          'ret2' ( temp float)
0:17          Function Call: fun(struct-InParam-vf2-vf4-vi21; ( temp float)
0:17            'i' ( in structure{ temp 2-component vector of float v,  temp 4-component vector of float fragCoord,  temp 2-component vector of int i2})
0:19      Branch: Return with expression
0:19        vector-scale ( temp 4-component vector of float)
0:19          vector-scale ( temp 4-component vector of float)
0:19            fragCoord: direct index for structure ( temp 4-component vector of float)
0:19              'local' ( temp structure{ temp 2-component vector of float v,  temp 4-component vector of float fragCoord,  temp 2-component vector of int i2})
0:19              Constant:
0:19                1 (const int)
0:19            'ret1' ( temp float)
0:19          'ret2' ( temp float)
0:13  Function Definition: PixelShaderFunction( ( temp void)
0:13    Function Parameters: 
0:?     Sequence
0:13      Sequence
0:13        move second child to first child ( temp 2-component vector of float)
0:13          v: direct index for structure ( temp 2-component vector of float)
0:?             'i' ( temp structure{ temp 2-component vector of float v,  temp 4-component vector of float fragCoord,  temp 2-component vector of int i2})
0:13            Constant:
0:13              0 (const int)
0:?           'i.v' (layout( location=0) in 2-component vector of float)
0:13        move second child to first child ( temp 4-component vector of float)
0:13          fragCoord: direct index for structure ( temp 4-component vector of float)
0:?             'i' ( temp structure{ temp 2-component vector of float v,  temp 4-component vector of float fragCoord,  temp 2-component vector of int i2})
0:13            Constant:
0:13              1 (const int)
0:?           'i.fragCoord' ( in 4-component vector of float FragCoord)
0:13        move second child to first child ( temp 2-component vector of int)
0:13          i2: direct index for structure ( temp 2-component vector of int)
0:?             'i' ( temp structure{ temp 2-component vector of float v,  temp 4-component vector of float fragCoord,  temp 2-component vector of int i2})
0:13            Constant:
0:13              2 (const int)
0:?           'i.i2' (layout( location=1) flat in 2-component vector of int)
0:13      move second child to first child ( temp 4-component vector of float)
0:?         '@entryPointOutput' (layout( location=0) out 4-component vector of float)
0:13        Function Call: @PixelShaderFunction(struct-InParam-vf2-vf4-vi21; ( temp 4-component vector of float)
0:?           'i' ( temp structure{ temp 2-component vector of float v,  temp 4-component vector of float fragCoord,  temp 2-component vector of int i2})
0:?   Linker Objects
0:?     '@entryPointOutput' (layout( location=0) out 4-component vector of float)
0:?     'i.fragCoord' ( in 4-component vector of float FragCoord)
0:?     'i.v' (layout( location=0) in 2-component vector of float)
0:?     'i.i2' (layout( location=1) flat in 2-component vector of int)

// Module Version 10000
// Generated by (magic number): 8000b
// Id's are bound by 74

                              Capability Shader
            11_1:             ExtInstImport  "GLSL.std.450"
                              MemoryModel Logical GLSL450
                              EntryPoint Fragment 54_1  "PixelShaderFunction" 59_1 59_2 59_3 59_4
                              ExecutionMode 54_1 OriginUpperLeft
                              Source HLSL 500
                              Name 54_1  "PixelShaderFunction"
                              Name 30_1  "InParam"
                              MemberName 30_1(InParam) 0  "v"
                              MemberName 30_1(InParam) 1  "fragCoord"
                              MemberName 30_1(InParam) 2  "i2"
                              Name 54_2  "fun(struct-InParam-vf2-vf4-vi21;"
                              Name 55_1  "p"
                              Name 54_3  "@PixelShaderFunction(struct-InParam-vf2-vf4-vi21;"
                              Name 55_2  "i"
                              Name 59_7  "local"
                              Name 59_8  "ret1"
                              Name 59_9  "param"
                              Name 59_10  "ret2"
                              Name 59_11  "param"
                              Name 59_5  "i"
                              Name 59_1  "i.v"
                              Name 59_2  "i.fragCoord"
                              Name 59_3  "i.i2"
                              Name 59_4  "@entryPointOutput"
                              Name 59_6  "param"
                              Decorate 59_1(i.v) Location 0
                              Decorate 59_2(i.fragCoord) BuiltIn FragCoord
                              Decorate 59_3(i.i2) Flat
                              Decorate 59_3(i.i2) Location 1
                              Decorate 59_4(@entryPointOutput) Location 0
            19_1:             TypeVoid
            33_1:             TypeFunction 19_1
            22_1:             TypeFloat 32
            23_1:             TypeVector 22_1(float) 2
            23_2:             TypeVector 22_1(float) 4
            21_1:             TypeInt 32 1
            23_3:             TypeVector 21_1(int) 2
   30_1(InParam):             TypeStruct 23_1(fvec2) 23_2(fvec4) 23_3(ivec2)
            32_1:             TypePointer Function 30_1(InParam)
            33_2:             TypeFunction 22_1(float) 32_1(ptr)
            33_3:             TypeFunction 23_2(fvec4) 32_1(ptr)
            43_1:   21_1(int) Constant 0
            21_2:             TypeInt 32 0
         uint(1):   21_2(int) Constant 1
            32_2:             TypePointer Function 22_1(float)
            43_2:   21_1(int) Constant 1
         uint(0):   21_2(int) Constant 0
            32_3:             TypePointer Function 23_2(fvec4)
            32_4:             TypePointer Input 23_1(fvec2)
       59_1(i.v):   32_4(ptr) Variable Input
            32_5:             TypePointer Function 23_1(fvec2)
            32_6:             TypePointer Input 23_2(fvec4)
59_2(i.fragCoord):   32_6(ptr) Variable Input
            43_3:   21_1(int) Constant 2
            32_7:             TypePointer Input 23_3(ivec2)
      59_3(i.i2):   32_7(ptr) Variable Input
            32_8:             TypePointer Function 23_3(ivec2)
            32_9:             TypePointer Output 23_2(fvec4)
59_4(@entryPointOutput):   32_9(ptr) Variable Output
54_1(PixelShaderFunction):        19_1 Function None 33_1
           248_1:             Label
         59_5(i):   32_1(ptr) Variable Function
     59_6(param):   32_1(ptr) Variable Function
            61_1: 23_1(fvec2) Load 59_1(i.v)
            65_1:   32_5(ptr) AccessChain 59_5(i) 43_1
                              Store 65_1 61_1
            61_2: 23_2(fvec4) Load 59_2(i.fragCoord)
            65_2:   32_3(ptr) AccessChain 59_5(i) 43_2
                              Store 65_2 61_2
            61_3: 23_3(ivec2) Load 59_3(i.i2)
            65_3:   32_8(ptr) AccessChain 59_5(i) 43_3
                              Store 65_3 61_3
            61_4:30_1(InParam) Load 59_5(i)
                              Store 59_6(param) 61_4
            57_1: 23_2(fvec4) FunctionCall 54_3(@PixelShaderFunction(struct-InParam-vf2-vf4-vi21;) 59_6(param)
                              Store 59_4(@entryPointOutput) 57_1
                              Return
                              FunctionEnd
54_2(fun(struct-InParam-vf2-vf4-vi21;): 22_1(float) Function None 33_2
         55_1(p):   32_1(ptr) FunctionParameter
           248_2:             Label
            65_4:   32_2(ptr) AccessChain 55_1(p) 43_1 uint(1)
            61_5: 22_1(float) Load 65_4
            65_5:   32_2(ptr) AccessChain 55_1(p) 43_2 uint(0)
            61_6: 22_1(float) Load 65_5
           129_1: 22_1(float) FAdd 61_5 61_6
                              ReturnValue 129_1
                              FunctionEnd
54_3(@PixelShaderFunction(struct-InParam-vf2-vf4-vi21;): 23_2(fvec4) Function None 33_3
         55_2(i):   32_1(ptr) FunctionParameter
           248_3:             Label
     59_7(local):   32_1(ptr) Variable Function
      59_8(ret1):   32_2(ptr) Variable Function
     59_9(param):   32_1(ptr) Variable Function
     59_10(ret2):   32_2(ptr) Variable Function
    59_11(param):   32_1(ptr) Variable Function
            61_7:30_1(InParam) Load 55_2(i)
                              Store 59_7(local) 61_7
            61_8:30_1(InParam) Load 59_7(local)
                              Store 59_9(param) 61_8
            57_2: 22_1(float) FunctionCall 54_2(fun(struct-InParam-vf2-vf4-vi21;) 59_9(param)
                              Store 59_8(ret1) 57_2
            61_9:30_1(InParam) Load 55_2(i)
                              Store 59_11(param) 61_9
            57_3: 22_1(float) FunctionCall 54_2(fun(struct-InParam-vf2-vf4-vi21;) 59_11(param)
                              Store 59_10(ret2) 57_3
            65_6:   32_3(ptr) AccessChain 59_7(local) 43_2
           61_10: 23_2(fvec4) Load 65_6
           61_11: 22_1(float) Load 59_8(ret1)
           142_1: 23_2(fvec4) VectorTimesScalar 61_10 61_11
           61_12: 22_1(float) Load 59_10(ret2)
           142_2: 23_2(fvec4) VectorTimesScalar 142_1 61_12
                              ReturnValue 142_2
                              FunctionEnd
