iomap.crossStage.2.vert
Shader version: 460
0:? Sequence
0:32  Function Definition: main( ( global void)
0:32    Function Parameters: 
0:34    Sequence
0:34      move second child to first child ( temp 4-component vector of float)
0:34        'vgo1' ( smooth out 4-component vector of float)
0:34        Constant:
0:34          0.000000
0:34          0.000000
0:34          0.000000
0:34          0.000000
0:35      move second child to first child ( temp 2-component vector of float)
0:35        'vgo2' ( smooth out 2-component vector of float)
0:35        Constant:
0:35          0.000000
0:35          0.000000
0:36      move second child to first child ( temp 4-component vector of float)
0:36        o3: direct index for structure ( out 4-component vector of float)
0:36          'anon@0' (layout( location=5) out block{ out 4-component vector of float o3})
0:36          Constant:
0:36            0 (const uint)
0:36        Constant:
0:36          0.000000
0:36          0.000000
0:36          0.000000
0:36          0.000000
0:?   Linker Objects
0:?     'vgo1' ( smooth out 4-component vector of float)
0:?     'vgo2' ( smooth out 2-component vector of float)
0:?     'anon@0' (layout( location=5) out block{ out 4-component vector of float o3})
0:?     'u1' ( uniform 2-component vector of float)
0:?     'u2' ( uniform 3-component vector of float)
0:?       0.000000
0:?       0.000000
0:?       0.000000
0:?     'u3' ( uniform 4-component vector of float)
0:?       0.000000
0:?       0.000000
0:?       0.000000
0:?       0.000000
0:?     'um2' ( uniform 2X2 matrix of float)
0:?       4.000000
0:?       0.000000
0:?       0.000000
0:?       4.000000
0:?     'glass' (layout( location=0 binding=0) uniform sampler2D)
0:?     'anon@1' (layout( column_major std140) uniform block{layout( column_major std140) uniform 4-component vector of float a, layout( column_major std140) uniform 4-component vector of float b})
0:?     'anon@2' (layout( column_major std430) buffer block{layout( column_major std430) buffer 2-component vector of float vb1})
0:?     'blockName1' (layout( column_major std140) uniform 2-element array of block{layout( column_major std140) uniform 4-component vector of float a, layout( column_major std140) uniform 2-component vector of float b})
0:?     'gl_VertexID' ( gl_VertexId int VertexId)
0:?     'gl_InstanceID' ( gl_InstanceId int InstanceId)

iomap.crossStage.2.geom
Shader version: 460
invocations = -1
max_vertices = 3
input primitive = points
output primitive = triangle_strip
0:? Sequence
0:29  Function Definition: main( ( global void)
0:29    Function Parameters: 
0:31    Sequence
0:31      Sequence
0:31        Sequence
0:31          move second child to first child ( temp int)
0:31            'i' ( temp int)
0:31            Constant:
0:31              0 (const int)
0:31        Loop with condition tested first
0:31          Loop Condition
0:31          Compare Less Than ( temp bool)
0:31            'i' ( temp int)
0:31            Constant:
0:31              3 (const int)
0:31          Loop Body
0:32          Sequence
0:32            move second child to first child ( temp 4-component vector of float)
0:32              'gfo1' (layout( stream=0) out 4-component vector of float)
0:32              Constant:
0:32                0.000000
0:32                0.000000
0:32                0.000000
0:32                0.000000
0:33            move second child to first child ( temp 2-component vector of float)
0:33              'gfo2' (layout( stream=0) out 2-component vector of float)
0:33              Constant:
0:33                0.000000
0:33                0.000000
0:34            move second child to first child ( temp 4-component vector of float)
0:34              o3: direct index for structure (layout( stream=0) out 4-component vector of float)
0:34                'gf_out' (layout( location=5 stream=0) out block{layout( stream=0) out 4-component vector of float o3})
0:34                Constant:
0:34                  0 (const int)
0:34              o3: direct index for structure ( in 4-component vector of float)
0:34                indirect index (layout( location=5) temp block{ in 4-component vector of float o3})
0:34                  'inBlock' (layout( location=5) in 1-element array of block{ in 4-component vector of float o3})
0:34                  'i' ( temp int)
0:34                Constant:
0:34                  0 (const int)
0:35            EmitVertex ( global void)
0:31          Loop Terminal Expression
0:31          Post-Increment ( temp int)
0:31            'i' ( temp int)
0:37      EndPrimitive ( global void)
0:?   Linker Objects
0:?     'vgo1' ( in 1-element array of 4-component vector of float)
0:?     'vgo2' ( in 1-element array of 2-component vector of float)
0:?     'inBlock' (layout( location=5) in 1-element array of block{ in 4-component vector of float o3})
0:?     'gfo1' (layout( stream=0) out 4-component vector of float)
0:?     'gfo2' (layout( stream=0) out 2-component vector of float)
0:?     'gf_out' (layout( location=5 stream=0) out block{layout( stream=0) out 4-component vector of float o3})
0:?     'u1' ( uniform 2-component vector of float)
0:?     'u2' ( uniform 3-component vector of float)
0:?       0.000000
0:?       0.000000
0:?       0.000000
0:?     'u3' ( uniform 4-component vector of float)
0:?       0.000000
0:?       0.000000
0:?       0.000000
0:?       0.000000
0:?     'blockName1' (layout( column_major std140) uniform 2-element array of block{layout( column_major std140) uniform 4-component vector of float a, layout( column_major std140) uniform 2-component vector of float b})

iomap.crossStage.2.frag
Shader version: 460
0:? Sequence
0:37  Function Definition: main( ( global void)
0:37    Function Parameters: 
0:39    Sequence
0:39      Sequence
0:39        move second child to first child ( temp 4-component vector of float)
0:39          'color' ( temp 4-component vector of float)
0:39          component-wise multiply ( temp 4-component vector of float)
0:39            component-wise multiply ( temp 4-component vector of float)
0:39              component-wise multiply ( temp 4-component vector of float)
0:39                'gfo1' ( smooth in 4-component vector of float)
0:39                vector swizzle ( temp 4-component vector of float)
0:39                  'u1' ( uniform 2-component vector of float)
0:39                  Sequence
0:39                    Constant:
0:39                      0 (const int)
0:39                    Constant:
0:39                      1 (const int)
0:39                    Constant:
0:39                      0 (const int)
0:39                    Constant:
0:39                      1 (const int)
0:39              vector swizzle ( temp 4-component vector of float)
0:39                'u2' ( uniform 3-component vector of float)
0:39                Sequence
0:39                  Constant:
0:39                    0 (const int)
0:39                  Constant:
0:39                    1 (const int)
0:39                  Constant:
0:39                    2 (const int)
0:39                  Constant:
0:39                    0 (const int)
0:39            vector swizzle ( temp 4-component vector of float)
0:39              'u3' ( uniform 4-component vector of float)
0:39                0.000000
0:39                0.000000
0:39                0.000000
0:39                0.000000
0:39              Sequence
0:39                Constant:
0:39                  0 (const int)
0:39                Constant:
0:39                  1 (const int)
0:39                Constant:
0:39                  2 (const int)
0:39                Constant:
0:39                  3 (const int)
0:40      move second child to first child ( temp 4-component vector of float)
0:40        'outColor' ( out 4-component vector of float)
0:40        'color' ( temp 4-component vector of float)
0:?   Linker Objects
0:?     'anon@0' (layout( location=5) in block{ in 4-component vector of float o3})
0:?     'gfo1' ( smooth in 4-component vector of float)
0:?     'gfo2' ( smooth in 2-component vector of float)
0:?     'outColor' ( out 4-component vector of float)
0:?     'u1' ( uniform 2-component vector of float)
0:?     'u2' ( uniform 3-component vector of float)
0:?     'u3' ( uniform 4-component vector of float)
0:?       0.000000
0:?       0.000000
0:?       0.000000
0:?       0.000000
0:?     'um2' ( uniform 2X2 matrix of float)
0:?       4.000000
0:?       0.000000
0:?       0.000000
0:?       4.000000
0:?     'glass' (layout( location=0 binding=0) uniform sampler2D)
0:?     'anon@1' (layout( column_major std140) uniform block{layout( column_major std140) uniform 4-component vector of float a, layout( column_major std140) uniform 4-component vector of float b})
0:?     'anon@2' (layout( column_major std430) buffer block{layout( column_major std430) buffer 2-component vector of float fb1})
0:?     'blockName2' (layout( column_major std140) uniform 2-element array of block{layout( column_major std140) uniform 4-component vector of float a, layout( column_major std140) uniform 2-component vector of float b})


Linked vertex stage:


Linked geometry stage:


Linked fragment stage:

WARNING: Linking unknown stage and fragment stages: Matched shader interfaces are using different instance names.
    unknown stage stage: Block: crossStageBlock2 Instance: blockName1: ""
    fragment stage: Block: crossStageBlock2 Instance: blockName2: ""

Shader version: 460
0:? Sequence
0:32  Function Definition: main( ( global void)
0:32    Function Parameters: 
0:34    Sequence
0:34      move second child to first child ( temp 4-component vector of float)
0:34        'vgo1' ( smooth out 4-component vector of float)
0:34        Constant:
0:34          0.000000
0:34          0.000000
0:34          0.000000
0:34          0.000000
0:35      move second child to first child ( temp 2-component vector of float)
0:35        'vgo2' ( smooth out 2-component vector of float)
0:35        Constant:
0:35          0.000000
0:35          0.000000
0:36      move second child to first child ( temp 4-component vector of float)
0:36        o3: direct index for structure ( out 4-component vector of float)
0:36          'anon@0' (layout( location=5) out block{ out 4-component vector of float o3})
0:36          Constant:
0:36            0 (const uint)
0:36        Constant:
0:36          0.000000
0:36          0.000000
0:36          0.000000
0:36          0.000000
0:?   Linker Objects
0:?     'vgo1' ( smooth out 4-component vector of float)
0:?     'vgo2' ( smooth out 2-component vector of float)
0:?     'anon@0' (layout( location=5) out block{ out 4-component vector of float o3})
0:?     'u1' ( uniform 2-component vector of float)
0:?     'u2' ( uniform 3-component vector of float)
0:?       0.000000
0:?       0.000000
0:?       0.000000
0:?     'u3' ( uniform 4-component vector of float)
0:?       0.000000
0:?       0.000000
0:?       0.000000
0:?       0.000000
0:?     'um2' ( uniform 2X2 matrix of float)
0:?       4.000000
0:?       0.000000
0:?       0.000000
0:?       4.000000
0:?     'glass' (layout( location=0 binding=0) uniform sampler2D)
0:?     'anon@1' (layout( column_major std140) uniform block{layout( column_major std140) uniform 4-component vector of float a, layout( column_major std140) uniform 4-component vector of float b})
0:?     'anon@2' (layout( column_major std430) buffer block{layout( column_major std430) buffer 2-component vector of float vb1})
0:?     'blockName1' (layout( column_major std140) uniform 2-element array of block{layout( column_major std140) uniform 4-component vector of float a, layout( column_major std140) uniform 2-component vector of float b})
0:?     'gl_VertexID' ( gl_VertexId int VertexId)
0:?     'gl_InstanceID' ( gl_InstanceId int InstanceId)
Shader version: 460
invocations = 1
max_vertices = 3
input primitive = points
output primitive = triangle_strip
0:? Sequence
0:29  Function Definition: main( ( global void)
0:29    Function Parameters: 
0:31    Sequence
0:31      Sequence
0:31        Sequence
0:31          move second child to first child ( temp int)
0:31            'i' ( temp int)
0:31            Constant:
0:31              0 (const int)
0:31        Loop with condition tested first
0:31          Loop Condition
0:31          Compare Less Than ( temp bool)
0:31            'i' ( temp int)
0:31            Constant:
0:31              3 (const int)
0:31          Loop Body
0:32          Sequence
0:32            move second child to first child ( temp 4-component vector of float)
0:32              'gfo1' (layout( stream=0) out 4-component vector of float)
0:32              Constant:
0:32                0.000000
0:32                0.000000
0:32                0.000000
0:32                0.000000
0:33            move second child to first child ( temp 2-component vector of float)
0:33              'gfo2' (layout( stream=0) out 2-component vector of float)
0:33              Constant:
0:33                0.000000
0:33                0.000000
0:34            move second child to first child ( temp 4-component vector of float)
0:34              o3: direct index for structure (layout( stream=0) out 4-component vector of float)
0:34                'gf_out' (layout( location=5 stream=0) out block{layout( stream=0) out 4-component vector of float o3})
0:34                Constant:
0:34                  0 (const int)
0:34              o3: direct index for structure ( in 4-component vector of float)
0:34                indirect index (layout( location=5) temp block{ in 4-component vector of float o3})
0:34                  'inBlock' (layout( location=5) in 1-element array of block{ in 4-component vector of float o3})
0:34                  'i' ( temp int)
0:34                Constant:
0:34                  0 (const int)
0:35            EmitVertex ( global void)
0:31          Loop Terminal Expression
0:31          Post-Increment ( temp int)
0:31            'i' ( temp int)
0:37      EndPrimitive ( global void)
0:?   Linker Objects
0:?     'vgo1' ( in 1-element array of 4-component vector of float)
0:?     'vgo2' ( in 1-element array of 2-component vector of float)
0:?     'inBlock' (layout( location=5) in 1-element array of block{ in 4-component vector of float o3})
0:?     'gfo1' (layout( stream=0) out 4-component vector of float)
0:?     'gfo2' (layout( stream=0) out 2-component vector of float)
0:?     'gf_out' (layout( location=5 stream=0) out block{layout( stream=0) out 4-component vector of float o3})
0:?     'u1' ( uniform 2-component vector of float)
0:?     'u2' ( uniform 3-component vector of float)
0:?       0.000000
0:?       0.000000
0:?       0.000000
0:?     'u3' ( uniform 4-component vector of float)
0:?       0.000000
0:?       0.000000
0:?       0.000000
0:?       0.000000
0:?     'blockName1' (layout( column_major std140) uniform 2-element array of block{layout( column_major std140) uniform 4-component vector of float a, layout( column_major std140) uniform 2-component vector of float b})
Shader version: 460
0:? Sequence
0:37  Function Definition: main( ( global void)
0:37    Function Parameters: 
0:39    Sequence
0:39      Sequence
0:39        move second child to first child ( temp 4-component vector of float)
0:39          'color' ( temp 4-component vector of float)
0:39          component-wise multiply ( temp 4-component vector of float)
0:39            component-wise multiply ( temp 4-component vector of float)
0:39              component-wise multiply ( temp 4-component vector of float)
0:39                'gfo1' ( smooth in 4-component vector of float)
0:39                vector swizzle ( temp 4-component vector of float)
0:39                  'u1' ( uniform 2-component vector of float)
0:39                  Sequence
0:39                    Constant:
0:39                      0 (const int)
0:39                    Constant:
0:39                      1 (const int)
0:39                    Constant:
0:39                      0 (const int)
0:39                    Constant:
0:39                      1 (const int)
0:39              vector swizzle ( temp 4-component vector of float)
0:39                'u2' ( uniform 3-component vector of float)
0:39                Sequence
0:39                  Constant:
0:39                    0 (const int)
0:39                  Constant:
0:39                    1 (const int)
0:39                  Constant:
0:39                    2 (const int)
0:39                  Constant:
0:39                    0 (const int)
0:39            vector swizzle ( temp 4-component vector of float)
0:39              'u3' ( uniform 4-component vector of float)
0:39                0.000000
0:39                0.000000
0:39                0.000000
0:39                0.000000
0:39              Sequence
0:39                Constant:
0:39                  0 (const int)
0:39                Constant:
0:39                  1 (const int)
0:39                Constant:
0:39                  2 (const int)
0:39                Constant:
0:39                  3 (const int)
0:40      move second child to first child ( temp 4-component vector of float)
0:40        'outColor' ( out 4-component vector of float)
0:40        'color' ( temp 4-component vector of float)
0:?   Linker Objects
0:?     'anon@0' (layout( location=5) in block{ in 4-component vector of float o3})
0:?     'gfo1' ( smooth in 4-component vector of float)
0:?     'gfo2' ( smooth in 2-component vector of float)
0:?     'outColor' ( out 4-component vector of float)
0:?     'u1' ( uniform 2-component vector of float)
0:?     'u2' ( uniform 3-component vector of float)
0:?     'u3' ( uniform 4-component vector of float)
0:?       0.000000
0:?       0.000000
0:?       0.000000
0:?       0.000000
0:?     'um2' ( uniform 2X2 matrix of float)
0:?       4.000000
0:?       0.000000
0:?       0.000000
0:?       4.000000
0:?     'glass' (layout( location=0 binding=0) uniform sampler2D)
0:?     'anon@1' (layout( column_major std140) uniform block{layout( column_major std140) uniform 4-component vector of float a, layout( column_major std140) uniform 4-component vector of float b})
0:?     'anon@2' (layout( column_major std430) buffer block{layout( column_major std430) buffer 2-component vector of float fb1})
0:?     'blockName2' (layout( column_major std140) uniform 2-element array of block{layout( column_major std140) uniform 4-component vector of float a, layout( column_major std140) uniform 2-component vector of float b})

// Module Version 10000
// Generated by (magic number): 8000b
// Id's are bound by 56

                              Capability Shader
            11_1:             ExtInstImport  "GLSL.std.450"
                              MemoryModel Logical GLSL450
                              EntryPoint Vertex 54_1  "main" 59_1 59_2 59_3 59_12 59_13
                              Source GLSL 460
                              Name 54_1  "main"
                              Name 59_1  "vgo1"
                              Name 59_2  "vgo2"
                              Name 30_1  "outBlock"
                              MemberName 30_1(outBlock) 0  "o3"
                              Name 59_3  ""
                              Name 59_4  "u1"
                              Name 59_5  "u2"
                              Name 59_6  "u3"
                              Name 59_7  "um2"
                              Name 59_8  "glass"
                              Name 30_2  "crossStageBlock1"
                              MemberName 30_2(crossStageBlock1) 0  "a"
                              MemberName 30_2(crossStageBlock1) 1  "b"
                              Name 59_9  ""
                              Name 30_3  "vertOnlyBlock"
                              MemberName 30_3(vertOnlyBlock) 0  "vb1"
                              Name 59_10  ""
                              Name 30_4  "crossStageBlock2"
                              MemberName 30_4(crossStageBlock2) 0  "a"
                              MemberName 30_4(crossStageBlock2) 1  "b"
                              Name 59_11  "blockName1"
                              Name 59_12  "gl_VertexID"
                              Name 59_13  "gl_InstanceID"
                              Decorate 59_1(vgo1) Location 0
                              Decorate 59_2(vgo2) Location 1
                              Decorate 30_1(outBlock) Block
                              Decorate 59_3 Location 5
                              Decorate 59_4(u1) Location 1
                              Decorate 59_4(u1) DescriptorSet 0
                              Decorate 59_5(u2) Location 2
                              Decorate 59_5(u2) DescriptorSet 0
                              Decorate 59_6(u3) Location 3
                              Decorate 59_6(u3) DescriptorSet 0
                              Decorate 59_7(um2) Location 4
                              Decorate 59_7(um2) DescriptorSet 0
                              Decorate 59_8(glass) Location 0
                              Decorate 59_8(glass) Binding 0
                              Decorate 59_8(glass) DescriptorSet 0
                              Decorate 30_2(crossStageBlock1) Block
                              MemberDecorate 30_2(crossStageBlock1) 0 Offset 0
                              MemberDecorate 30_2(crossStageBlock1) 1 Offset 16
                              Decorate 59_9 Binding 0
                              Decorate 59_9 DescriptorSet 0
                              Decorate 30_3(vertOnlyBlock) BufferBlock
                              MemberDecorate 30_3(vertOnlyBlock) 0 Offset 0
                              Decorate 59_10 Binding 0
                              Decorate 59_10 DescriptorSet 0
                              Decorate 30_4(crossStageBlock2) Block
                              MemberDecorate 30_4(crossStageBlock2) 0 Offset 0
                              MemberDecorate 30_4(crossStageBlock2) 1 Offset 16
                              Decorate 59_11(blockName1) Binding 0
                              Decorate 59_11(blockName1) DescriptorSet 0
                              Decorate 59_12(gl_VertexID) BuiltIn VertexId
                              Decorate 59_13(gl_InstanceID) BuiltIn InstanceId
            19_1:             TypeVoid
            33_1:             TypeFunction 19_1
            22_1:             TypeFloat 32
            23_1:             TypeVector 22_1(float) 4
            32_1:             TypePointer Output 23_1(fvec4)
      59_1(vgo1):   32_1(ptr) Variable Output
            43_1: 22_1(float) Constant 0
            44_1: 23_1(fvec4) ConstantComposite 43_1 43_1 43_1 43_1
            23_2:             TypeVector 22_1(float) 2
            32_2:             TypePointer Output 23_2(fvec2)
      59_2(vgo2):   32_2(ptr) Variable Output
            44_2: 23_2(fvec2) ConstantComposite 43_1 43_1
  30_1(outBlock):             TypeStruct 23_1(fvec4)
            32_3:             TypePointer Output 30_1(outBlock)
            59_3:   32_3(ptr) Variable Output
            21_1:             TypeInt 32 1
            43_2:   21_1(int) Constant 0
            32_4:             TypePointer UniformConstant 23_2(fvec2)
        59_4(u1):   32_4(ptr) Variable UniformConstant
            23_3:             TypeVector 22_1(float) 3
            44_3: 23_3(fvec3) ConstantComposite 43_1 43_1 43_1
            32_5:             TypePointer UniformConstant 23_3(fvec3)
        59_5(u2):   32_5(ptr) Variable UniformConstant 44_3
            32_6:             TypePointer UniformConstant 23_1(fvec4)
        59_6(u3):   32_6(ptr) Variable UniformConstant 44_1
            24_1:             TypeMatrix 23_2(fvec2) 2
            43_3: 22_1(float) Constant 1082130432
            44_4: 23_2(fvec2) ConstantComposite 43_3 43_1
            44_5: 23_2(fvec2) ConstantComposite 43_1 43_3
            44_6:        24_1 ConstantComposite 44_4 44_5
            32_7:             TypePointer UniformConstant 24_1
       59_7(um2):   32_7(ptr) Variable UniformConstant 44_6
            25_1:             TypeImage 22_1(float) 2D sampled format:Unknown
            27_1:             TypeSampledImage 25_1
            32_8:             TypePointer UniformConstant 27_1
     59_8(glass):   32_8(ptr) Variable UniformConstant
30_2(crossStageBlock1):             TypeStruct 23_1(fvec4) 23_1(fvec4)
            32_9:             TypePointer Uniform 30_2(crossStageBlock1)
            59_9:   32_9(ptr) Variable Uniform
30_3(vertOnlyBlock):             TypeStruct 23_2(fvec2)
           32_10:             TypePointer Uniform 30_3(vertOnlyBlock)
           59_10:  32_10(ptr) Variable Uniform
30_4(crossStageBlock2):             TypeStruct 23_1(fvec4) 23_2(fvec2)
            21_2:             TypeInt 32 0
         uint(2):   21_2(int) Constant 2
            28_1:             TypeArray 30_4(crossStageBlock2) uint(2)
           32_11:             TypePointer Uniform 28_1
59_11(blockName1):  32_11(ptr) Variable Uniform
           32_12:             TypePointer Input 21_1(int)
59_12(gl_VertexID):  32_12(ptr) Variable Input
59_13(gl_InstanceID):  32_12(ptr) Variable Input
      54_1(main):        19_1 Function None 33_1
           248_1:             Label
                              Store 59_1(vgo1) 44_1
                              Store 59_2(vgo2) 44_2
            65_1:   32_1(ptr) AccessChain 59_3 43_2
                              Store 65_1 44_1
                              Return
                              FunctionEnd
// Module Version 10000
// Generated by (magic number): 8000b
// Id's are bound by 65

                              Capability Geometry
            11_1:             ExtInstImport  "GLSL.std.450"
                              MemoryModel Logical GLSL450
                              EntryPoint Geometry 54_1  "main" 59_1 59_2 59_3 59_4 59_5 59_6
                              ExecutionMode 54_1 InputPoints
                              ExecutionMode 54_1 Invocations 1
                              ExecutionMode 54_1 OutputTriangleStrip
                              ExecutionMode 54_1 OutputVertices 3
                              Source GLSL 460
                              Name 54_1  "main"
                              Name 59_11  "i"
                              Name 59_1  "gfo1"
                              Name 59_2  "gfo2"
                              Name 30_1  "outBlock"
                              MemberName 30_1(outBlock) 0  "o3"
                              Name 59_3  "gf_out"
                              Name 30_2  "outBlock"
                              MemberName 30_2(outBlock) 0  "o3"
                              Name 59_4  "inBlock"
                              Name 59_5  "vgo1"
                              Name 59_6  "vgo2"
                              Name 59_7  "u1"
                              Name 59_8  "u2"
                              Name 59_9  "u3"
                              Name 30_3  "crossStageBlock2"
                              MemberName 30_3(crossStageBlock2) 0  "a"
                              MemberName 30_3(crossStageBlock2) 1  "b"
                              Name 59_10  "blockName1"
                              Decorate 59_1(gfo1) Location 0
                              Decorate 59_2(gfo2) Location 1
                              Decorate 30_1(outBlock) Block
                              Decorate 59_3(gf_out) Location 5
                              Decorate 30_2(outBlock) Block
                              Decorate 59_4(inBlock) Location 5
                              Decorate 59_5(vgo1) Location 0
                              Decorate 59_6(vgo2) Location 1
                              Decorate 59_7(u1) Location 1
                              Decorate 59_7(u1) DescriptorSet 0
                              Decorate 59_8(u2) Location 2
                              Decorate 59_8(u2) DescriptorSet 0
                              Decorate 59_9(u3) Location 3
                              Decorate 59_9(u3) DescriptorSet 0
                              Decorate 30_3(crossStageBlock2) Block
                              MemberDecorate 30_3(crossStageBlock2) 0 Offset 0
                              MemberDecorate 30_3(crossStageBlock2) 1 Offset 16
                              Decorate 59_10(blockName1) Binding 0
                              Decorate 59_10(blockName1) DescriptorSet 0
            19_1:             TypeVoid
            33_1:             TypeFunction 19_1
            21_1:             TypeInt 32 1
            32_1:             TypePointer Function 21_1(int)
            43_1:   21_1(int) Constant 0
            43_2:   21_1(int) Constant 3
            20_1:             TypeBool
            22_1:             TypeFloat 32
            23_1:             TypeVector 22_1(float) 4
            32_2:             TypePointer Output 23_1(fvec4)
      59_1(gfo1):   32_2(ptr) Variable Output
            43_3: 22_1(float) Constant 0
            44_1: 23_1(fvec4) ConstantComposite 43_3 43_3 43_3 43_3
            23_2:             TypeVector 22_1(float) 2
            32_3:             TypePointer Output 23_2(fvec2)
      59_2(gfo2):   32_3(ptr) Variable Output
            44_2: 23_2(fvec2) ConstantComposite 43_3 43_3
  30_1(outBlock):             TypeStruct 23_1(fvec4)
            32_4:             TypePointer Output 30_1(outBlock)
    59_3(gf_out):   32_4(ptr) Variable Output
  30_2(outBlock):             TypeStruct 23_1(fvec4)
            21_2:             TypeInt 32 0
         uint(1):   21_2(int) Constant 1
            28_1:             TypeArray 30_2(outBlock) uint(1)
            32_5:             TypePointer Input 28_1
   59_4(inBlock):   32_5(ptr) Variable Input
            32_6:             TypePointer Input 23_1(fvec4)
            43_4:   21_1(int) Constant 1
            28_2:             TypeArray 23_1(fvec4) uint(1)
            32_7:             TypePointer Input 28_2
      59_5(vgo1):   32_7(ptr) Variable Input
            28_3:             TypeArray 23_2(fvec2) uint(1)
            32_8:             TypePointer Input 28_3
      59_6(vgo2):   32_8(ptr) Variable Input
            32_9:             TypePointer UniformConstant 23_2(fvec2)
        59_7(u1):   32_9(ptr) Variable UniformConstant
            23_3:             TypeVector 22_1(float) 3
            44_3: 23_3(fvec3) ConstantComposite 43_3 43_3 43_3
           32_10:             TypePointer UniformConstant 23_3(fvec3)
        59_8(u2):  32_10(ptr) Variable UniformConstant 44_3
           32_11:             TypePointer UniformConstant 23_1(fvec4)
        59_9(u3):  32_11(ptr) Variable UniformConstant 44_1
30_3(crossStageBlock2):             TypeStruct 23_1(fvec4) 23_2(fvec2)
         uint(2):   21_2(int) Constant 2
            28_4:             TypeArray 30_3(crossStageBlock2) uint(2)
           32_12:             TypePointer Uniform 28_4
59_10(blockName1):  32_12(ptr) Variable Uniform
      54_1(main):        19_1 Function None 33_1
           248_1:             Label
        59_11(i):   32_1(ptr) Variable Function
                              Store 59_11(i) 43_1
                              Branch 248_2
           248_2:             Label
                              LoopMerge 248_6 248_5 None
                              Branch 248_3
           248_3:             Label
            61_1:   21_1(int) Load 59_11(i)
           177_1:  20_1(bool) SLessThan 61_1 43_2
                              BranchConditional 177_1 248_4 248_6
           248_4:               Label
                                Store 59_1(gfo1) 44_1
                                Store 59_2(gfo2) 44_2
            61_2:   21_1(int)   Load 59_11(i)
            65_1:   32_6(ptr)   AccessChain 59_4(inBlock) 61_2 43_1
            61_3: 23_1(fvec4)   Load 65_1
            65_2:   32_2(ptr)   AccessChain 59_3(gf_out) 43_1
                                Store 65_2 61_3
                                EmitVertex
                                Branch 248_5
           248_5:               Label
            61_4:   21_1(int)   Load 59_11(i)
           128_1:   21_1(int)   IAdd 61_4 43_4
                                Store 59_11(i) 128_1
                                Branch 248_2
           248_6:             Label
                              EndPrimitive
                              Return
                              FunctionEnd
// Module Version 10000
// Generated by (magic number): 8000b
// Id's are bound by 62

                              Capability Shader
            11_1:             ExtInstImport  "GLSL.std.450"
                              MemoryModel Logical GLSL450
                              EntryPoint Fragment 54_1  "main" 59_1 59_5 59_6 59_7
                              ExecutionMode 54_1 OriginLowerLeft
                              Source GLSL 460
                              Name 54_1  "main"
                              Name 59_13  "color"
                              Name 59_1  "gfo1"
                              Name 59_2  "u1"
                              Name 59_3  "u2"
                              Name 59_4  "u3"
                              Name 59_5  "outColor"
                              Name 30_1  "outBlock"
                              MemberName 30_1(outBlock) 0  "o3"
                              Name 59_6  ""
                              Name 59_7  "gfo2"
                              Name 59_8  "um2"
                              Name 59_9  "glass"
                              Name 30_2  "crossStageBlock1"
                              MemberName 30_2(crossStageBlock1) 0  "a"
                              MemberName 30_2(crossStageBlock1) 1  "b"
                              Name 59_10  ""
                              Name 30_3  "fragOnlyBlock"
                              MemberName 30_3(fragOnlyBlock) 0  "fb1"
                              Name 59_11  ""
                              Name 30_4  "crossStageBlock2"
                              MemberName 30_4(crossStageBlock2) 0  "a"
                              MemberName 30_4(crossStageBlock2) 1  "b"
                              Name 59_12  "blockName2"
                              Decorate 59_1(gfo1) Location 0
                              Decorate 59_2(u1) Location 1
                              Decorate 59_2(u1) DescriptorSet 0
                              Decorate 59_3(u2) Location 2
                              Decorate 59_3(u2) DescriptorSet 0
                              Decorate 59_4(u3) Location 3
                              Decorate 59_4(u3) DescriptorSet 0
                              Decorate 59_5(outColor) Location 0
                              Decorate 30_1(outBlock) Block
                              Decorate 59_6 Location 5
                              Decorate 59_7(gfo2) Location 1
                              Decorate 59_8(um2) Location 4
                              Decorate 59_8(um2) DescriptorSet 0
                              Decorate 59_9(glass) Location 0
                              Decorate 59_9(glass) Binding 0
                              Decorate 59_9(glass) DescriptorSet 0
                              Decorate 30_2(crossStageBlock1) Block
                              MemberDecorate 30_2(crossStageBlock1) 0 Offset 0
                              MemberDecorate 30_2(crossStageBlock1) 1 Offset 16
                              Decorate 59_10 Binding 0
                              Decorate 59_10 DescriptorSet 0
                              Decorate 30_3(fragOnlyBlock) BufferBlock
                              MemberDecorate 30_3(fragOnlyBlock) 0 Offset 0
                              Decorate 59_11 Binding 0
                              Decorate 59_11 DescriptorSet 0
                              Decorate 30_4(crossStageBlock2) Block
                              MemberDecorate 30_4(crossStageBlock2) 0 Offset 0
                              MemberDecorate 30_4(crossStageBlock2) 1 Offset 16
                              Decorate 59_12(blockName2) Binding 0
                              Decorate 59_12(blockName2) DescriptorSet 0
            19_1:             TypeVoid
            33_1:             TypeFunction 19_1
            22_1:             TypeFloat 32
            23_1:             TypeVector 22_1(float) 4
            32_1:             TypePointer Function 23_1(fvec4)
            32_2:             TypePointer Input 23_1(fvec4)
      59_1(gfo1):   32_2(ptr) Variable Input
            23_2:             TypeVector 22_1(float) 2
            32_3:             TypePointer UniformConstant 23_2(fvec2)
        59_2(u1):   32_3(ptr) Variable UniformConstant
            23_3:             TypeVector 22_1(float) 3
            32_4:             TypePointer UniformConstant 23_3(fvec3)
        59_3(u2):   32_4(ptr) Variable UniformConstant
            43_1: 22_1(float) Constant 0
            44_1: 23_1(fvec4) ConstantComposite 43_1 43_1 43_1 43_1
            32_5:             TypePointer UniformConstant 23_1(fvec4)
        59_4(u3):   32_5(ptr) Variable UniformConstant 44_1
            32_6:             TypePointer Output 23_1(fvec4)
  59_5(outColor):   32_6(ptr) Variable Output
  30_1(outBlock):             TypeStruct 23_1(fvec4)
            32_7:             TypePointer Input 30_1(outBlock)
            59_6:   32_7(ptr) Variable Input
            32_8:             TypePointer Input 23_2(fvec2)
      59_7(gfo2):   32_8(ptr) Variable Input
            24_1:             TypeMatrix 23_2(fvec2) 2
            43_2: 22_1(float) Constant 1082130432
            44_2: 23_2(fvec2) ConstantComposite 43_2 43_1
            44_3: 23_2(fvec2) ConstantComposite 43_1 43_2
            44_4:        24_1 ConstantComposite 44_2 44_3
            32_9:             TypePointer UniformConstant 24_1
       59_8(um2):   32_9(ptr) Variable UniformConstant 44_4
            25_1:             TypeImage 22_1(float) 2D sampled format:Unknown
            27_1:             TypeSampledImage 25_1
           32_10:             TypePointer UniformConstant 27_1
     59_9(glass):  32_10(ptr) Variable UniformConstant
30_2(crossStageBlock1):             TypeStruct 23_1(fvec4) 23_1(fvec4)
           32_11:             TypePointer Uniform 30_2(crossStageBlock1)
           59_10:  32_11(ptr) Variable Uniform
30_3(fragOnlyBlock):             TypeStruct 23_2(fvec2)
           32_12:             TypePointer Uniform 30_3(fragOnlyBlock)
           59_11:  32_12(ptr) Variable Uniform
30_4(crossStageBlock2):             TypeStruct 23_1(fvec4) 23_2(fvec2)
            21_1:             TypeInt 32 0
         uint(2):   21_1(int) Constant 2
            28_1:             TypeArray 30_4(crossStageBlock2) uint(2)
           32_13:             TypePointer Uniform 28_1
59_12(blockName2):  32_13(ptr) Variable Uniform
      54_1(main):        19_1 Function None 33_1
           248_1:             Label
    59_13(color):   32_1(ptr) Variable Function
            61_1: 23_1(fvec4) Load 59_1(gfo1)
            61_2: 23_2(fvec2) Load 59_2(u1)
            79_1: 23_1(fvec4) VectorShuffle 61_2 61_2 0 1 0 1
           133_1: 23_1(fvec4) FMul 61_1 79_1
            61_3: 23_3(fvec3) Load 59_3(u2)
            79_2: 23_1(fvec4) VectorShuffle 61_3 61_3 0 1 2 0
           133_2: 23_1(fvec4) FMul 133_1 79_2
            61_4: 23_1(fvec4) Load 59_4(u3)
           133_3: 23_1(fvec4) FMul 133_2 61_4
                              Store 59_13(color) 133_3
            61_5: 23_1(fvec4) Load 59_13(color)
                              Store 59_5(outColor) 61_5
                              Return
                              FunctionEnd
