link.vk.pcNamingValid.0.0.vert
Shader version: 450
0:? Sequence
0:16  Function Definition: main( ( global void)
0:16    Function Parameters: 
0:18    Sequence
0:18      move second child to first child ( temp highp 4-component vector of float)
0:18        'oColor' (layout( location=0) smooth out highp 4-component vector of float)
0:18        component-wise multiply ( temp highp 4-component vector of float)
0:18          color1: direct index for structure (layout( column_major std430 offset=128) uniform highp 4-component vector of float)
0:18            'a' (layout( column_major std430 push_constant) uniform block{layout( column_major std430 offset=0) uniform highp 4X4 matrix of float uWorld, layout( column_major std430 offset=64) uniform highp 4X4 matrix of float uProj, layout( column_major std430 offset=128) uniform highp 4-component vector of float color1, layout( column_major std430 offset=144) uniform highp 4-component vector of float color2})
0:18            Constant:
0:18              2 (const int)
0:18          Function Call: getColor2( ( global highp 4-component vector of float)
0:20      move second child to first child ( temp highp 4-component vector of float)
0:20        gl_Position: direct index for structure ( gl_Position highp 4-component vector of float Position)
0:20          'anon@0' ( out block{ gl_Position 4-component vector of float Position gl_Position,  gl_PointSize float PointSize gl_PointSize,  out unsized 1-element array of float ClipDistance gl_ClipDistance,  out unsized 1-element array of float CullDistance gl_CullDistance})
0:20          Constant:
0:20            0 (const uint)
0:20        matrix-times-vector ( temp highp 4-component vector of float)
0:20          uProj: direct index for structure (layout( column_major std430 offset=64) uniform highp 4X4 matrix of float)
0:20            'a' (layout( column_major std430 push_constant) uniform block{layout( column_major std430 offset=0) uniform highp 4X4 matrix of float uWorld, layout( column_major std430 offset=64) uniform highp 4X4 matrix of float uProj, layout( column_major std430 offset=128) uniform highp 4-component vector of float color1, layout( column_major std430 offset=144) uniform highp 4-component vector of float color2})
0:20            Constant:
0:20              1 (const int)
0:20          Function Call: getWorld( ( global highp 4-component vector of float)
0:?   Linker Objects
0:?     'a' (layout( column_major std430 push_constant) uniform block{layout( column_major std430 offset=0) uniform highp 4X4 matrix of float uWorld, layout( column_major std430 offset=64) uniform highp 4X4 matrix of float uProj, layout( column_major std430 offset=128) uniform highp 4-component vector of float color1, layout( column_major std430 offset=144) uniform highp 4-component vector of float color2})
0:?     'oColor' (layout( location=0) smooth out highp 4-component vector of float)
0:?     'anon@0' ( out block{ gl_Position 4-component vector of float Position gl_Position,  gl_PointSize float PointSize gl_PointSize,  out unsized 1-element array of float ClipDistance gl_ClipDistance,  out unsized 1-element array of float CullDistance gl_CullDistance})

link.vk.pcNamingValid.0.1.vert
Shader version: 450
0:? Sequence
0:13  Function Definition: getColor2( ( global highp 4-component vector of float)
0:13    Function Parameters: 
0:15    Sequence
0:15      Branch: Return with expression
0:15        color2: direct index for structure (layout( column_major std430 offset=144) uniform highp 4-component vector of float)
0:15          'b' (layout( column_major std430 push_constant) uniform block{layout( column_major std430 offset=0) uniform highp 4X4 matrix of float uWorld, layout( column_major std430 offset=64) uniform highp 4X4 matrix of float uProj, layout( column_major std430 offset=128) uniform highp 4-component vector of float color1, layout( column_major std430 offset=144) uniform highp 4-component vector of float color2})
0:15          Constant:
0:15            3 (const int)
0:18  Function Definition: getWorld( ( global highp 4-component vector of float)
0:18    Function Parameters: 
0:20    Sequence
0:20      Branch: Return with expression
0:20        matrix-times-vector ( temp highp 4-component vector of float)
0:20          uWorld: direct index for structure (layout( column_major std430 offset=0) uniform highp 4X4 matrix of float)
0:20            'b' (layout( column_major std430 push_constant) uniform block{layout( column_major std430 offset=0) uniform highp 4X4 matrix of float uWorld, layout( column_major std430 offset=64) uniform highp 4X4 matrix of float uProj, layout( column_major std430 offset=128) uniform highp 4-component vector of float color1, layout( column_major std430 offset=144) uniform highp 4-component vector of float color2})
0:20            Constant:
0:20              0 (const int)
0:20          'P' (layout( location=0) in highp 4-component vector of float)
0:?   Linker Objects
0:?     'b' (layout( column_major std430 push_constant) uniform block{layout( column_major std430 offset=0) uniform highp 4X4 matrix of float uWorld, layout( column_major std430 offset=64) uniform highp 4X4 matrix of float uProj, layout( column_major std430 offset=128) uniform highp 4-component vector of float color1, layout( column_major std430 offset=144) uniform highp 4-component vector of float color2})
0:?     'P' (layout( location=0) in highp 4-component vector of float)


Linked vertex stage:

WARNING: Linking vertex and vertex stages: Matched shader interfaces are using different instance names.
    vertex stage: Block: PCBlock Instance: a: ""
    vertex stage: Block: PCBlock Instance: b: ""

Shader version: 450
0:? Sequence
0:16  Function Definition: main( ( global void)
0:16    Function Parameters: 
0:18    Sequence
0:18      move second child to first child ( temp highp 4-component vector of float)
0:18        'oColor' (layout( location=0) smooth out highp 4-component vector of float)
0:18        component-wise multiply ( temp highp 4-component vector of float)
0:18          color1: direct index for structure (layout( column_major std430 offset=128) uniform highp 4-component vector of float)
0:18            'a' (layout( column_major std430 push_constant) uniform block{layout( column_major std430 offset=0) uniform highp 4X4 matrix of float uWorld, layout( column_major std430 offset=64) uniform highp 4X4 matrix of float uProj, layout( column_major std430 offset=128) uniform highp 4-component vector of float color1, layout( column_major std430 offset=144) uniform highp 4-component vector of float color2})
0:18            Constant:
0:18              2 (const int)
0:18          Function Call: getColor2( ( global highp 4-component vector of float)
0:20      move second child to first child ( temp highp 4-component vector of float)
0:20        gl_Position: direct index for structure ( gl_Position highp 4-component vector of float Position)
0:20          'anon@0' ( out block{ gl_Position 4-component vector of float Position gl_Position,  gl_PointSize float PointSize gl_PointSize,  out 1-element array of float ClipDistance gl_ClipDistance,  out 1-element array of float CullDistance gl_CullDistance})
0:20          Constant:
0:20            0 (const uint)
0:20        matrix-times-vector ( temp highp 4-component vector of float)
0:20          uProj: direct index for structure (layout( column_major std430 offset=64) uniform highp 4X4 matrix of float)
0:20            'a' (layout( column_major std430 push_constant) uniform block{layout( column_major std430 offset=0) uniform highp 4X4 matrix of float uWorld, layout( column_major std430 offset=64) uniform highp 4X4 matrix of float uProj, layout( column_major std430 offset=128) uniform highp 4-component vector of float color1, layout( column_major std430 offset=144) uniform highp 4-component vector of float color2})
0:20            Constant:
0:20              1 (const int)
0:20          Function Call: getWorld( ( global highp 4-component vector of float)
0:13  Function Definition: getColor2( ( global highp 4-component vector of float)
0:13    Function Parameters: 
0:15    Sequence
0:15      Branch: Return with expression
0:15        color2: direct index for structure (layout( column_major std430 offset=144) uniform highp 4-component vector of float)
0:15          'b' (layout( column_major std430 push_constant) uniform block{layout( column_major std430 offset=0) uniform highp 4X4 matrix of float uWorld, layout( column_major std430 offset=64) uniform highp 4X4 matrix of float uProj, layout( column_major std430 offset=128) uniform highp 4-component vector of float color1, layout( column_major std430 offset=144) uniform highp 4-component vector of float color2})
0:15          Constant:
0:15            3 (const int)
0:18  Function Definition: getWorld( ( global highp 4-component vector of float)
0:18    Function Parameters: 
0:20    Sequence
0:20      Branch: Return with expression
0:20        matrix-times-vector ( temp highp 4-component vector of float)
0:20          uWorld: direct index for structure (layout( column_major std430 offset=0) uniform highp 4X4 matrix of float)
0:20            'b' (layout( column_major std430 push_constant) uniform block{layout( column_major std430 offset=0) uniform highp 4X4 matrix of float uWorld, layout( column_major std430 offset=64) uniform highp 4X4 matrix of float uProj, layout( column_major std430 offset=128) uniform highp 4-component vector of float color1, layout( column_major std430 offset=144) uniform highp 4-component vector of float color2})
0:20            Constant:
0:20              0 (const int)
0:20          'P' (layout( location=0) in highp 4-component vector of float)
0:?   Linker Objects
0:?     'a' (layout( column_major std430 push_constant) uniform block{layout( column_major std430 offset=0) uniform highp 4X4 matrix of float uWorld, layout( column_major std430 offset=64) uniform highp 4X4 matrix of float uProj, layout( column_major std430 offset=128) uniform highp 4-component vector of float color1, layout( column_major std430 offset=144) uniform highp 4-component vector of float color2})
0:?     'oColor' (layout( location=0) smooth out highp 4-component vector of float)
0:?     'anon@0' ( out block{ gl_Position 4-component vector of float Position gl_Position,  gl_PointSize float PointSize gl_PointSize,  out 1-element array of float ClipDistance gl_ClipDistance,  out 1-element array of float CullDistance gl_CullDistance})
0:?     'P' (layout( location=0) in highp 4-component vector of float)

// Module Version 10000
// Generated by (magic number): 8000b
// Id's are bound by 53

                              Capability Shader
            11_1:             ExtInstImport  "GLSL.std.450"
                              MemoryModel Logical GLSL450
                              EntryPoint Vertex 54_1  "main" 59_1 59_3 59_4
                              Source GLSL 450
                              Name 54_1  "main"
                              Name 54_2  "getColor2("
                              Name 54_3  "getWorld("
                              Name 59_1  "oColor"
                              Name 30_1  "PCBlock"
                              MemberName 30_1(PCBlock) 0  "uWorld"
                              MemberName 30_1(PCBlock) 1  "uProj"
                              MemberName 30_1(PCBlock) 2  "color1"
                              MemberName 30_1(PCBlock) 3  "color2"
                              Name 59_2  "a"
                              Name 30_2  "gl_PerVertex"
                              MemberName 30_2(gl_PerVertex) 0  "gl_Position"
                              MemberName 30_2(gl_PerVertex) 1  "gl_PointSize"
                              MemberName 30_2(gl_PerVertex) 2  "gl_ClipDistance"
                              MemberName 30_2(gl_PerVertex) 3  "gl_CullDistance"
                              Name 59_3  ""
                              Name 59_4  "P"
                              Decorate 59_1(oColor) Location 0
                              Decorate 30_1(PCBlock) Block
                              MemberDecorate 30_1(PCBlock) 0 ColMajor
                              MemberDecorate 30_1(PCBlock) 0 MatrixStride 16
                              MemberDecorate 30_1(PCBlock) 0 Offset 0
                              MemberDecorate 30_1(PCBlock) 1 ColMajor
                              MemberDecorate 30_1(PCBlock) 1 MatrixStride 16
                              MemberDecorate 30_1(PCBlock) 1 Offset 64
                              MemberDecorate 30_1(PCBlock) 2 Offset 128
                              MemberDecorate 30_1(PCBlock) 3 Offset 144
                              Decorate 30_2(gl_PerVertex) Block
                              MemberDecorate 30_2(gl_PerVertex) 0 BuiltIn Position
                              MemberDecorate 30_2(gl_PerVertex) 1 BuiltIn PointSize
                              MemberDecorate 30_2(gl_PerVertex) 2 BuiltIn ClipDistance
                              MemberDecorate 30_2(gl_PerVertex) 3 BuiltIn CullDistance
                              Decorate 59_4(P) Location 0
            19_1:             TypeVoid
            33_1:             TypeFunction 19_1
            22_1:             TypeFloat 32
            23_1:             TypeVector 22_1(float) 4
            33_2:             TypeFunction 23_1(fvec4)
            32_1:             TypePointer Output 23_1(fvec4)
    59_1(oColor):   32_1(ptr) Variable Output
            24_1:             TypeMatrix 23_1(fvec4) 4
   30_1(PCBlock):             TypeStruct 24_1 24_1 23_1(fvec4) 23_1(fvec4)
            32_2:             TypePointer PushConstant 30_1(PCBlock)
         59_2(a):   32_2(ptr) Variable PushConstant
            21_1:             TypeInt 32 1
            43_1:   21_1(int) Constant 2
            32_3:             TypePointer PushConstant 23_1(fvec4)
            21_2:             TypeInt 32 0
         uint(1):   21_2(int) Constant 1
            28_1:             TypeArray 22_1(float) uint(1)
30_2(gl_PerVertex):             TypeStruct 23_1(fvec4) 22_1(float) 28_1 28_1
            32_4:             TypePointer Output 30_2(gl_PerVertex)
            59_3:   32_4(ptr) Variable Output
            43_2:   21_1(int) Constant 0
            43_3:   21_1(int) Constant 1
            32_5:             TypePointer PushConstant 24_1
            43_4:   21_1(int) Constant 3
            32_6:             TypePointer Input 23_1(fvec4)
         59_4(P):   32_6(ptr) Variable Input
      54_1(main):        19_1 Function None 33_1
           248_1:             Label
            65_1:   32_3(ptr) AccessChain 59_2(a) 43_1
            61_1: 23_1(fvec4) Load 65_1
            57_1: 23_1(fvec4) FunctionCall 54_2(getColor2()
           133_1: 23_1(fvec4) FMul 61_1 57_1
                              Store 59_1(oColor) 133_1
            65_2:   32_5(ptr) AccessChain 59_2(a) 43_3
            61_2:        24_1 Load 65_2
            57_2: 23_1(fvec4) FunctionCall 54_3(getWorld()
           145_1: 23_1(fvec4) MatrixTimesVector 61_2 57_2
            65_3:   32_1(ptr) AccessChain 59_3 43_2
                              Store 65_3 145_1
                              Return
                              FunctionEnd
54_2(getColor2(): 23_1(fvec4) Function None 33_2
           248_2:             Label
            65_4:   32_3(ptr) AccessChain 59_2(a) 43_4
            61_3: 23_1(fvec4) Load 65_4
                              ReturnValue 61_3
                              FunctionEnd
 54_3(getWorld(): 23_1(fvec4) Function None 33_2
           248_3:             Label
            65_5:   32_5(ptr) AccessChain 59_2(a) 43_2
            61_4:        24_1 Load 65_5
            61_5: 23_1(fvec4) Load 59_4(P)
           145_2: 23_1(fvec4) MatrixTimesVector 61_4 61_5
                              ReturnValue 145_2
                              FunctionEnd
