remap.switch.everything.frag
WARNING: 0:5: '' : all default precisions are highp; use precision statements to quiet warning, e.g.:
         "precision mediump int; precision highp float;" 

// Module Version 10000
// Generated by (magic number): 8000b
// Id's are bound by 23990

                              Capability Shader
            11_1:             ExtInstImport  "GLSL.std.450"
                              MemoryModel Logical GLSL450
                              EntryPoint Fragment 54_1  "main" 59_1 59_2
                              ExecutionMode 54_1 OriginUpperLeft
                              Decorate 59_1 Location 0
                              Decorate 59_2 RelaxedPrecision
                              Decorate 59_2 Location 0
                              Decorate 80_1 RelaxedPrecision
                              Decorate 80_2 RelaxedPrecision
                              Decorate 80_3 RelaxedPrecision
            19_1:             TypeVoid
            33_1:             TypeFunction 19_1
            22_1:             TypeFloat 32
            23_1:             TypeVector 22_1(float) 4
            32_1:             TypePointer Input 23_1(fvec4)
            59_1:   32_1(ptr) Variable Input
            21_1:             TypeInt 32 0
         uint(3):   21_1(int) Constant 3
            32_2:             TypePointer Input 22_1(float)
            21_2:             TypeInt 32 1
            32_3:             TypePointer Output 23_1(fvec4)
            59_2:   32_3(ptr) Variable Output
         uint(0):   21_1(int) Constant 0
            43_1: 22_1(float) Constant 0
         uint(1):   21_1(int) Constant 1
            43_2: 22_1(float) Constant 1065353216
         uint(2):   21_1(int) Constant 2
            43_3: 22_1(float) Constant 1073741824
            43_4: 22_1(float) Constant 3212836864
            44_1: 23_1(fvec4) ConstantComposite 43_4 43_4 43_4 43_4
            54_1:        19_1 Function None 33_1
           248_1:             Label
            65_1:   32_2(ptr) AccessChain 59_1 uint(3)
            61_1: 22_1(float) Load 65_1
           110_1:   21_2(int) ConvertFToS 61_1
                              SelectionMerge 248_6 None
                              Switch 110_1 248_2 
                                     case 0: 248_3
                                     case 1: 248_4
                                     case 2: 248_5
           248_2:               Label
                                Store 59_2 44_1
                                Branch 248_6
           248_3:               Label
            65_2:   32_2(ptr)   AccessChain 59_1 uint(0)
            61_2: 22_1(float)   Load 65_2
           129_1: 22_1(float)   FAdd 61_2 43_1
            80_1: 23_1(fvec4)   CompositeConstruct 129_1 129_1 129_1 129_1
                                Store 59_2 80_1
                                Branch 248_6
           248_4:               Label
            65_3:   32_2(ptr)   AccessChain 59_1 uint(1)
            61_3: 22_1(float)   Load 65_3
           129_2: 22_1(float)   FAdd 61_3 43_2
            80_2: 23_1(fvec4)   CompositeConstruct 129_2 129_2 129_2 129_2
                                Store 59_2 80_2
                                Branch 248_6
           248_5:               Label
            65_4:   32_2(ptr)   AccessChain 59_1 uint(2)
            61_4: 22_1(float)   Load 65_4
           129_3: 22_1(float)   FAdd 61_4 43_3
            80_3: 23_1(fvec4)   CompositeConstruct 129_3 129_3 129_3 129_3
                                Store 59_2 80_3
                                Branch 248_6
           248_6:             Label
                              Return
                              FunctionEnd
