remap.uniformarray.everything.frag
// Module Version 10000
// Generated by (magic number): 8000b
// Id's are bound by 25030

                              Capability Shader
            11_1:             ExtInstImport  "GLSL.std.450"
                              MemoryModel Logical GLSL450
                              EntryPoint Fragment 54_1  "main" 59_1 59_2 59_3 59_4
                              ExecutionMode 54_1 OriginUpperLeft
                              Decorate 59_1 Location 1
                              Decorate 59_2 Location 0
                              Decorate 59_3 Location 7
                              Decorate 59_4 Location 0
            19_1:             TypeVoid
            33_1:             TypeFunction 19_1
            22_1:             TypeFloat 32
            23_1:             TypeVector 22_1(float) 4
            32_1:             TypePointer Function 23_1(fvec4)
            21_1:             TypeInt 32 0
         uint(6):   21_1(int) Constant 6
            28_1:             TypeArray 23_1(fvec4) uint(6)
            32_2:             TypePointer Input 28_1
            59_1:   32_2(ptr) Variable Input
            21_2:             TypeInt 32 1
            43_1:   21_2(int) Constant 1
            32_3:             TypePointer Input 23_1(fvec4)
            23_2:             TypeVector 22_1(float) 3
            32_4:             TypePointer Input 23_2(fvec3)
            59_2:   32_4(ptr) Variable Input
         uint(0):   21_1(int) Constant 0
            32_5:             TypePointer Function 22_1(float)
         uint(1):   21_1(int) Constant 1
         uint(2):   21_1(int) Constant 2
        uint(16):   21_1(int) Constant 16
            28_2:             TypeArray 22_1(float) uint(16)
            32_6:             TypePointer Input 28_2
            59_3:   32_6(ptr) Variable Input
            43_2:   21_2(int) Constant 12
            32_7:             TypePointer Input 22_1(float)
         uint(3):   21_1(int) Constant 3
            32_8:             TypePointer Output 23_1(fvec4)
            59_4:   32_8(ptr) Variable Output
            54_1:        19_1 Function None 33_1
           248_1:             Label
            59_5:   32_1(ptr) Variable Function
            65_1:   32_3(ptr) AccessChain 59_1 43_1
            61_1: 23_1(fvec4) Load 65_1
            65_2:   32_3(ptr) AccessChain 59_1 43_1
            61_2: 23_1(fvec4) Load 65_2
           129_1: 23_1(fvec4) FAdd 61_1 61_2
                              Store 59_5 129_1
            61_3: 23_2(fvec3) Load 59_2
            61_4: 23_1(fvec4) Load 59_5
            79_1: 23_2(fvec3) VectorShuffle 61_4 61_4 0 1 2
           129_2: 23_2(fvec3) FAdd 79_1 61_3
            65_3:   32_5(ptr) AccessChain 59_5 uint(0)
            81_1: 22_1(float) CompositeExtract 129_2 0
                              Store 65_3 81_1
            65_4:   32_5(ptr) AccessChain 59_5 uint(1)
            81_2: 22_1(float) CompositeExtract 129_2 1
                              Store 65_4 81_2
            65_5:   32_5(ptr) AccessChain 59_5 uint(2)
            81_3: 22_1(float) CompositeExtract 129_2 2
                              Store 65_5 81_3
            65_6:   32_7(ptr) AccessChain 59_3 43_2
            61_5: 22_1(float) Load 65_6
            65_7:   32_5(ptr) AccessChain 59_5 uint(3)
            61_6: 22_1(float) Load 65_7
           129_3: 22_1(float) FAdd 61_6 61_5
            65_8:   32_5(ptr) AccessChain 59_5 uint(3)
                              Store 65_8 129_3
            61_7: 23_1(fvec4) Load 59_5
                              Store 59_4 61_7
                              Return
                              FunctionEnd
