spv.functionParameterTypes.frag
// Module Version 10000
// Generated by (magic number): 8000b
// Id's are bound by 34

                              Capability Shader
                              Capability Float16
                              Capability Int64
                              Capability Int16
                              Capability Int8
            11_1:             ExtInstImport  "GLSL.std.450"
                              MemoryModel Logical GLSL450
                              EntryPoint Fragment 54_1  "main"
                              ExecutionMode 54_1 OriginUpperLeft
                              Source GLSL 460
                              SourceExtension  "GL_EXT_shader_explicit_arithmetic_types_float16"
                              SourceExtension  "GL_EXT_shader_explicit_arithmetic_types_int16"
                              SourceExtension  "GL_EXT_shader_explicit_arithmetic_types_int64"
                              SourceExtension  "GL_EXT_shader_explicit_arithmetic_types_int8"
                              Name 54_1  "main"
                              Name 54_2  "f(i81;u81;i161;u161;i641;u641;f161;"
                              Name 55_1  "i8"
                              Name 55_2  "u8"
                              Name 55_3  "i16"
                              Name 55_4  "u16"
                              Name 55_5  "i64"
                              Name 55_6  "u64"
                              Name 55_7  "f16"
            19_1:             TypeVoid
            33_1:             TypeFunction 19_1
            21_1:             TypeInt 8 1
            32_1:             TypePointer Function 21_1(int8_t)
            21_2:             TypeInt 8 0
            32_2:             TypePointer Function 21_2(int8_t)
            21_3:             TypeInt 16 1
            32_3:             TypePointer Function 21_3(int16_t)
            21_4:             TypeInt 16 0
            32_4:             TypePointer Function 21_4(int16_t)
            21_5:             TypeInt 64 1
            32_5:             TypePointer Function 21_5(int64_t)
            21_6:             TypeInt 64 0
            32_6:             TypePointer Function 21_6(int64_t)
            22_1:             TypeFloat 16
            32_7:             TypePointer Function 22_1(float16_t)
            21_7:             TypeInt 32 1
            33_2:             TypeFunction 21_7(int) 32_1(ptr) 32_2(ptr) 32_3(ptr) 32_4(ptr) 32_5(ptr) 32_6(ptr) 32_7(ptr)
            43_1:   21_7(int) Constant 0
      54_1(main):        19_1 Function None 33_1
           248_1:             Label
                              Return
                              FunctionEnd
54_2(f(i81;u81;i161;u161;i641;u641;f161;):   21_7(int) Function None 33_2
        55_1(i8):   32_1(ptr) FunctionParameter
        55_2(u8):   32_2(ptr) FunctionParameter
       55_3(i16):   32_3(ptr) FunctionParameter
       55_4(u16):   32_4(ptr) FunctionParameter
       55_5(i64):   32_5(ptr) FunctionParameter
       55_6(u64):   32_6(ptr) FunctionParameter
       55_7(f16):   32_7(ptr) FunctionParameter
           248_2:             Label
                              ReturnValue 43_1
                              FunctionEnd
