spv.buffer.autoassign.frag
// Module Version 10000
// Generated by (magic number): 8000b
// Id's are bound by 50

                              Capability Shader
            11_1:             ExtInstImport  "GLSL.std.450"
                              MemoryModel Logical GLSL450
                              EntryPoint Fragment 54_1  "main" 59_4
                              ExecutionMode 54_1 OriginUpperLeft
                              Source HLSL 500
                              Name 54_1  "main"
                              Name 30_1  "PS_OUTPUT"
                              MemberName 30_1(PS_OUTPUT) 0  "Color"
                              Name 54_2  "@main("
                              Name 59_5  "psout"
                              Name 30_2  "MyUB1"
                              MemberName 30_2(MyUB1) 0  "g_a"
                              MemberName 30_2(MyUB1) 1  "g_b"
                              Name 59_1  ""
                              Name 30_3  "MyUB2"
                              MemberName 30_3(MyUB2) 0  "g_c"
                              Name 59_2  ""
                              Name 30_4  "MyUB3"
                              MemberName 30_4(MyUB3) 0  "g_d"
                              Name 59_3  ""
                              Name 59_4  "@entryPointOutput.Color"
                              Decorate 30_2(MyUB1) Block
                              MemberDecorate 30_2(MyUB1) 0 Offset 0
                              MemberDecorate 30_2(MyUB1) 1 Offset 4
                              Decorate 59_1 Binding 20
                              Decorate 59_1 DescriptorSet 0
                              Decorate 30_3(MyUB2) Block
                              MemberDecorate 30_3(MyUB2) 0 Offset 0
                              Decorate 59_2 Binding 15
                              Decorate 59_2 DescriptorSet 0
                              Decorate 30_4(MyUB3) Block
                              MemberDecorate 30_4(MyUB3) 0 Offset 0
                              Decorate 59_3 Binding 16
                              Decorate 59_3 DescriptorSet 0
                              Decorate 59_4(@entryPointOutput.Color) Location 0
            19_1:             TypeVoid
            33_1:             TypeFunction 19_1
            22_1:             TypeFloat 32
            23_1:             TypeVector 22_1(float) 4
 30_1(PS_OUTPUT):             TypeStruct 23_1(fvec4)
            33_2:             TypeFunction 30_1(PS_OUTPUT)
            32_1:             TypePointer Function 30_1(PS_OUTPUT)
            21_1:             TypeInt 32 1
            43_1:   21_1(int) Constant 0
     30_2(MyUB1):             TypeStruct 22_1(float) 21_1(int)
            32_2:             TypePointer Uniform 30_2(MyUB1)
            59_1:   32_2(ptr) Variable Uniform
            32_3:             TypePointer Uniform 22_1(float)
            43_2:   21_1(int) Constant 1
            32_4:             TypePointer Uniform 21_1(int)
     30_3(MyUB2):             TypeStruct 22_1(float)
            32_5:             TypePointer Uniform 30_3(MyUB2)
            59_2:   32_5(ptr) Variable Uniform
     30_4(MyUB3):             TypeStruct 22_1(float)
            32_6:             TypePointer Uniform 30_4(MyUB3)
            59_3:   32_6(ptr) Variable Uniform
            32_7:             TypePointer Function 23_1(fvec4)
            32_8:             TypePointer Output 23_1(fvec4)
59_4(@entryPointOutput.Color):   32_8(ptr) Variable Output
      54_1(main):        19_1 Function None 33_1
           248_1:             Label
            57_1:30_1(PS_OUTPUT) FunctionCall 54_2(@main()
            81_1: 23_1(fvec4) CompositeExtract 57_1 0
                              Store 59_4(@entryPointOutput.Color) 81_1
                              Return
                              FunctionEnd
    54_2(@main():30_1(PS_OUTPUT) Function None 33_2
           248_2:             Label
     59_5(psout):   32_1(ptr) Variable Function
            65_1:   32_3(ptr) AccessChain 59_1 43_1
            61_1: 22_1(float) Load 65_1
            65_2:   32_4(ptr) AccessChain 59_1 43_2
            61_2:   21_1(int) Load 65_2
           111_1: 22_1(float) ConvertSToF 61_2
           129_1: 22_1(float) FAdd 61_1 111_1
            65_3:   32_3(ptr) AccessChain 59_2 43_1
            61_3: 22_1(float) Load 65_3
           129_2: 22_1(float) FAdd 129_1 61_3
            65_4:   32_3(ptr) AccessChain 59_3 43_1
            61_4: 22_1(float) Load 65_4
           129_3: 22_1(float) FAdd 129_2 61_4
            80_1: 23_1(fvec4) CompositeConstruct 129_3 129_3 129_3 129_3
            65_5:   32_7(ptr) AccessChain 59_5(psout) 43_1
                              Store 65_5 80_1
            61_5:30_1(PS_OUTPUT) Load 59_5(psout)
                              ReturnValue 61_5
                              FunctionEnd
