spv.invariantAll.vert
// Module Version 10000
// Generated by (magic number): 8000b
// Id's are bound by 24

                              Capability Shader
            11_1:             ExtInstImport  "GLSL.std.450"
                              MemoryModel Logical GLSL450
                              EntryPoint Vertex 54_1  "main" 59_1 59_2
                              Source GLSL 450
                              Name 54_1  "main"
                              Name 30_1  "gl_PerVertex"
                              MemberName 30_1(gl_PerVertex) 0  "gl_Position"
                              MemberName 30_1(gl_PerVertex) 1  "gl_PointSize"
                              MemberName 30_1(gl_PerVertex) 2  "gl_ClipDistance"
                              MemberName 30_1(gl_PerVertex) 3  "gl_CullDistance"
                              Name 59_1  ""
                              Name 59_2  "v"
                              Decorate 30_1(gl_PerVertex) Block
                              MemberDecorate 30_1(gl_PerVertex) 0 BuiltIn Position
                              MemberDecorate 30_1(gl_PerVertex) 0 Invariant
                              MemberDecorate 30_1(gl_PerVertex) 1 BuiltIn PointSize
                              MemberDecorate 30_1(gl_PerVertex) 1 Invariant
                              MemberDecorate 30_1(gl_PerVertex) 2 BuiltIn ClipDistance
                              MemberDecorate 30_1(gl_PerVertex) 2 Invariant
                              MemberDecorate 30_1(gl_PerVertex) 3 BuiltIn CullDistance
                              MemberDecorate 30_1(gl_PerVertex) 3 Invariant
                              Decorate 59_2(v) Invariant
                              Decorate 59_2(v) Location 0
            19_1:             TypeVoid
            33_1:             TypeFunction 19_1
            22_1:             TypeFloat 32
            23_1:             TypeVector 22_1(float) 4
            21_1:             TypeInt 32 0
         uint(1):   21_1(int) Constant 1
            28_1:             TypeArray 22_1(float) uint(1)
30_1(gl_PerVertex):             TypeStruct 23_1(fvec4) 22_1(float) 28_1 28_1
            32_1:             TypePointer Output 30_1(gl_PerVertex)
            59_1:   32_1(ptr) Variable Output
            21_2:             TypeInt 32 1
            43_1:   21_2(int) Constant 0
            32_2:             TypePointer Output 22_1(float)
         59_2(v):   32_2(ptr) Variable Output
            43_2: 22_1(float) Constant 0
            43_3: 22_1(float) Constant 1065353216
            32_3:             TypePointer Output 23_1(fvec4)
      54_1(main):        19_1 Function None 33_1
           248_1:             Label
            61_1: 22_1(float) Load 59_2(v)
            80_1: 23_1(fvec4) CompositeConstruct 61_1 61_1 43_2 43_3
            65_1:   32_3(ptr) AccessChain 59_1 43_1
                              Store 65_1 80_1
                              Return
                              FunctionEnd
