spv.fullyCovered.frag
// Module Version 10000
// Generated by (magic number): 8000b
// Id's are bound by 18

                              Capability Shader
                              Capability FragmentFullyCoveredEXT
                              Extension  "SPV_EXT_fragment_fully_covered"
            11_1:             ExtInstImport  "GLSL.std.450"
                              MemoryModel Logical GLSL450
                              EntryPoint Fragment 54_1  "main" 59_1 59_2
                              ExecutionMode 54_1 OriginUpperLeft
                              Source GLSL 450
                              SourceExtension  "GL_NV_conservative_raster_underestimation"
                              Name 54_1  "main"
                              Name 59_1  "color"
                              Name 59_2  "gl_FragFullyCoveredNV"
                              Decorate 59_1(color) Location 0
                              Decorate 59_2(gl_FragFullyCoveredNV) BuiltIn FullyCoveredEXT
            19_1:             TypeVoid
            33_1:             TypeFunction 19_1
            22_1:             TypeFloat 32
            23_1:             TypeVector 22_1(float) 4
            32_1:             TypePointer Output 23_1(fvec4)
     59_1(color):   32_1(ptr) Variable Output
            20_1:             TypeBool
            32_2:             TypePointer Input 20_1(bool)
59_2(gl_FragFullyCoveredNV):   32_2(ptr) Variable Input
            43_1: 22_1(float) Constant 0
            43_2: 22_1(float) Constant 1065353216
      54_1(main):        19_1 Function None 33_1
           248_1:             Label
            61_1:  20_1(bool) Load 59_2(gl_FragFullyCoveredNV)
           169_1: 22_1(float) Select 61_1 43_2 43_1
            80_1: 23_1(fvec4) CompositeConstruct 169_1 43_1 43_1 43_1
                              Store 59_1(color) 80_1
                              Return
                              FunctionEnd
