spv.ext.RayQueryDecl.frag
// Module Version 10400
// Generated by (magic number): 8000b
// Id's are bound by 15

                              Capability Shader
                              Capability RayQueryKHR
                              Extension  "SPV_KHR_ray_query"
            11_1:             ExtInstImport  "GLSL.std.450"
                              MemoryModel Logical GLSL450
                              EntryPoint Fragment 54_1  "main" 59_1 59_2
                              ExecutionMode 54_1 OriginUpperLeft
                              Source GLSL 460
                              SourceExtension  "GL_ARB_separate_shader_objects"
                              SourceExtension  "GL_EXT_nonuniform_qualifier"
                              SourceExtension  "GL_EXT_ray_query"
                              SourceExtension  "GL_EXT_scalar_block_layout"
                              SourceExtension  "GL_GOOGLE_cpp_style_line_directive"
                              SourceExtension  "GL_GOOGLE_include_directive"
                              Name 54_1  "main"
                              Name 59_1  "outColor"
                              Name 59_2  "rq"
                              Decorate 59_1(outColor) Location 0
            19_1:             TypeVoid
            33_1:             TypeFunction 19_1
            22_1:             TypeFloat 32
            23_1:             TypeVector 22_1(float) 4
            32_1:             TypePointer Output 23_1(fvec4)
  59_1(outColor):   32_1(ptr) Variable Output
            43_1: 22_1(float) Constant 0
            44_1: 23_1(fvec4) ConstantComposite 43_1 43_1 43_1 43_1
          4472_1:             TypeRayQueryKHR
            32_2:             TypePointer Private 4472_1
        59_2(rq):   32_2(ptr) Variable Private
      54_1(main):        19_1 Function None 33_1
           248_1:             Label
                              Store 59_1(outColor) 44_1
                              Return
                              FunctionEnd
