spv.qualifiers.vert
// Module Version 10000
// Generated by (magic number): 8000b
// Id's are bound by 21

                              Capability Shader
            11_1:             ExtInstImport  "GLSL.std.450"
                              MemoryModel Logical GLSL450
                              EntryPoint Vertex 54_1  "main" 59_1 59_2 59_3 59_4 59_5 59_6
                              Source GLSL 430
                              Name 54_1  "main"
                              Name 59_1  "outVc"
                              Name 59_2  "inV"
                              Name 59_3  "outVs"
                              Name 59_4  "outVf"
                              Name 59_5  "outVn"
                              Name 59_6  "outVcn"
                              Decorate 59_1(outVc) Centroid
                              Decorate 59_1(outVc) Location 0
                              Decorate 59_2(inV) Location 0
                              Decorate 59_3(outVs) Location 1
                              Decorate 59_4(outVf) Flat
                              Decorate 59_4(outVf) Location 2
                              Decorate 59_5(outVn) NoPerspective
                              Decorate 59_5(outVn) Location 3
                              Decorate 59_6(outVcn) NoPerspective
                              Decorate 59_6(outVcn) Centroid
                              Decorate 59_6(outVcn) Location 4
            19_1:             TypeVoid
            33_1:             TypeFunction 19_1
            22_1:             TypeFloat 32
            23_1:             TypeVector 22_1(float) 4
            32_1:             TypePointer Output 23_1(fvec4)
     59_1(outVc):   32_1(ptr) Variable Output
            32_2:             TypePointer Input 23_1(fvec4)
       59_2(inV):   32_2(ptr) Variable Input
     59_3(outVs):   32_1(ptr) Variable Output
     59_4(outVf):   32_1(ptr) Variable Output
     59_5(outVn):   32_1(ptr) Variable Output
    59_6(outVcn):   32_1(ptr) Variable Output
      54_1(main):        19_1 Function None 33_1
           248_1:             Label
            61_1: 23_1(fvec4) Load 59_2(inV)
                              Store 59_1(outVc) 61_1
            61_2: 23_1(fvec4) Load 59_2(inV)
                              Store 59_3(outVs) 61_2
            61_3: 23_1(fvec4) Load 59_2(inV)
                              Store 59_4(outVf) 61_3
            61_4: 23_1(fvec4) Load 59_2(inV)
                              Store 59_5(outVn) 61_4
            61_5: 23_1(fvec4) Load 59_2(inV)
                              Store 59_6(outVcn) 61_5
                              Return
                              FunctionEnd
