spv.register.subpass.frag
// Module Version 10000
// Generated by (magic number): 8000b
// Id's are bound by 40

                              Capability Shader
                              Capability InputAttachment
            11_1:             ExtInstImport  "GLSL.std.450"
                              MemoryModel Logical GLSL450
                              EntryPoint Fragment 54_1  "main" 59_4
                              ExecutionMode 54_1 OriginUpperLeft
                              Source HLSL 500
                              Name 54_1  "main"
                              Name 54_2  "@main("
                              Name 59_5  "result00"
                              Name 59_1  "subpass_f4"
                              Name 59_6  "result10"
                              Name 59_2  "subpass_ms_f4"
                              Name 59_7  "result73"
                              Name 59_3  "subpass_2"
                              Name 59_4  "@entryPointOutput"
                              Decorate 59_1(subpass_f4) Binding 21
                              Decorate 59_1(subpass_f4) DescriptorSet 0
                              Decorate 59_1(subpass_f4) InputAttachmentIndex 1
                              Decorate 59_2(subpass_ms_f4) Binding 20
                              Decorate 59_2(subpass_ms_f4) DescriptorSet 0
                              Decorate 59_2(subpass_ms_f4) InputAttachmentIndex 4
                              Decorate 59_3(subpass_2) Binding 22
                              Decorate 59_3(subpass_2) DescriptorSet 0
                              Decorate 59_3(subpass_2) InputAttachmentIndex 7
                              Decorate 59_4(@entryPointOutput) Location 0
            19_1:             TypeVoid
            33_1:             TypeFunction 19_1
            22_1:             TypeFloat 32
            23_1:             TypeVector 22_1(float) 4
            33_2:             TypeFunction 23_1(fvec4)
            32_1:             TypePointer Function 23_1(fvec4)
            25_1:             TypeImage 22_1(float) SubpassData nonsampled format:Unknown
            32_2:             TypePointer UniformConstant 25_1
59_1(subpass_f4):   32_2(ptr) Variable UniformConstant
            21_1:             TypeInt 32 1
            43_1:   21_1(int) Constant 0
            23_2:             TypeVector 21_1(int) 2
            44_1: 23_2(ivec2) ConstantComposite 43_1 43_1
            25_2:             TypeImage 22_1(float) SubpassData multi-sampled nonsampled format:Unknown
            32_3:             TypePointer UniformConstant 25_2
59_2(subpass_ms_f4):   32_3(ptr) Variable UniformConstant
            43_2:   21_1(int) Constant 3
 59_3(subpass_2):   32_2(ptr) Variable UniformConstant
            43_3: 22_1(float) Constant 0
            44_2: 23_1(fvec4) ConstantComposite 43_3 43_3 43_3 43_3
            32_4:             TypePointer Output 23_1(fvec4)
59_4(@entryPointOutput):   32_4(ptr) Variable Output
      54_1(main):        19_1 Function None 33_1
           248_1:             Label
            57_1: 23_1(fvec4) FunctionCall 54_2(@main()
                              Store 59_4(@entryPointOutput) 57_1
                              Return
                              FunctionEnd
    54_2(@main(): 23_1(fvec4) Function None 33_2
           248_2:             Label
  59_5(result00):   32_1(ptr) Variable Function
  59_6(result10):   32_1(ptr) Variable Function
  59_7(result73):   32_1(ptr) Variable Function
            61_1:        25_1 Load 59_1(subpass_f4)
            98_1: 23_1(fvec4) ImageRead 61_1 44_1
                              Store 59_5(result00) 98_1
            61_2:        25_2 Load 59_2(subpass_ms_f4)
            98_2: 23_1(fvec4) ImageRead 61_2 44_1 Sample 43_2
                              Store 59_6(result10) 98_2
            61_3:        25_1 Load 59_3(subpass_2)
            98_3: 23_1(fvec4) ImageRead 61_3 44_1
                              Store 59_7(result73) 98_3
                              ReturnValue 44_2
                              FunctionEnd
