spv.localAggregates.frag
// Module Version 10000
// Generated by (magic number): 8000b
// Id's are bound by 136

                              Capability Shader
            11_1:             ExtInstImport  "GLSL.std.450"
                              MemoryModel Logical GLSL450
                              EntryPoint Fragment 54_1  "main" 59_1 59_2 59_3 59_4 59_5 59_7 59_8
                              ExecutionMode 54_1 OriginUpperLeft
                              Source GLSL 400
                              Name 54_1  "main"
                              Name 30_1  "s1"
                              MemberName 30_1(s1) 0  "i"
                              MemberName 30_1(s1) 1  "f"
                              Name 30_2  "s2"
                              MemberName 30_2(s2) 0  "i"
                              MemberName 30_2(s2) 1  "f"
                              MemberName 30_2(s2) 2  "s1_1"
                              MemberName 30_2(s2) 3  "bleh"
                              Name 59_9  "locals2"
                              Name 30_3  "s3"
                              MemberName 30_3(s3) 0  "s2_1"
                              MemberName 30_3(s3) 1  "i"
                              MemberName 30_3(s3) 2  "f"
                              MemberName 30_3(s3) 3  "s1_1"
                              Name 59_1  "foo3"
                              Name 59_10  "localFArray"
                              Name 59_2  "coord"
                              Name 59_11  "localIArray"
                              Name 59_12  "x"
                              Name 59_13  "localArray"
                              Name 59_14  "i"
                              Name 59_15  "a"
                              Name 59_3  "condition"
                              Name 59_4  "color"
                              Name 59_5  "gl_FragColor"
                              Name 59_6  "samp2D"
                              Name 59_7  "foo"
                              Name 59_8  "foo2"
                              Decorate 59_1(foo3) Flat
                              Decorate 59_1(foo3) Location 9
                              Decorate 59_2(coord) Location 0
                              Decorate 59_3(condition) Flat
                              Decorate 59_3(condition) Location 18
                              Decorate 59_4(color) Location 1
                              Decorate 59_5(gl_FragColor) Location 0
                              Decorate 59_6(samp2D) Binding 0
                              Decorate 59_6(samp2D) DescriptorSet 0
                              Decorate 59_7(foo) Flat
                              Decorate 59_7(foo) Location 2
                              Decorate 59_8(foo2) Flat
                              Decorate 59_8(foo2) Location 4
            19_1:             TypeVoid
            33_1:             TypeFunction 19_1
            21_1:             TypeInt 32 1
            22_1:             TypeFloat 32
        30_1(s1):             TypeStruct 21_1(int) 22_1(float)
            23_1:             TypeVector 22_1(float) 4
        30_2(s2):             TypeStruct 21_1(int) 22_1(float) 30_1(s1) 23_1(fvec4)
            32_1:             TypePointer Function 30_2(s2)
        30_3(s3):             TypeStruct 30_2(s2) 21_1(int) 22_1(float) 30_1(s1)
            32_2:             TypePointer Input 30_3(s3)
      59_1(foo3):   32_2(ptr) Variable Input
            43_1:   21_1(int) Constant 0
            32_3:             TypePointer Input 30_2(s2)
            32_4:             TypePointer Input 21_1(int)
            20_1:             TypeBool
            43_2:   21_1(int) Constant 2
            43_3:   21_1(int) Constant 1
            43_4: 22_1(float) Constant 1065353216
            32_5:             TypePointer Function 22_1(float)
            21_2:             TypeInt 32 0
        uint(16):   21_2(int) Constant 16
            28_1:             TypeArray 22_1(float) uint(16)
            32_6:             TypePointer Function 28_1
            43_5:   21_1(int) Constant 4
            23_2:             TypeVector 22_1(float) 2
            32_7:             TypePointer Input 23_2(fvec2)
     59_2(coord):   32_7(ptr) Variable Input
         uint(0):   21_2(int) Constant 0
            32_8:             TypePointer Input 22_1(float)
         uint(8):   21_2(int) Constant 8
            28_2:             TypeArray 21_1(int) uint(8)
            32_9:             TypePointer Function 28_2
           32_10:             TypePointer Function 21_1(int)
            43_6:   21_1(int) Constant 5
            43_7:   21_1(int) Constant 16
            43_8: 22_1(float) Constant 0
 59_3(condition):   32_4(ptr) Variable Input
            43_9:   21_1(int) Constant 3
           32_11:             TypePointer Input 23_1(fvec4)
     59_4(color):  32_11(ptr) Variable Input
           32_12:             TypePointer Function 23_1(fvec4)
         uint(1):   21_2(int) Constant 1
         uint(2):   21_2(int) Constant 2
           32_13:             TypePointer Output 23_1(fvec4)
59_5(gl_FragColor):  32_13(ptr) Variable Output
            25_1:             TypeImage 22_1(float) 2D sampled format:Unknown
            27_1:             TypeSampledImage 25_1
           32_14:             TypePointer UniformConstant 27_1
    59_6(samp2D):  32_14(ptr) Variable UniformConstant
           32_15:             TypePointer Input 30_1(s1)
       59_7(foo):  32_15(ptr) Variable Input
      59_8(foo2):   32_3(ptr) Variable Input
      54_1(main):        19_1 Function None 33_1
           248_1:             Label
   59_9(locals2):   32_1(ptr) Variable Function
59_10(localFArray):   32_6(ptr) Variable Function
59_11(localIArray):   32_9(ptr) Variable Function
        59_12(x):  32_10(ptr) Variable Function
59_13(localArray):   32_6(ptr) Variable Function
        59_14(i):  32_10(ptr) Variable Function
        59_15(a):   32_6(ptr) Variable Function
            65_1:   32_3(ptr) AccessChain 59_1(foo3) 43_1
            61_1:    30_2(s2) Load 65_1
                              Store 59_9(locals2) 61_1
            65_2:   32_4(ptr) AccessChain 59_1(foo3) 43_1 43_1
            61_2:   21_1(int) Load 65_2
           173_1:  20_1(bool) SGreaterThan 61_2 43_1
                              SelectionMerge 248_4 None
                              BranchConditional 173_1 248_2 248_3
           248_2:               Label
            65_3:   32_5(ptr)   AccessChain 59_9(locals2) 43_2 43_3
                                Store 65_3 43_4
            65_4:   32_8(ptr)   AccessChain 59_2(coord) uint(0)
            61_3: 22_1(float)   Load 65_4
            65_5:   32_5(ptr)   AccessChain 59_10(localFArray) 43_5
                                Store 65_5 61_3
            65_6:   32_4(ptr)   AccessChain 59_1(foo3) 43_1 43_1
            61_4:   21_1(int)   Load 65_6
            65_7:  32_10(ptr)   AccessChain 59_11(localIArray) 43_2
                                Store 65_7 61_4
                                Branch 248_4
           248_3:               Label
            65_8:   32_8(ptr)   AccessChain 59_2(coord) uint(0)
            61_5: 22_1(float)   Load 65_8
            65_9:   32_5(ptr)   AccessChain 59_9(locals2) 43_2 43_3
                                Store 65_9 61_5
           65_10:   32_5(ptr)   AccessChain 59_10(localFArray) 43_5
                                Store 65_10 43_4
           65_11:  32_10(ptr)   AccessChain 59_11(localIArray) 43_2
                                Store 65_11 43_1
                                Branch 248_4
           248_4:             Label
           65_12:  32_10(ptr) AccessChain 59_11(localIArray) 43_2
            61_6:   21_1(int) Load 65_12
           170_1:  20_1(bool) IEqual 61_6 43_1
                              SelectionMerge 248_6 None
                              BranchConditional 170_1 248_5 248_6
           248_5:               Label
           65_13:   32_5(ptr)   AccessChain 59_10(localFArray) 43_5
            61_7: 22_1(float)   Load 65_13
           129_1: 22_1(float)   FAdd 61_7 43_4
                                Store 65_13 129_1
                                Branch 248_6
           248_6:             Label
                              Store 59_12(x) 43_6
            61_8:   21_1(int) Load 59_12(x)
           65_14:   32_8(ptr) AccessChain 59_2(coord) uint(0)
            61_9: 22_1(float) Load 65_14
           65_15:   32_5(ptr) AccessChain 59_13(localArray) 61_8
                              Store 65_15 61_9
                              Store 59_14(i) 43_1
                              Branch 248_7
           248_7:             Label
                              LoopMerge 248_11 248_10 None
                              Branch 248_8
           248_8:             Label
           61_10:   21_1(int) Load 59_14(i)
           177_1:  20_1(bool) SLessThan 61_10 43_7
                              BranchConditional 177_1 248_9 248_11
           248_9:               Label
           61_11:   21_1(int)   Load 59_14(i)
           65_16:   32_5(ptr)   AccessChain 59_15(a) 61_11
                                Store 65_16 43_8
                                Branch 248_10
          248_10:               Label
           61_12:   21_1(int)   Load 59_14(i)
           128_1:   21_1(int)   IAdd 61_12 43_3
                                Store 59_14(i) 128_1
                                Branch 248_7
          248_11:             Label
           61_13:   21_1(int) Load 59_3(condition)
           170_2:  20_1(bool) IEqual 61_13 43_3
                              SelectionMerge 248_13 None
                              BranchConditional 170_2 248_12 248_13
          248_12:               Label
           61_14:        28_1   Load 59_13(localArray)
                                Store 59_15(a) 61_14
                                Branch 248_13
          248_13:             Label
           61_15: 23_1(fvec4) Load 59_4(color)
           65_17:  32_12(ptr) AccessChain 59_9(locals2) 43_9
                              Store 65_17 61_15
           65_18:   32_8(ptr) AccessChain 59_2(coord) uint(1)
           61_16: 22_1(float) Load 65_18
           65_19:   32_5(ptr) AccessChain 59_9(locals2) 43_9 uint(2)
                              Store 65_19 61_16
           65_20:  32_12(ptr) AccessChain 59_9(locals2) 43_9
           61_17: 23_1(fvec4) Load 65_20
           65_21:   32_5(ptr) AccessChain 59_10(localFArray) 43_5
           61_18: 22_1(float) Load 65_21
           65_22:   32_5(ptr) AccessChain 59_9(locals2) 43_2 43_3
           61_19: 22_1(float) Load 65_22
           129_2: 22_1(float) FAdd 61_18 61_19
           61_20:   21_1(int) Load 59_12(x)
           65_23:   32_5(ptr) AccessChain 59_13(localArray) 61_20
           61_21: 22_1(float) Load 65_23
           129_3: 22_1(float) FAdd 129_2 61_21
           61_22:   21_1(int) Load 59_12(x)
           65_24:   32_5(ptr) AccessChain 59_15(a) 61_22
           61_23: 22_1(float) Load 65_24
           129_4: 22_1(float) FAdd 129_3 61_23
           142_1: 23_1(fvec4) VectorTimesScalar 61_17 129_4
           61_24:        27_1 Load 59_6(samp2D)
           61_25: 23_2(fvec2) Load 59_2(coord)
            87_1: 23_1(fvec4) ImageSampleImplicitLod 61_24 61_25
           133_1: 23_1(fvec4) FMul 142_1 87_1
                              Store 59_5(gl_FragColor) 133_1
                              Return
                              FunctionEnd
