spv.8bitstorage-uint.frag
// Module Version 10000
// Generated by (magic number): 8000b
// Id's are bound by 182

                              Capability Shader
                              Capability UniformAndStorageBuffer8BitAccess
                              Extension  "SPV_KHR_8bit_storage"
            11_1:             ExtInstImport  "GLSL.std.450"
                              MemoryModel Logical GLSL450
                              EntryPoint Fragment 54_1  "main"
                              ExecutionMode 54_1 OriginUpperLeft
                              Source GLSL 450
                              SourceExtension  "GL_EXT_shader_8bit_storage"
                              Name 54_1  "main"
                              Name 30_1  "S"
                              MemberName 30_1(S) 0  "x"
                              MemberName 30_1(S) 1  "y"
                              MemberName 30_1(S) 2  "z"
                              Name 30_2  "B2"
                              MemberName 30_2(B2) 0  "o"
                              MemberName 30_2(B2) 1  "p"
                              MemberName 30_2(B2) 2  "q"
                              MemberName 30_2(B2) 3  "r"
                              MemberName 30_2(B2) 4  "u"
                              MemberName 30_2(B2) 5  "v"
                              MemberName 30_2(B2) 6  "x"
                              MemberName 30_2(B2) 7  "w"
                              Name 59_1  "b2"
                              Name 30_3  "S"
                              MemberName 30_3(S) 0  "x"
                              MemberName 30_3(S) 1  "y"
                              MemberName 30_3(S) 2  "z"
                              Name 30_4  "B1"
                              MemberName 30_4(B1) 0  "a"
                              MemberName 30_4(B1) 1  "b"
                              MemberName 30_4(B1) 2  "c"
                              MemberName 30_4(B1) 3  "d"
                              MemberName 30_4(B1) 4  "g"
                              MemberName 30_4(B1) 5  "h"
                              MemberName 30_4(B1) 6  "j"
                              Name 59_2  "b1"
                              Name 30_5  "S"
                              MemberName 30_5(S) 0  "x"
                              MemberName 30_5(S) 1  "y"
                              MemberName 30_5(S) 2  "z"
                              Name 30_6  "B5"
                              MemberName 30_6(B5) 0  "o"
                              MemberName 30_6(B5) 1  "p"
                              MemberName 30_6(B5) 2  "q"
                              MemberName 30_6(B5) 3  "r"
                              MemberName 30_6(B5) 4  "u"
                              MemberName 30_6(B5) 5  "v"
                              MemberName 30_6(B5) 6  "x"
                              MemberName 30_6(B5) 7  "w"
                              Name 59_3  "b5"
                              Name 59_6  "x0"
                              Name 59_7  "x1"
                              Name 30_7  "S2"
                              MemberName 30_7(S2) 0  "x"
                              MemberName 30_7(S2) 1  "y"
                              MemberName 30_7(S2) 2  "z"
                              Name 30_8  "S3"
                              MemberName 30_8(S3) 0  "x"
                              Name 30_9  "B4"
                              MemberName 30_9(B4) 0  "x"
                              MemberName 30_9(B4) 1  "y"
                              Name 59_4  "b4"
                              Name 30_10  "S2"
                              MemberName 30_10(S2) 0  "x"
                              MemberName 30_10(S2) 1  "y"
                              MemberName 30_10(S2) 2  "z"
                              Name 30_11  "B3"
                              MemberName 30_11(B3) 0  "x"
                              Name 59_5  "b3"
                              Name 59_8  "v3"
                              Name 59_9  "u3"
                              Decorate 28_1 ArrayStride 1
                              MemberDecorate 30_1(S) 0 Offset 0
                              MemberDecorate 30_1(S) 1 Offset 2
                              MemberDecorate 30_1(S) 2 Offset 4
                              Decorate 28_2 ArrayStride 8
                              Decorate 28_3 ArrayStride 2
                              Decorate 29_1 ArrayStride 1
                              Decorate 30_2(B2) BufferBlock
                              MemberDecorate 30_2(B2) 0 Offset 0
                              MemberDecorate 30_2(B2) 1 Offset 2
                              MemberDecorate 30_2(B2) 2 Offset 4
                              MemberDecorate 30_2(B2) 3 Offset 7
                              MemberDecorate 30_2(B2) 4 Offset 12
                              MemberDecorate 30_2(B2) 5 Offset 20
                              MemberDecorate 30_2(B2) 6 Offset 36
                              MemberDecorate 30_2(B2) 7 Offset 236
                              Decorate 59_1(b2) Binding 1
                              Decorate 59_1(b2) DescriptorSet 0
                              Decorate 28_4 ArrayStride 16
                              MemberDecorate 30_3(S) 0 Offset 0
                              MemberDecorate 30_3(S) 1 Offset 2
                              MemberDecorate 30_3(S) 2 Offset 4
                              Decorate 28_5 ArrayStride 16
                              Decorate 30_4(B1) Block
                              MemberDecorate 30_4(B1) 0 Offset 0
                              MemberDecorate 30_4(B1) 1 Offset 2
                              MemberDecorate 30_4(B1) 2 Offset 4
                              MemberDecorate 30_4(B1) 3 Offset 16
                              MemberDecorate 30_4(B1) 4 Offset 48
                              MemberDecorate 30_4(B1) 5 Offset 64
                              MemberDecorate 30_4(B1) 6 Offset 96
                              Decorate 59_2(b1) Binding 0
                              Decorate 59_2(b1) DescriptorSet 0
                              Decorate 28_6 ArrayStride 16
                              MemberDecorate 30_5(S) 0 Offset 0
                              MemberDecorate 30_5(S) 1 Offset 2
                              MemberDecorate 30_5(S) 2 Offset 4
                              Decorate 28_7 ArrayStride 16
                              Decorate 28_8 ArrayStride 16
                              Decorate 28_9 ArrayStride 16
                              Decorate 30_6(B5) Block
                              MemberDecorate 30_6(B5) 0 Offset 0
                              MemberDecorate 30_6(B5) 1 Offset 2
                              MemberDecorate 30_6(B5) 2 Offset 4
                              MemberDecorate 30_6(B5) 3 Offset 16
                              MemberDecorate 30_6(B5) 4 Offset 48
                              MemberDecorate 30_6(B5) 5 Offset 64
                              MemberDecorate 30_6(B5) 6 Offset 96
                              MemberDecorate 30_6(B5) 7 Offset 1696
                              Decorate 59_3(b5) Binding 2
                              Decorate 59_3(b5) DescriptorSet 0
                              MemberDecorate 30_7(S2) 0 ColMajor
                              MemberDecorate 30_7(S2) 0 MatrixStride 16
                              MemberDecorate 30_7(S2) 0 Offset 0
                              MemberDecorate 30_7(S2) 1 Offset 64
                              MemberDecorate 30_7(S2) 2 Offset 68
                              MemberDecorate 30_8(S3) 0 Offset 0
                              Decorate 30_9(B4) BufferBlock
                              MemberDecorate 30_9(B4) 0 Offset 0
                              MemberDecorate 30_9(B4) 1 Offset 80
                              Decorate 59_4(b4) Binding 4
                              Decorate 59_4(b4) DescriptorSet 0
                              MemberDecorate 30_10(S2) 0 RowMajor
                              MemberDecorate 30_10(S2) 0 MatrixStride 16
                              MemberDecorate 30_10(S2) 0 Offset 0
                              MemberDecorate 30_10(S2) 1 Offset 64
                              MemberDecorate 30_10(S2) 2 Offset 68
                              Decorate 30_11(B3) BufferBlock
                              MemberDecorate 30_11(B3) 0 Offset 0
                              Decorate 59_5(b3) Binding 3
                              Decorate 59_5(b3) DescriptorSet 0
            19_1:             TypeVoid
            33_1:             TypeFunction 19_1
            21_1:             TypeInt 8 0
            23_1:             TypeVector 21_1(int8_t) 2
            23_2:             TypeVector 21_1(int8_t) 3
            21_2:             TypeInt 32 0
         uint(2):   21_2(int) Constant 2
            28_1:             TypeArray 21_1(int8_t) uint(2)
         30_1(S):             TypeStruct 21_1(int8_t) 23_1(i8vec2) 23_2(i8vec3)
            28_2:             TypeArray 30_1(S) uint(2)
       uint(100):   21_2(int) Constant 100
            28_3:             TypeArray 23_1(i8vec2) uint(100)
            29_1:             TypeRuntimeArray 21_1(int8_t)
        30_2(B2):             TypeStruct 21_1(int8_t) 23_1(i8vec2) 23_2(i8vec3) 28_1 30_1(S) 28_2 28_3 29_1
            32_1:             TypePointer Uniform 30_2(B2)
        59_1(b2):   32_1(ptr) Variable Uniform
            21_3:             TypeInt 32 1
            43_1:   21_3(int) Constant 0
            28_4:             TypeArray 21_1(int8_t) uint(2)
         30_3(S):             TypeStruct 21_1(int8_t) 23_1(i8vec2) 23_2(i8vec3)
            28_5:             TypeArray 30_3(S) uint(2)
        30_4(B1):             TypeStruct 21_1(int8_t) 23_1(i8vec2) 23_2(i8vec3) 28_4 30_3(S) 28_5 21_2(int)
            32_2:             TypePointer Uniform 30_4(B1)
        59_2(b1):   32_2(ptr) Variable Uniform
            32_3:             TypePointer Uniform 21_1(int8_t)
            43_2:   21_3(int) Constant 1
            43_3:   21_3(int) Constant 2
            32_4:             TypePointer Uniform 23_2(i8vec3)
            23_3:             TypeVector 21_2(int) 3
            23_4:             TypeVector 21_2(int) 2
            32_5:             TypePointer Uniform 23_1(i8vec2)
            28_6:             TypeArray 21_1(int8_t) uint(2)
         30_5(S):             TypeStruct 21_1(int8_t) 23_1(i8vec2) 23_2(i8vec3)
            28_7:             TypeArray 30_5(S) uint(2)
            28_8:             TypeArray 23_1(i8vec2) uint(100)
            28_9:             TypeArray 21_1(int8_t) uint(100)
        30_6(B5):             TypeStruct 21_1(int8_t) 23_1(i8vec2) 23_2(i8vec3) 28_6 30_5(S) 28_7 28_8 28_9
            32_6:             TypePointer Uniform 30_6(B5)
        59_3(b5):   32_6(ptr) Variable Uniform
            43_4:   21_3(int) Constant 3
            32_7:             TypePointer Function 21_2(int)
            23_5:             TypeVector 21_2(int) 4
            32_8:             TypePointer Function 23_5(ivec4)
         uint(1):   21_2(int) Constant 1
            22_1:             TypeFloat 32
            23_6:             TypeVector 22_1(float) 4
            24_1:             TypeMatrix 23_6(fvec4) 4
        30_7(S2):             TypeStruct 24_1 21_1(int8_t) 21_2(int)
        30_8(S3):             TypeStruct 30_7(S2)
        30_9(B4):             TypeStruct 30_7(S2) 30_8(S3)
            32_9:             TypePointer Uniform 30_9(B4)
        59_4(b4):   32_9(ptr) Variable Uniform
       30_10(S2):             TypeStruct 24_1 21_1(int8_t) 21_2(int)
       30_11(B3):             TypeStruct 30_10(S2)
           32_10:             TypePointer Uniform 30_11(B3)
        59_5(b3):  32_10(ptr) Variable Uniform
           32_11:             TypePointer Uniform 24_1
         uint(0):   21_2(int) Constant 0
            43_5:   21_3(int) Constant 5
           32_12:             TypePointer Function 23_3(ivec3)
            43_6:   21_3(int) Constant 7
            43_7:   21_3(int) Constant 6
           32_13:             TypePointer Uniform 21_2(int)
            44_1: 23_4(ivec2) ConstantComposite uint(1) uint(2)
         uint(3):   21_2(int) Constant 3
      54_1(main):        19_1 Function None 33_1
           248_1:             Label
        59_6(x0):   32_7(ptr) Variable Function
        59_7(x1):   32_8(ptr) Variable Function
        59_8(v3):  32_12(ptr) Variable Function
        59_9(u3):  32_12(ptr) Variable Function
            65_1:   32_3(ptr) AccessChain 59_2(b1) 43_1
            61_1:21_1(int8_t) Load 65_1
            65_2:   32_3(ptr) AccessChain 59_1(b2) 43_1
                              Store 65_2 61_1
            65_3:   32_4(ptr) AccessChain 59_1(b2) 43_3
            61_2:23_2(i8vec3) Load 65_3
           113_1: 23_3(ivec3) UConvert 61_2
            79_1: 23_4(ivec2) VectorShuffle 113_1 113_1 0 1
           113_2:23_1(i8vec2) UConvert 79_1
            65_4:   32_5(ptr) AccessChain 59_1(b2) 43_2
                              Store 65_4 113_2
            65_5:   32_4(ptr) AccessChain 59_3(b5) 43_3
            61_3:23_2(i8vec3) Load 65_5
           113_3: 23_3(ivec3) UConvert 61_3
            79_2: 23_4(ivec2) VectorShuffle 113_3 113_3 0 1
           113_4:23_1(i8vec2) UConvert 79_2
            65_6:   32_5(ptr) AccessChain 59_1(b2) 43_2
                              Store 65_6 113_4
            65_7:   32_3(ptr) AccessChain 59_1(b2) 43_4 43_1
            61_4:21_1(int8_t) Load 65_7
            65_8:   32_3(ptr) AccessChain 59_1(b2) 43_4 43_1
                              Store 65_8 61_4
            65_9:   32_3(ptr) AccessChain 59_3(b5) 43_4 43_2
            61_5:21_1(int8_t) Load 65_9
           65_10:   32_3(ptr) AccessChain 59_1(b2) 43_4 43_2
                              Store 65_10 61_5
           65_11:   32_5(ptr) AccessChain 59_1(b2) 43_2
            61_6:23_1(i8vec2) Load 65_11
           65_12:   32_5(ptr) AccessChain 59_1(b2) 43_2
                              Store 65_12 61_6
           65_13:   32_3(ptr) AccessChain 59_2(b1) 43_1
            61_7:21_1(int8_t) Load 65_13
           113_5:   21_2(int) UConvert 61_7
                              Store 59_6(x0) 113_5
           65_14:   32_3(ptr) AccessChain 59_2(b1) 43_1
            61_8:21_1(int8_t) Load 65_14
           113_6:   21_2(int) UConvert 61_8
           65_15:   32_5(ptr) AccessChain 59_1(b2) 43_2
            61_9:23_1(i8vec2) Load 65_15
           113_7: 23_4(ivec2) UConvert 61_9
            81_1:   21_2(int) CompositeExtract 113_7 0
            81_2:   21_2(int) CompositeExtract 113_7 1
            80_1: 23_5(ivec4) CompositeConstruct 113_6 81_1 81_2 uint(1)
                              Store 59_7(x1) 80_1
           65_16:  32_11(ptr) AccessChain 59_5(b3) 43_1 43_1
           61_10:        24_1 Load 65_16
           65_17:  32_11(ptr) AccessChain 59_4(b4) 43_1 43_1
                              Store 65_17 61_10
           65_18:   32_5(ptr) AccessChain 59_1(b2) 43_2
           61_11:23_1(i8vec2) Load 65_18
           113_8: 23_4(ivec2) UConvert 61_11
            81_3:   21_2(int) CompositeExtract 113_8 0
           113_9:21_1(int8_t) UConvert 81_3
           65_19:   32_3(ptr) AccessChain 59_1(b2) 43_1
                              Store 65_19 113_9
           65_20:   32_5(ptr) AccessChain 59_1(b2) 43_5 43_2 43_2
           61_12:23_1(i8vec2) Load 65_20
           65_21:   32_5(ptr) AccessChain 59_1(b2) 43_2
                              Store 65_21 61_12
           65_22:  32_13(ptr) AccessChain 59_2(b1) 43_7
           61_13:   21_2(int) Load 65_22
           65_23:   32_3(ptr) AccessChain 59_1(b2) 43_6 61_13
           61_14:21_1(int8_t) Load 65_23
          113_10:   21_2(int) UConvert 61_14
           65_24:  32_13(ptr) AccessChain 59_2(b1) 43_7
           61_15:   21_2(int) Load 65_24
           128_1:   21_2(int) IAdd 61_15 uint(1)
           65_25:   32_3(ptr) AccessChain 59_1(b2) 43_6 128_1
           61_16:21_1(int8_t) Load 65_25
          113_11:   21_2(int) UConvert 61_16
           65_26:  32_13(ptr) AccessChain 59_2(b1) 43_7
           61_17:   21_2(int) Load 65_26
           128_2:   21_2(int) IAdd 61_17 uint(2)
           65_27:   32_3(ptr) AccessChain 59_1(b2) 43_6 128_2
           61_18:21_1(int8_t) Load 65_27
          113_12:   21_2(int) UConvert 61_18
            80_2: 23_3(ivec3) CompositeConstruct 113_10 113_11 113_12
                              Store 59_8(v3) 80_2
           65_28:  32_13(ptr) AccessChain 59_2(b1) 43_7
           61_19:   21_2(int) Load 65_28
           65_29:   32_3(ptr) AccessChain 59_3(b5) 43_6 61_19
           61_20:21_1(int8_t) Load 65_29
          113_13:   21_2(int) UConvert 61_20
           65_30:  32_13(ptr) AccessChain 59_2(b1) 43_7
           61_21:   21_2(int) Load 65_30
           128_3:   21_2(int) IAdd 61_21 uint(1)
           65_31:   32_3(ptr) AccessChain 59_3(b5) 43_6 128_3
           61_22:21_1(int8_t) Load 65_31
          113_14:   21_2(int) UConvert 61_22
           65_32:  32_13(ptr) AccessChain 59_2(b1) 43_7
           61_23:   21_2(int) Load 65_32
           128_4:   21_2(int) IAdd 61_23 uint(2)
           65_33:   32_3(ptr) AccessChain 59_3(b5) 43_6 128_4
           61_24:21_1(int8_t) Load 65_33
          113_15:   21_2(int) UConvert 61_24
            80_3: 23_3(ivec3) CompositeConstruct 113_13 113_14 113_15
                              Store 59_9(u3) 80_3
           65_34:   32_5(ptr) AccessChain 59_1(b2) 43_7 43_1
           61_25:23_1(i8vec2) Load 65_34
           65_35:   32_5(ptr) AccessChain 59_1(b2) 43_7 43_1
                              Store 65_35 61_25
           65_36:   32_5(ptr) AccessChain 59_3(b5) 43_7 43_2
           61_26:23_1(i8vec2) Load 65_36
           65_37:   32_5(ptr) AccessChain 59_1(b2) 43_7 43_2
                              Store 65_37 61_26
           65_38:   32_3(ptr) AccessChain 59_2(b1) 43_1
           61_27:21_1(int8_t) Load 65_38
           65_39:   32_3(ptr) AccessChain 59_1(b2) 43_2 uint(0)
                              Store 65_39 61_27
           65_40:   32_3(ptr) AccessChain 59_1(b2) 43_2 uint(0)
           61_28:21_1(int8_t) Load 65_40
           65_41:   32_3(ptr) AccessChain 59_1(b2) 43_1
                              Store 65_41 61_28
          113_16:23_1(i8vec2) UConvert 44_1
           65_42:   32_5(ptr) AccessChain 59_1(b2) 43_2
                              Store 65_42 113_16
          113_17:21_1(int8_t) UConvert uint(3)
           65_43:   32_3(ptr) AccessChain 59_1(b2) 43_1
                              Store 65_43 113_17
           65_44:   32_3(ptr) AccessChain 59_2(b1) 43_1
           61_29:21_1(int8_t) Load 65_44
           65_45:   32_3(ptr) AccessChain 59_1(b2) 43_1
                              Store 65_45 61_29
           65_46:   32_5(ptr) AccessChain 59_2(b1) 43_2
           61_30:23_1(i8vec2) Load 65_46
           65_47:   32_5(ptr) AccessChain 59_1(b2) 43_2
                              Store 65_47 61_30
           65_48:   32_4(ptr) AccessChain 59_2(b1) 43_3
           61_31:23_2(i8vec3) Load 65_48
           65_49:   32_4(ptr) AccessChain 59_1(b2) 43_3
                              Store 65_49 61_31
                              Return
                              FunctionEnd
