spv.forwardFun.frag
// Module Version 10000
// Generated by (magic number): 8000b
// Id's are bound by 60

                              Capability Shader
            11_1:             ExtInstImport  "GLSL.std.450"
                              MemoryModel Logical GLSL450
                              EntryPoint Fragment 54_1  "main" 59_1 59_2 59_3 59_4
                              ExecutionMode 54_1 OriginUpperLeft
                              Source GLSL 140
                              Name 54_1  "main"
                              Name 54_2  "bar("
                              Name 54_3  "unreachableReturn("
                              Name 54_4  "foo(vf4;"
                              Name 55_1  "bar"
                              Name 59_5  "color"
                              Name 59_1  "BaseColor"
                              Name 59_6  "param"
                              Name 59_7  "f"
                              Name 59_2  "gl_FragColor"
                              Name 59_3  "d"
                              Name 59_4  "bigColor"
                              Decorate 54_3(unreachableReturn() RelaxedPrecision
                              Decorate 55_1(bar) RelaxedPrecision
                              Decorate 54_4(foo(vf4;) RelaxedPrecision
                              Decorate 59_5(color) RelaxedPrecision
                              Decorate 59_1(BaseColor) RelaxedPrecision
                              Decorate 59_1(BaseColor) Location 1
                              Decorate 59_6(param) RelaxedPrecision
                              Decorate 61_1 RelaxedPrecision
                              Decorate 57_1 RelaxedPrecision
                              Decorate 80_1 RelaxedPrecision
                              Decorate 59_7(f) RelaxedPrecision
                              Decorate 57_3 RelaxedPrecision
                              Decorate 59_2(gl_FragColor) RelaxedPrecision
                              Decorate 59_2(gl_FragColor) Location 0
                              Decorate 61_2 RelaxedPrecision
                              Decorate 61_3 RelaxedPrecision
                              Decorate 142_1 RelaxedPrecision
                              Decorate 59_3(d) RelaxedPrecision
                              Decorate 59_3(d) Location 2
                              Decorate 61_4 RelaxedPrecision
                              Decorate 61_5 RelaxedPrecision
                              Decorate 61_6 RelaxedPrecision
                              Decorate 129_1 RelaxedPrecision
                              Decorate 59_4(bigColor) RelaxedPrecision
                              Decorate 59_4(bigColor) Location 0
            19_1:             TypeVoid
            33_1:             TypeFunction 19_1
            22_1:             TypeFloat 32
            33_2:             TypeFunction 22_1(float)
            23_1:             TypeVector 22_1(float) 4
            32_1:             TypePointer Function 23_1(fvec4)
            33_3:             TypeFunction 22_1(float) 32_1(ptr)
            32_2:             TypePointer Input 23_1(fvec4)
 59_1(BaseColor):   32_2(ptr) Variable Input
            32_3:             TypePointer Function 22_1(float)
            32_4:             TypePointer Output 23_1(fvec4)
59_2(gl_FragColor):   32_4(ptr) Variable Output
            32_5:             TypePointer Input 22_1(float)
         59_3(d):   32_5(ptr) Variable Input
            43_1: 22_1(float) Constant 1082549862
            20_1:             TypeBool
            43_2: 22_1(float) Constant 1067030938
            43_3: 22_1(float) Constant 1083179008
            21_1:             TypeInt 32 0
         uint(0):   21_1(int) Constant 0
         uint(1):   21_1(int) Constant 1
  59_4(bigColor):   32_2(ptr) Variable Input
      54_1(main):        19_1 Function None 33_1
           248_1:             Label
     59_5(color):   32_1(ptr) Variable Function
     59_6(param):   32_1(ptr) Variable Function
         59_7(f):   32_3(ptr) Variable Function
            61_1: 23_1(fvec4) Load 59_1(BaseColor)
                              Store 59_6(param) 61_1
            57_1: 22_1(float) FunctionCall 54_4(foo(vf4;) 59_6(param)
            80_1: 23_1(fvec4) CompositeConstruct 57_1 57_1 57_1 57_1
                              Store 59_5(color) 80_1
            57_2:        19_1 FunctionCall 54_2(bar()
            57_3: 22_1(float) FunctionCall 54_3(unreachableReturn()
                              Store 59_7(f) 57_3
            61_2: 23_1(fvec4) Load 59_5(color)
            61_3: 22_1(float) Load 59_7(f)
           142_1: 23_1(fvec4) VectorTimesScalar 61_2 61_3
                              Store 59_2(gl_FragColor) 142_1
                              Return
                              FunctionEnd
      54_2(bar():        19_1 Function None 33_1
           248_2:             Label
                              Return
                              FunctionEnd
54_3(unreachableReturn(): 22_1(float) Function None 33_2
           248_3:             Label
            57_4:        19_1 FunctionCall 54_2(bar()
            61_4: 22_1(float) Load 59_3(d)
           184_1:  20_1(bool) FOrdLessThan 61_4 43_1
                              SelectionMerge 248_6 None
                              BranchConditional 184_1 248_4 248_5
           248_4:               Label
                                ReturnValue 43_2
           248_5:               Label
                                ReturnValue 43_3
           248_6:             Label
                              Unreachable
                              FunctionEnd
  54_4(foo(vf4;): 22_1(float) Function None 33_3
       55_1(bar):   32_1(ptr) FunctionParameter
           248_7:             Label
            65_1:   32_3(ptr) AccessChain 55_1(bar) uint(0)
            61_5: 22_1(float) Load 65_1
            65_2:   32_3(ptr) AccessChain 55_1(bar) uint(1)
            61_6: 22_1(float) Load 65_2
           129_1: 22_1(float) FAdd 61_5 61_6
                              ReturnValue 129_1
                              FunctionEnd
