spv.1.4.image.frag
// Module Version 10400
// Generated by (magic number): 8000b
// Id's are bound by 104

                              Capability Shader
                              Capability StorageImageMultisample
            11_1:             ExtInstImport  "GLSL.std.450"
                              MemoryModel Logical GLSL450
                              EntryPoint Fragment 54_1  "main" 59_1 59_2 59_3 59_4 59_5 59_6 59_7 59_8 59_9
                              ExecutionMode 54_1 OriginUpperLeft
                              Source GLSL 450
                              Name 54_1  "main"
                              Name 59_10  "v"
                              Name 59_11  "iv"
                              Name 59_12  "uv"
                              Name 59_1  "i2D"
                              Name 59_2  "ic2D"
                              Name 59_3  "ii2D"
                              Name 59_4  "ui2D"
                              Name 59_5  "i2DMS"
                              Name 59_6  "ii2DMS"
                              Name 59_7  "ui2DMS"
                              Name 59_8  "fragData"
                              Name 59_9  "value"
                              Decorate 59_1(i2D) Binding 1
                              Decorate 59_1(i2D) DescriptorSet 0
                              Decorate 59_2(ic2D) Flat
                              Decorate 59_2(ic2D) Location 0
                              Decorate 59_3(ii2D) Binding 12
                              Decorate 59_3(ii2D) DescriptorSet 0
                              Decorate 59_4(ui2D) Binding 12
                              Decorate 59_4(ui2D) DescriptorSet 0
                              Decorate 59_5(i2DMS) Binding 9
                              Decorate 59_5(i2DMS) DescriptorSet 0
                              Decorate 59_6(ii2DMS) Binding 13
                              Decorate 59_6(ii2DMS) DescriptorSet 0
                              Decorate 59_7(ui2DMS) Binding 13
                              Decorate 59_7(ui2DMS) DescriptorSet 0
                              Decorate 59_8(fragData) Location 0
                              Decorate 59_9(value) Flat
                              Decorate 59_9(value) Location 1
            19_1:             TypeVoid
            33_1:             TypeFunction 19_1
            22_1:             TypeFloat 32
            23_1:             TypeVector 22_1(float) 4
            32_1:             TypePointer Function 23_1(fvec4)
            43_1: 22_1(float) Constant 0
            44_1: 23_1(fvec4) ConstantComposite 43_1 43_1 43_1 43_1
            21_1:             TypeInt 32 1
            23_2:             TypeVector 21_1(int) 4
            32_2:             TypePointer Function 23_2(ivec4)
            43_2:   21_1(int) Constant 0
            44_2: 23_2(ivec4) ConstantComposite 43_2 43_2 43_2 43_2
            21_2:             TypeInt 32 0
            23_3:             TypeVector 21_2(int) 4
            32_3:             TypePointer Function 23_3(ivec4)
         uint(0):   21_2(int) Constant 0
            44_3: 23_3(ivec4) ConstantComposite uint(0) uint(0) uint(0) uint(0)
            25_1:             TypeImage 22_1(float) 2D nonsampled format:Rgba32f
            32_4:             TypePointer UniformConstant 25_1
       59_1(i2D):   32_4(ptr) Variable UniformConstant
            23_4:             TypeVector 21_1(int) 2
            32_5:             TypePointer Input 23_4(ivec2)
      59_2(ic2D):   32_5(ptr) Variable Input
            25_2:             TypeImage 21_1(int) 2D nonsampled format:R32i
            32_6:             TypePointer UniformConstant 25_2
      59_3(ii2D):   32_6(ptr) Variable UniformConstant
            25_3:             TypeImage 21_2(int) 2D nonsampled format:R32ui
            32_7:             TypePointer UniformConstant 25_3
      59_4(ui2D):   32_7(ptr) Variable UniformConstant
            25_4:             TypeImage 22_1(float) 2D multi-sampled nonsampled format:Rgba32f
            32_8:             TypePointer UniformConstant 25_4
     59_5(i2DMS):   32_8(ptr) Variable UniformConstant
            43_3:   21_1(int) Constant 1
            43_4:   21_1(int) Constant 2
            25_5:             TypeImage 21_1(int) 2D multi-sampled nonsampled format:R32i
            32_9:             TypePointer UniformConstant 25_5
    59_6(ii2DMS):   32_9(ptr) Variable UniformConstant
            25_6:             TypeImage 21_2(int) 2D multi-sampled nonsampled format:R32ui
           32_10:             TypePointer UniformConstant 25_6
    59_7(ui2DMS):  32_10(ptr) Variable UniformConstant
           32_11:             TypePointer Output 23_1(fvec4)
  59_8(fragData):  32_11(ptr) Variable Output
           32_12:             TypePointer Input 21_2(int)
     59_9(value):  32_12(ptr) Variable Input
      54_1(main):        19_1 Function None 33_1
           248_1:             Label
        59_10(v):   32_1(ptr) Variable Function
       59_11(iv):   32_2(ptr) Variable Function
       59_12(uv):   32_3(ptr) Variable Function
                              Store 59_10(v) 44_1
                              Store 59_11(iv) 44_2
                              Store 59_12(uv) 44_3
            61_1:        25_1 Load 59_1(i2D)
            61_2: 23_4(ivec2) Load 59_2(ic2D)
            98_1: 23_1(fvec4) ImageRead 61_1 61_2
            61_3: 23_1(fvec4) Load 59_10(v)
           129_1: 23_1(fvec4) FAdd 61_3 98_1
                              Store 59_10(v) 129_1
            61_4:        25_1 Load 59_1(i2D)
            61_5: 23_4(ivec2) Load 59_2(ic2D)
            61_6: 23_1(fvec4) Load 59_10(v)
                              ImageWrite 61_4 61_5 61_6
            61_7:        25_2 Load 59_3(ii2D)
            61_8: 23_4(ivec2) Load 59_2(ic2D)
            98_2: 23_2(ivec4) ImageRead 61_7 61_8 SignExtend 
           111_1: 23_1(fvec4) ConvertSToF 98_2
            61_9: 23_1(fvec4) Load 59_10(v)
           129_2: 23_1(fvec4) FAdd 61_9 111_1
                              Store 59_10(v) 129_2
           61_10:        25_2 Load 59_3(ii2D)
           61_11: 23_4(ivec2) Load 59_2(ic2D)
           61_12: 23_2(ivec4) Load 59_11(iv)
                              ImageWrite 61_10 61_11 61_12 SignExtend 
           61_13:        25_3 Load 59_4(ui2D)
           61_14: 23_4(ivec2) Load 59_2(ic2D)
            98_3: 23_3(ivec4) ImageRead 61_13 61_14 ZeroExtend 
           112_1: 23_1(fvec4) ConvertUToF 98_3
           61_15: 23_1(fvec4) Load 59_10(v)
           129_3: 23_1(fvec4) FAdd 61_15 112_1
                              Store 59_10(v) 129_3
           61_16:        25_3 Load 59_4(ui2D)
           61_17: 23_4(ivec2) Load 59_2(ic2D)
           61_18: 23_3(ivec4) Load 59_12(uv)
                              ImageWrite 61_16 61_17 61_18 ZeroExtend 
           61_19:        25_4 Load 59_5(i2DMS)
           61_20: 23_4(ivec2) Load 59_2(ic2D)
            98_4: 23_1(fvec4) ImageRead 61_19 61_20 Sample 43_3
           61_21: 23_1(fvec4) Load 59_10(v)
           129_4: 23_1(fvec4) FAdd 61_21 98_4
                              Store 59_10(v) 129_4
           61_22:        25_4 Load 59_5(i2DMS)
           61_23: 23_4(ivec2) Load 59_2(ic2D)
           61_24: 23_1(fvec4) Load 59_10(v)
                              ImageWrite 61_22 61_23 61_24 Sample 43_4
           61_25:        25_5 Load 59_6(ii2DMS)
           61_26: 23_4(ivec2) Load 59_2(ic2D)
            98_5: 23_2(ivec4) ImageRead 61_25 61_26 Sample SignExtend 43_3
           111_2: 23_1(fvec4) ConvertSToF 98_5
           61_27: 23_1(fvec4) Load 59_10(v)
           129_5: 23_1(fvec4) FAdd 61_27 111_2
                              Store 59_10(v) 129_5
           61_28:        25_5 Load 59_6(ii2DMS)
           61_29: 23_4(ivec2) Load 59_2(ic2D)
           61_30: 23_2(ivec4) Load 59_11(iv)
                              ImageWrite 61_28 61_29 61_30 Sample SignExtend 43_4
           61_31:        25_6 Load 59_7(ui2DMS)
           61_32: 23_4(ivec2) Load 59_2(ic2D)
            98_6: 23_3(ivec4) ImageRead 61_31 61_32 Sample ZeroExtend 43_3
           112_2: 23_1(fvec4) ConvertUToF 98_6
           61_33: 23_1(fvec4) Load 59_10(v)
           129_6: 23_1(fvec4) FAdd 61_33 112_2
                              Store 59_10(v) 129_6
           61_34:        25_6 Load 59_7(ui2DMS)
           61_35: 23_4(ivec2) Load 59_2(ic2D)
           61_36: 23_3(ivec4) Load 59_12(uv)
                              ImageWrite 61_34 61_35 61_36 Sample ZeroExtend 43_4
           61_37: 23_1(fvec4) Load 59_10(v)
                              Store 59_8(fragData) 61_37
                              Return
                              FunctionEnd
