spv.bufferhandle10.frag
// Module Version 10000
// Generated by (magic number): 8000b
// Id's are bound by 40

                              Capability Shader
                              Capability VulkanMemoryModelKHR
                              Capability PhysicalStorageBufferAddressesEXT
                              Extension  "SPV_KHR_physical_storage_buffer"
                              Extension  "SPV_KHR_storage_buffer_storage_class"
                              Extension  "SPV_KHR_vulkan_memory_model"
            11_1:             ExtInstImport  "GLSL.std.450"
                              MemoryModel PhysicalStorageBuffer64EXT VulkanKHR
                              EntryPoint Fragment 54_1  "main" 59_2
                              ExecutionMode 54_1 OriginUpperLeft
                              Source GLSL 450
                              SourceExtension  "GL_ARB_gpu_shader_int64"
                              SourceExtension  "GL_EXT_buffer_reference"
                              Name 54_1  "main"
                              Name 30_1  "t2"
                              MemberName 30_1(t2) 0  "f"
                              Name 30_2  "blockType"
                              MemberName 30_2(blockType) 0  "x"
                              Name 59_1  "t"
                              Name 59_2  "i"
                              Name 59_3  "b"
                              Name 59_4  "b2"
                              Decorate 30_1(t2) Block
                              MemberDecorate 30_1(t2) 0 Offset 0
                              Decorate 29_1 ArrayStride 4
                              Decorate 30_2(blockType) Block
                              MemberDecorate 30_2(blockType) 0 Offset 0
                              Decorate 59_1(t) Binding 0
                              Decorate 59_1(t) DescriptorSet 0
                              Decorate 59_2(i) Flat
                              Decorate 59_2(i) Location 0
                              Decorate 59_3(b) DecorationAliasedPointerEXT
                              Decorate 59_4(b2) DecorationAliasedPointerEXT
            19_1:             TypeVoid
            33_1:             TypeFunction 19_1
                              TypeForwardPointer 32_1 PhysicalStorageBufferEXT
        30_1(t2):             TypeStruct 32_1
            21_1:             TypeInt 32 0
            29_1:             TypeRuntimeArray 21_1(int)
 30_2(blockType):             TypeStruct 29_1
            32_1:             TypePointer PhysicalStorageBufferEXT 30_2(blockType)
            32_2:             TypePointer StorageBuffer 30_1(t2)
         59_1(t):   32_2(ptr) Variable StorageBuffer
            21_2:             TypeInt 32 1
            43_1:   21_2(int) Constant 0
            32_3:             TypePointer StorageBuffer 32_1(ptr)
            32_4:             TypePointer Input 21_1(int)
         59_2(i):   32_4(ptr) Variable Input
            32_5:             TypePointer PhysicalStorageBufferEXT 21_1(int)
         uint(1):   21_1(int) Constant 1
         uint(5):   21_1(int) Constant 5
         uint(0):   21_1(int) Constant 0
            32_6:             TypePointer Function 32_1(ptr)
         uint(2):   21_1(int) Constant 2
         uint(3):   21_1(int) Constant 3
      54_1(main):        19_1 Function None 33_1
           248_1:             Label
         59_3(b):   32_6(ptr) Variable Function
        59_4(b2):   32_6(ptr) Variable Function
            65_1:   32_3(ptr) AccessChain 59_1(t) 43_1
            61_1:   32_1(ptr) Load 65_1
            61_2:   21_1(int) Load 59_2(i)
            65_2:   32_5(ptr) AccessChain 61_1 43_1 61_2
           234_1:   21_1(int) AtomicIAdd 65_2 uint(5) uint(0) uint(1)
            65_3:   32_3(ptr) AccessChain 59_1(t) 43_1
            61_3:   32_1(ptr) Load 65_3
                              Store 59_3(b) 61_3
            61_4:   32_1(ptr) Load 59_3(b)
            65_4:   32_5(ptr) AccessChain 61_4 43_1 43_1
                              Store 65_4 uint(2) Aligned MakePointerAvailableKHR NonPrivatePointerKHR 4 uint(5)
            65_5:   32_3(ptr) AccessChain 59_1(t) 43_1
            61_5:   32_1(ptr) Load 65_5
                              Store 59_4(b2) 61_5 Volatile 
            61_6:   32_1(ptr) Load 59_4(b2) Volatile 
            65_6:   32_5(ptr) AccessChain 61_6 43_1 43_1
                              Store 65_6 uint(3) Volatile Aligned MakePointerAvailableKHR NonPrivatePointerKHR 4 uint(5)
                              Return
                              FunctionEnd
