spv.nv.dmm-allops.rgen
// Module Version 10400
// Generated by (magic number): 8000b
// Id's are bound by 66

                              Capability RayTracingKHR
                              Capability DisplacementMicromapNV
                              Capability CapabilityRayTracingDisplacementMicromapNV
                              Extension  "SPV_KHR_ray_tracing"
                              Extension  "SPV_NV_displacement_micromap"
            11_1:             ExtInstImport  "GLSL.std.450"
                              MemoryModel Logical GLSL450
                              EntryPoint RayGenerationKHR 54_1  "main" 59_1 59_2 59_3 59_4
                              Source GLSL 460
                              SourceExtension  "GL_EXT_ray_query"
                              SourceExtension  "GL_NV_displacement_micromap"
                              Name 54_1  "main"
                              Name 30_1  "block"
                              MemberName 30_1(block) 0  "op_pos"
                              MemberName 30_1(block) 1  "op_bary"
                              MemberName 30_1(block) 2  "op_hitmask"
                              Name 59_1  ""
                              Name 59_2  "as"
                              Name 59_3  "gl_HitKindFrontFacingMicroTriangleNV"
                              Name 59_4  "gl_HitKindBackFacingMicroTriangleNV"
                              Decorate 30_1(block) Block
                              MemberDecorate 30_1(block) 0 Offset 0
                              MemberDecorate 30_1(block) 1 Offset 16
                              MemberDecorate 30_1(block) 2 Offset 24
                              Decorate 59_1 Binding 0
                              Decorate 59_1 DescriptorSet 0
                              Decorate 59_2(as) Binding 1
                              Decorate 59_2(as) DescriptorSet 0
                              Decorate 59_3(gl_HitKindFrontFacingMicroTriangleNV) BuiltIn HitKindFrontFacingMicroTriangleNV
                              Decorate 59_4(gl_HitKindBackFacingMicroTriangleNV) BuiltIn HitKindBackFacingMicroTriangleNV
            19_1:             TypeVoid
            33_1:             TypeFunction 19_1
            22_1:             TypeFloat 32
            23_1:             TypeVector 22_1(float) 3
            23_2:             TypeVector 22_1(float) 2
            21_1:             TypeInt 32 0
     30_1(block):             TypeStruct 23_1(fvec3) 23_2(fvec2) 21_1(int)
            32_1:             TypePointer StorageBuffer 30_1(block)
            59_1:   32_1(ptr) Variable StorageBuffer
            21_2:             TypeInt 32 1
            43_1:   21_2(int) Constant 0
          5341_1:             TypeAccelerationStructureKHR
            32_2:             TypePointer UniformConstant 5341_1
        59_2(as):   32_2(ptr) Variable UniformConstant
            43_2:   21_2(int) Constant 1
            23_3:             TypeVector 21_2(int) 2
            44_1: 23_3(ivec2) ConstantComposite 43_1 43_1
            32_3:             TypePointer StorageBuffer 23_1(fvec3)
            44_2: 23_3(ivec2) ConstantComposite 43_1 43_2
            44_3: 23_3(ivec2) ConstantComposite 43_2 43_1
            32_4:             TypePointer StorageBuffer 23_2(fvec2)
            43_3:   21_2(int) Constant 2
       uint(255):   21_1(int) Constant 255
            32_5:             TypePointer Input 21_1(int)
59_3(gl_HitKindFrontFacingMicroTriangleNV):   32_5(ptr) Variable Input
59_4(gl_HitKindBackFacingMicroTriangleNV):   32_5(ptr) Variable Input
            32_6:             TypePointer StorageBuffer 21_1(int)
      54_1(main):        19_1 Function None 33_1
           248_1:             Label
            61_1:      5341_1 Load 59_2(as)
          5300_1: 23_1(fvec3) FetchMicroTriangleVertexPositionNV 61_1 43_2 43_2 43_2 44_1
            65_1:   32_3(ptr) AccessChain 59_1 43_1
                              Store 65_1 5300_1
            61_2:      5341_1 Load 59_2(as)
          5300_2: 23_1(fvec3) FetchMicroTriangleVertexPositionNV 61_2 43_2 43_2 43_2 44_2
            65_2:   32_3(ptr) AccessChain 59_1 43_1
            61_3: 23_1(fvec3) Load 65_2
           129_1: 23_1(fvec3) FAdd 61_3 5300_2
            65_3:   32_3(ptr) AccessChain 59_1 43_1
                              Store 65_3 129_1
            61_4:      5341_1 Load 59_2(as)
          5300_3: 23_1(fvec3) FetchMicroTriangleVertexPositionNV 61_4 43_2 43_2 43_2 44_3
            65_4:   32_3(ptr) AccessChain 59_1 43_1
            61_5: 23_1(fvec3) Load 65_4
           129_2: 23_1(fvec3) FAdd 61_5 5300_3
            65_5:   32_3(ptr) AccessChain 59_1 43_1
                              Store 65_5 129_2
            61_6:      5341_1 Load 59_2(as)
          5301_1: 23_2(fvec2) FetchMicroTriangleVertexBarycentricNV 61_6 43_2 43_2 43_2 44_1
            65_6:   32_4(ptr) AccessChain 59_1 43_2
                              Store 65_6 5301_1
            61_7:      5341_1 Load 59_2(as)
          5301_2: 23_2(fvec2) FetchMicroTriangleVertexBarycentricNV 61_7 43_2 43_2 43_2 44_2
            65_7:   32_4(ptr) AccessChain 59_1 43_2
            61_8: 23_2(fvec2) Load 65_7
           129_3: 23_2(fvec2) FAdd 61_8 5301_2
            65_8:   32_4(ptr) AccessChain 59_1 43_2
                              Store 65_8 129_3
            61_9:      5341_1 Load 59_2(as)
          5301_3: 23_2(fvec2) FetchMicroTriangleVertexBarycentricNV 61_9 43_2 43_2 43_2 44_3
            65_9:   32_4(ptr) AccessChain 59_1 43_2
           61_10: 23_2(fvec2) Load 65_9
           129_4: 23_2(fvec2) FAdd 61_10 5301_3
           65_10:   32_4(ptr) AccessChain 59_1 43_2
                              Store 65_10 129_4
           61_11:   21_1(int) Load 59_3(gl_HitKindFrontFacingMicroTriangleNV)
           197_1:   21_1(int) BitwiseOr uint(255) 61_11
           61_12:   21_1(int) Load 59_4(gl_HitKindBackFacingMicroTriangleNV)
           197_2:   21_1(int) BitwiseOr 197_1 61_12
           65_11:   32_6(ptr) AccessChain 59_1 43_3
                              Store 65_11 197_2
                              Return
                              FunctionEnd
