spv.150.vert
// Module Version 10000
// Generated by (magic number): 8000b
// Id's are bound by 63

                              Capability Shader
                              Capability ClipDistance
            11_1:             ExtInstImport  "GLSL.std.450"
                              MemoryModel Logical GLSL450
                              EntryPoint Vertex 54_1  "main" 59_1 59_2 59_3 59_4 59_6
                              Source GLSL 150
                              Name 54_1  "main"
                              Name 30_1  "gl_PerVertex"
                              MemberName 30_1(gl_PerVertex) 0  "gl_Position"
                              MemberName 30_1(gl_PerVertex) 1  "gl_PointSize"
                              MemberName 30_1(gl_PerVertex) 2  "gl_ClipDistance"
                              Name 59_1  ""
                              Name 59_2  "iv4"
                              Name 59_3  "ps"
                              Name 30_2  "s1"
                              MemberName 30_2(s1) 0  "a"
                              MemberName 30_2(s1) 1  "a2"
                              MemberName 30_2(s1) 2  "b"
                              Name 30_3  "s2"
                              MemberName 30_3(s2) 0  "c"
                              MemberName 30_3(s2) 1  "d"
                              Name 59_4  "s2out"
                              Name 59_7  "i"
                              Name 59_5  "s2D"
                              Name 59_6  "ui"
                              Decorate 30_1(gl_PerVertex) Block
                              MemberDecorate 30_1(gl_PerVertex) 0 BuiltIn Position
                              MemberDecorate 30_1(gl_PerVertex) 0 Invariant
                              MemberDecorate 30_1(gl_PerVertex) 1 BuiltIn PointSize
                              MemberDecorate 30_1(gl_PerVertex) 2 BuiltIn ClipDistance
                              Decorate 59_2(iv4) Location 0
                              Decorate 59_3(ps) Location 1
                              Decorate 59_4(s2out) Location 0
                              Decorate 59_5(s2D) Binding 0
                              Decorate 59_5(s2D) DescriptorSet 0
                              Decorate 59_6(ui) Location 2
            19_1:             TypeVoid
            33_1:             TypeFunction 19_1
            22_1:             TypeFloat 32
            23_1:             TypeVector 22_1(float) 4
            21_1:             TypeInt 32 0
         uint(4):   21_1(int) Constant 4
            28_1:             TypeArray 22_1(float) uint(4)
30_1(gl_PerVertex):             TypeStruct 23_1(fvec4) 22_1(float) 28_1
            32_1:             TypePointer Output 30_1(gl_PerVertex)
            59_1:   32_1(ptr) Variable Output
            21_2:             TypeInt 32 1
            43_1:   21_2(int) Constant 0
            32_2:             TypePointer Input 23_1(fvec4)
       59_2(iv4):   32_2(ptr) Variable Input
            32_3:             TypePointer Output 23_1(fvec4)
            43_2:   21_2(int) Constant 1
            32_4:             TypePointer Input 22_1(float)
        59_3(ps):   32_4(ptr) Variable Input
            32_5:             TypePointer Output 22_1(float)
            43_3:   21_2(int) Constant 2
         uint(0):   21_1(int) Constant 0
         uint(3):   21_1(int) Constant 3
            28_2:             TypeArray 23_1(fvec4) uint(3)
        30_2(s1):             TypeStruct 21_2(int) 21_2(int) 28_2
            28_3:             TypeArray 30_2(s1) uint(4)
        30_3(s2):             TypeStruct 21_2(int) 28_3
            32_6:             TypePointer Output 30_3(s2)
     59_4(s2out):   32_6(ptr) Variable Output
            32_7:             TypePointer Function 21_2(int)
            25_1:             TypeImage 22_1(float) 2D sampled format:Unknown
            27_1:             TypeSampledImage 25_1
            32_8:             TypePointer UniformConstant 27_1
       59_5(s2D):   32_8(ptr) Variable UniformConstant
            23_2:             TypeVector 22_1(float) 2
            43_4: 22_1(float) Constant 1056964608
            44_1: 23_2(fvec2) ConstantComposite 43_4 43_4
            43_5: 22_1(float) Constant 0
            23_3:             TypeVector 22_1(float) 3
            44_2: 23_3(fvec3) ConstantComposite 43_4 43_4 43_4
            43_6: 22_1(float) Constant 1078774989
            32_9:             TypePointer Input 21_2(int)
        59_6(ui):   32_9(ptr) Variable Input
      54_1(main):        19_1 Function None 33_1
           248_1:             Label
         59_7(i):   32_7(ptr) Variable Function
            61_1: 23_1(fvec4) Load 59_2(iv4)
            65_1:   32_3(ptr) AccessChain 59_1 43_1
                              Store 65_1 61_1
            61_2: 22_1(float) Load 59_3(ps)
            65_2:   32_5(ptr) AccessChain 59_1 43_2
                              Store 65_2 61_2
            65_3:   32_4(ptr) AccessChain 59_2(iv4) uint(0)
            61_3: 22_1(float) Load 65_3
            65_4:   32_5(ptr) AccessChain 59_1 43_3 43_3
                              Store 65_4 61_3
            61_4:   21_2(int) Load 59_7(i)
            61_5: 22_1(float) Load 59_3(ps)
            65_5:   32_5(ptr) AccessChain 59_4(s2out) 43_2 61_4 43_3 43_3 uint(3)
                              Store 65_5 61_5
            61_6:        27_1 Load 59_5(s2D)
            88_1: 23_1(fvec4) ImageSampleExplicitLod 61_6 44_1 Lod 43_5
            61_7:        27_1 Load 59_5(s2D)
            92_1: 23_1(fvec4) ImageSampleProjExplicitLod 61_7 44_2 Lod 43_5
            61_8:        27_1 Load 59_5(s2D)
            88_2: 23_1(fvec4) ImageSampleExplicitLod 61_8 44_1 Lod 43_6
                              Return
                              FunctionEnd
