spv.multiviewPerViewAttributes.tesc
// Module Version 10000
// Generated by (magic number): 8000b
// Id's are bound by 41

                              Capability Tessellation
                              Capability PerViewAttributesNV
                              Extension  "SPV_NVX_multiview_per_view_attributes"
            11_1:             ExtInstImport  "GLSL.std.450"
                              MemoryModel Logical GLSL450
                              EntryPoint TessellationControl 54_1  "main" 59_1 59_2 59_3
                              ExecutionMode 54_1 OutputVertices 4
                              Source GLSL 450
                              SourceExtension  "GL_NVX_multiview_per_view_attributes"
                              Name 54_1  "main"
                              Name 30_1  "gl_PerVertex"
                              MemberName 30_1(gl_PerVertex) 0  "gl_PositionPerViewNV"
                              MemberName 30_1(gl_PerVertex) 1  "gl_ViewportMaskPerViewNV"
                              Name 59_1  "gl_out"
                              Name 59_2  "gl_InvocationID"
                              Name 30_2  "gl_PerVertex"
                              MemberName 30_2(gl_PerVertex) 0  "gl_Position"
                              MemberName 30_2(gl_PerVertex) 1  "gl_PointSize"
                              MemberName 30_2(gl_PerVertex) 2  "gl_ClipDistance"
                              MemberName 30_2(gl_PerVertex) 3  "gl_CullDistance"
                              MemberName 30_2(gl_PerVertex) 4  "gl_PositionPerViewNV"
                              Name 59_3  "gl_in"
                              Decorate 30_1(gl_PerVertex) Block
                              MemberDecorate 30_1(gl_PerVertex) 0 BuiltIn PositionPerViewNV
                              MemberDecorate 30_1(gl_PerVertex) 1 BuiltIn ViewportMaskPerViewNV
                              Decorate 59_2(gl_InvocationID) BuiltIn InvocationId
                              Decorate 30_2(gl_PerVertex) Block
                              MemberDecorate 30_2(gl_PerVertex) 0 BuiltIn Position
                              MemberDecorate 30_2(gl_PerVertex) 1 BuiltIn PointSize
                              MemberDecorate 30_2(gl_PerVertex) 2 BuiltIn ClipDistance
                              MemberDecorate 30_2(gl_PerVertex) 3 BuiltIn CullDistance
                              MemberDecorate 30_2(gl_PerVertex) 4 BuiltIn PositionPerViewNV
            19_1:             TypeVoid
            33_1:             TypeFunction 19_1
            22_1:             TypeFloat 32
            23_1:             TypeVector 22_1(float) 4
            21_1:             TypeInt 32 0
         uint(1):   21_1(int) Constant 1
            28_1:             TypeArray 23_1(fvec4) uint(1)
            21_2:             TypeInt 32 1
            28_2:             TypeArray 21_2(int) uint(1)
30_1(gl_PerVertex):             TypeStruct 28_1 28_2
         uint(4):   21_1(int) Constant 4
            28_3:             TypeArray 30_1(gl_PerVertex) uint(4)
            32_1:             TypePointer Output 28_3
    59_1(gl_out):   32_1(ptr) Variable Output
            32_2:             TypePointer Input 21_2(int)
59_2(gl_InvocationID):   32_2(ptr) Variable Input
            43_1:   21_2(int) Constant 1
            43_2:   21_2(int) Constant 0
            32_3:             TypePointer Output 21_2(int)
            28_4:             TypeArray 22_1(float) uint(1)
30_2(gl_PerVertex):             TypeStruct 23_1(fvec4) 22_1(float) 28_4 28_4 28_1
        uint(32):   21_1(int) Constant 32
            28_5:             TypeArray 30_2(gl_PerVertex) uint(32)
            32_4:             TypePointer Input 28_5
     59_3(gl_in):   32_4(ptr) Variable Input
            32_5:             TypePointer Input 23_1(fvec4)
            43_3:   21_2(int) Constant 4
            32_6:             TypePointer Output 23_1(fvec4)
      54_1(main):        19_1 Function None 33_1
           248_1:             Label
            61_1:   21_2(int) Load 59_2(gl_InvocationID)
            65_1:   32_3(ptr) AccessChain 59_1(gl_out) 61_1 43_1 43_2
                              Store 65_1 43_1
            61_2:   21_2(int) Load 59_2(gl_InvocationID)
            65_2:   32_5(ptr) AccessChain 59_3(gl_in) 43_1 43_2
            61_3: 23_1(fvec4) Load 65_2
            65_3:   32_5(ptr) AccessChain 59_3(gl_in) 43_1 43_3 43_2
            61_4: 23_1(fvec4) Load 65_3
           129_1: 23_1(fvec4) FAdd 61_3 61_4
            65_4:   32_6(ptr) AccessChain 59_1(gl_out) 61_2 43_2 43_2
                              Store 65_4 129_1
                              Return
                              FunctionEnd
