spv.dataOutIndirect.frag
// Module Version 10000
// Generated by (magic number): 8000b
// Id's are bound by 26

                              Capability Shader
            11_1:             ExtInstImport  "GLSL.std.450"
                              MemoryModel Logical GLSL450
                              EntryPoint Fragment 54_1  "main" 59_1 59_3
                              ExecutionMode 54_1 OriginUpperLeft
                              Source GLSL 140
                              Name 54_1  "main"
                              Name 59_1  "fcolor"
                              Name 30_1  "b"
                              MemberName 30_1(b) 0  "i"
                              Name 59_2  "bName"
                              Name 59_3  "Color"
                              Decorate 59_1(fcolor) Location 0
                              Decorate 30_1(b) Block
                              MemberDecorate 30_1(b) 0 Offset 0
                              Decorate 59_2(bName) Binding 0
                              Decorate 59_2(bName) DescriptorSet 0
                              Decorate 59_3(Color) Location 0
            19_1:             TypeVoid
            33_1:             TypeFunction 19_1
            22_1:             TypeFloat 32
            23_1:             TypeVector 22_1(float) 4
            21_1:             TypeInt 32 0
         uint(4):   21_1(int) Constant 4
            28_1:             TypeArray 23_1(fvec4) uint(4)
            32_1:             TypePointer Output 28_1
    59_1(fcolor):   32_1(ptr) Variable Output
            21_2:             TypeInt 32 1
         30_1(b):             TypeStruct 21_2(int)
            32_2:             TypePointer Uniform 30_1(b)
     59_2(bName):   32_2(ptr) Variable Uniform
            43_1:   21_2(int) Constant 0
            32_3:             TypePointer Uniform 21_2(int)
            32_4:             TypePointer Input 23_1(fvec4)
     59_3(Color):   32_4(ptr) Variable Input
            32_5:             TypePointer Output 23_1(fvec4)
      54_1(main):        19_1 Function None 33_1
           248_1:             Label
            65_1:   32_3(ptr) AccessChain 59_2(bName) 43_1
            61_1:   21_2(int) Load 65_1
            61_2: 23_1(fvec4) Load 59_3(Color)
            65_2:   32_5(ptr) AccessChain 59_1(fcolor) 61_1
                              Store 65_2 61_2
                              Return
                              FunctionEnd
