spv.types.frag
// Module Version 10000
// Generated by (magic number): 8000b
// Id's are bound by 260

                              Capability Shader
            11_1:             ExtInstImport  "GLSL.std.450"
                              MemoryModel Logical GLSL450
                              EntryPoint Fragment 54_1  "main" 59_9 59_10 59_11 59_12 59_13 59_14 59_15 59_16 59_17 59_18 59_19 59_20 59_21 59_22 59_23 59_24 59_25
                              ExecutionMode 54_1 OriginUpperLeft
                              Source GLSL 140
                              Name 54_1  "main"
                              Name 59_26  "b"
                              Name 59_1  "u_b"
                              Name 59_2  "i_b"
                              Name 59_27  "b2"
                              Name 59_3  "u_b2"
                              Name 59_4  "i_b2"
                              Name 59_28  "b3"
                              Name 59_5  "u_b3"
                              Name 59_6  "i_b3"
                              Name 59_29  "b4"
                              Name 59_7  "u_b4"
                              Name 59_8  "i_b4"
                              Name 59_30  "i"
                              Name 59_9  "u_i"
                              Name 59_10  "i_i"
                              Name 59_31  "i2"
                              Name 59_11  "u_i2"
                              Name 59_12  "i_i2"
                              Name 59_32  "i3"
                              Name 59_13  "u_i3"
                              Name 59_14  "i_i3"
                              Name 59_33  "i4"
                              Name 59_15  "u_i4"
                              Name 59_16  "i_i4"
                              Name 59_34  "f"
                              Name 59_17  "u_f"
                              Name 59_18  "i_f"
                              Name 59_35  "f2"
                              Name 59_19  "u_f2"
                              Name 59_20  "i_f2"
                              Name 59_36  "f3"
                              Name 59_21  "u_f3"
                              Name 59_22  "i_f3"
                              Name 59_37  "f4"
                              Name 59_23  "u_f4"
                              Name 59_24  "i_f4"
                              Name 59_25  "gl_FragColor"
                              Decorate 59_9(u_i) Flat
                              Decorate 59_9(u_i) Location 0
                              Decorate 59_10(i_i) Flat
                              Decorate 59_10(i_i) Location 8
                              Decorate 59_11(u_i2) Flat
                              Decorate 59_11(u_i2) Location 1
                              Decorate 59_12(i_i2) Flat
                              Decorate 59_12(i_i2) Location 9
                              Decorate 59_13(u_i3) Flat
                              Decorate 59_13(u_i3) Location 2
                              Decorate 59_14(i_i3) Flat
                              Decorate 59_14(i_i3) Location 10
                              Decorate 59_15(u_i4) Flat
                              Decorate 59_15(u_i4) Location 3
                              Decorate 59_16(i_i4) Flat
                              Decorate 59_16(i_i4) Location 11
                              Decorate 59_17(u_f) Location 4
                              Decorate 59_18(i_f) Location 12
                              Decorate 59_19(u_f2) Location 5
                              Decorate 59_20(i_f2) Location 13
                              Decorate 59_21(u_f3) Location 6
                              Decorate 59_22(i_f3) Location 14
                              Decorate 59_23(u_f4) Location 7
                              Decorate 59_24(i_f4) Location 15
                              Decorate 59_25(gl_FragColor) Location 0
            19_1:             TypeVoid
            33_1:             TypeFunction 19_1
            20_1:             TypeBool
            32_1:             TypePointer Function 20_1(bool)
            32_2:             TypePointer Private 20_1(bool)
       59_1(u_b):   32_2(ptr) Variable Private
       59_2(i_b):   32_2(ptr) Variable Private
            23_1:             TypeVector 20_1(bool) 2
            32_3:             TypePointer Function 23_1(bvec2)
            32_4:             TypePointer Private 23_1(bvec2)
      59_3(u_b2):   32_4(ptr) Variable Private
            21_1:             TypeInt 32 0
         uint(0):   21_1(int) Constant 0
      59_4(i_b2):   32_4(ptr) Variable Private
         uint(1):   21_1(int) Constant 1
            23_2:             TypeVector 20_1(bool) 3
            32_5:             TypePointer Function 23_2(bvec3)
            32_6:             TypePointer Private 23_2(bvec3)
      59_5(u_b3):   32_6(ptr) Variable Private
      59_6(i_b3):   32_6(ptr) Variable Private
         uint(2):   21_1(int) Constant 2
            23_3:             TypeVector 20_1(bool) 4
            32_7:             TypePointer Function 23_3(bvec4)
            32_8:             TypePointer Private 23_3(bvec4)
      59_7(u_b4):   32_8(ptr) Variable Private
      59_8(i_b4):   32_8(ptr) Variable Private
         uint(3):   21_1(int) Constant 3
            21_2:             TypeInt 32 1
            32_9:             TypePointer Function 21_2(int)
           32_10:             TypePointer Input 21_2(int)
       59_9(u_i):  32_10(ptr) Variable Input
      59_10(i_i):  32_10(ptr) Variable Input
            23_4:             TypeVector 21_2(int) 2
           32_11:             TypePointer Function 23_4(ivec2)
           32_12:             TypePointer Input 23_4(ivec2)
     59_11(u_i2):  32_12(ptr) Variable Input
     59_12(i_i2):  32_12(ptr) Variable Input
            23_5:             TypeVector 21_2(int) 3
           32_13:             TypePointer Function 23_5(ivec3)
           32_14:             TypePointer Input 23_5(ivec3)
     59_13(u_i3):  32_14(ptr) Variable Input
     59_14(i_i3):  32_14(ptr) Variable Input
            23_6:             TypeVector 21_2(int) 4
           32_15:             TypePointer Function 23_6(ivec4)
           32_16:             TypePointer Input 23_6(ivec4)
     59_15(u_i4):  32_16(ptr) Variable Input
     59_16(i_i4):  32_16(ptr) Variable Input
            22_1:             TypeFloat 32
           32_17:             TypePointer Function 22_1(float)
           32_18:             TypePointer Input 22_1(float)
      59_17(u_f):  32_18(ptr) Variable Input
      59_18(i_f):  32_18(ptr) Variable Input
            23_7:             TypeVector 22_1(float) 2
           32_19:             TypePointer Function 23_7(fvec2)
           32_20:             TypePointer Input 23_7(fvec2)
     59_19(u_f2):  32_20(ptr) Variable Input
     59_20(i_f2):  32_20(ptr) Variable Input
            23_8:             TypeVector 22_1(float) 3
           32_21:             TypePointer Function 23_8(fvec3)
           32_22:             TypePointer Input 23_8(fvec3)
     59_21(u_f3):  32_22(ptr) Variable Input
     59_22(i_f3):  32_22(ptr) Variable Input
            23_9:             TypeVector 22_1(float) 4
           32_23:             TypePointer Function 23_9(fvec4)
           32_24:             TypePointer Input 23_9(fvec4)
     59_23(u_f4):  32_24(ptr) Variable Input
     59_24(i_f4):  32_24(ptr) Variable Input
           32_25:             TypePointer Output 23_9(fvec4)
59_25(gl_FragColor):  32_25(ptr) Variable Output
            43_1: 22_1(float) Constant 1065353216
            44_1: 23_9(fvec4) ConstantComposite 43_1 43_1 43_1 43_1
      54_1(main):        19_1 Function None 33_1
           248_1:             Label
        59_26(b):   32_1(ptr) Variable Function
       59_27(b2):   32_3(ptr) Variable Function
       59_28(b3):   32_5(ptr) Variable Function
       59_29(b4):   32_7(ptr) Variable Function
        59_30(i):   32_9(ptr) Variable Function
       59_31(i2):  32_11(ptr) Variable Function
       59_32(i3):  32_13(ptr) Variable Function
       59_33(i4):  32_15(ptr) Variable Function
        59_34(f):  32_17(ptr) Variable Function
       59_35(f2):  32_19(ptr) Variable Function
       59_36(f3):  32_21(ptr) Variable Function
       59_37(f4):  32_23(ptr) Variable Function
           59_38:  32_23(ptr) Variable Function
            61_1:  20_1(bool) Load 59_1(u_b)
            61_2:  20_1(bool) Load 59_2(i_b)
           167_1:  20_1(bool) LogicalAnd 61_1 61_2
                              Store 59_26(b) 167_1
            65_1:   32_2(ptr) AccessChain 59_3(u_b2) uint(0)
            61_3:  20_1(bool) Load 65_1
            65_2:   32_2(ptr) AccessChain 59_4(i_b2) uint(0)
            61_4:  20_1(bool) Load 65_2
           167_2:  20_1(bool) LogicalAnd 61_3 61_4
            65_3:   32_2(ptr) AccessChain 59_3(u_b2) uint(1)
            61_5:  20_1(bool) Load 65_3
           167_3:  20_1(bool) LogicalAnd 167_2 61_5
            65_4:   32_2(ptr) AccessChain 59_4(i_b2) uint(1)
            61_6:  20_1(bool) Load 65_4
           167_4:  20_1(bool) LogicalAnd 167_3 61_6
            80_1: 23_1(bvec2) CompositeConstruct 167_4 167_4
                              Store 59_27(b2) 80_1
            65_5:   32_2(ptr) AccessChain 59_5(u_b3) uint(0)
            61_7:  20_1(bool) Load 65_5
            65_6:   32_2(ptr) AccessChain 59_6(i_b3) uint(0)
            61_8:  20_1(bool) Load 65_6
           167_5:  20_1(bool) LogicalAnd 61_7 61_8
            65_7:   32_2(ptr) AccessChain 59_5(u_b3) uint(1)
            61_9:  20_1(bool) Load 65_7
           167_6:  20_1(bool) LogicalAnd 167_5 61_9
            65_8:   32_2(ptr) AccessChain 59_6(i_b3) uint(1)
           61_10:  20_1(bool) Load 65_8
           167_7:  20_1(bool) LogicalAnd 167_6 61_10
            65_9:   32_2(ptr) AccessChain 59_5(u_b3) uint(2)
           61_11:  20_1(bool) Load 65_9
           167_8:  20_1(bool) LogicalAnd 167_7 61_11
           65_10:   32_2(ptr) AccessChain 59_6(i_b3) uint(2)
           61_12:  20_1(bool) Load 65_10
           167_9:  20_1(bool) LogicalAnd 167_8 61_12
            80_2: 23_2(bvec3) CompositeConstruct 167_9 167_9 167_9
                              Store 59_28(b3) 80_2
           65_11:   32_2(ptr) AccessChain 59_7(u_b4) uint(0)
           61_13:  20_1(bool) Load 65_11
           65_12:   32_2(ptr) AccessChain 59_8(i_b4) uint(0)
           61_14:  20_1(bool) Load 65_12
          167_10:  20_1(bool) LogicalAnd 61_13 61_14
           65_13:   32_2(ptr) AccessChain 59_7(u_b4) uint(1)
           61_15:  20_1(bool) Load 65_13
          167_11:  20_1(bool) LogicalAnd 167_10 61_15
           65_14:   32_2(ptr) AccessChain 59_8(i_b4) uint(1)
           61_16:  20_1(bool) Load 65_14
          167_12:  20_1(bool) LogicalAnd 167_11 61_16
           65_15:   32_2(ptr) AccessChain 59_7(u_b4) uint(2)
           61_17:  20_1(bool) Load 65_15
          167_13:  20_1(bool) LogicalAnd 167_12 61_17
           65_16:   32_2(ptr) AccessChain 59_8(i_b4) uint(2)
           61_18:  20_1(bool) Load 65_16
          167_14:  20_1(bool) LogicalAnd 167_13 61_18
           65_17:   32_2(ptr) AccessChain 59_7(u_b4) uint(3)
           61_19:  20_1(bool) Load 65_17
          167_15:  20_1(bool) LogicalAnd 167_14 61_19
           65_18:   32_2(ptr) AccessChain 59_8(i_b4) uint(3)
           61_20:  20_1(bool) Load 65_18
          167_16:  20_1(bool) LogicalAnd 167_15 61_20
            80_3: 23_3(bvec4) CompositeConstruct 167_16 167_16 167_16 167_16
                              Store 59_29(b4) 80_3
           61_21:   21_2(int) Load 59_9(u_i)
           61_22:   21_2(int) Load 59_10(i_i)
           128_1:   21_2(int) IAdd 61_21 61_22
                              Store 59_30(i) 128_1
           61_23: 23_4(ivec2) Load 59_11(u_i2)
           61_24: 23_4(ivec2) Load 59_12(i_i2)
           128_2: 23_4(ivec2) IAdd 61_23 61_24
                              Store 59_31(i2) 128_2
           61_25: 23_5(ivec3) Load 59_13(u_i3)
           61_26: 23_5(ivec3) Load 59_14(i_i3)
           128_3: 23_5(ivec3) IAdd 61_25 61_26
                              Store 59_32(i3) 128_3
           61_27: 23_6(ivec4) Load 59_15(u_i4)
           61_28: 23_6(ivec4) Load 59_16(i_i4)
           128_4: 23_6(ivec4) IAdd 61_27 61_28
                              Store 59_33(i4) 128_4
           61_29: 22_1(float) Load 59_17(u_f)
           61_30: 22_1(float) Load 59_18(i_f)
           129_1: 22_1(float) FAdd 61_29 61_30
                              Store 59_34(f) 129_1
           61_31: 23_7(fvec2) Load 59_19(u_f2)
           61_32: 23_7(fvec2) Load 59_20(i_f2)
           129_2: 23_7(fvec2) FAdd 61_31 61_32
                              Store 59_35(f2) 129_2
           61_33: 23_8(fvec3) Load 59_21(u_f3)
           61_34: 23_8(fvec3) Load 59_22(i_f3)
           129_3: 23_8(fvec3) FAdd 61_33 61_34
                              Store 59_36(f3) 129_3
           61_35: 23_9(fvec4) Load 59_23(u_f4)
           61_36: 23_9(fvec4) Load 59_24(i_f4)
           129_4: 23_9(fvec4) FAdd 61_35 61_36
                              Store 59_37(f4) 129_4
           61_37:  20_1(bool) Load 59_26(b)
           65_19:   32_1(ptr) AccessChain 59_27(b2) uint(0)
           61_38:  20_1(bool) Load 65_19
           166_1:  20_1(bool) LogicalOr 61_37 61_38
           65_20:   32_1(ptr) AccessChain 59_27(b2) uint(1)
           61_39:  20_1(bool) Load 65_20
           166_2:  20_1(bool) LogicalOr 166_1 61_39
           65_21:   32_1(ptr) AccessChain 59_28(b3) uint(0)
           61_40:  20_1(bool) Load 65_21
           166_3:  20_1(bool) LogicalOr 166_2 61_40
           65_22:   32_1(ptr) AccessChain 59_28(b3) uint(1)
           61_41:  20_1(bool) Load 65_22
           166_4:  20_1(bool) LogicalOr 166_3 61_41
           65_23:   32_1(ptr) AccessChain 59_28(b3) uint(2)
           61_42:  20_1(bool) Load 65_23
           166_5:  20_1(bool) LogicalOr 166_4 61_42
           65_24:   32_1(ptr) AccessChain 59_29(b4) uint(0)
           61_43:  20_1(bool) Load 65_24
           166_6:  20_1(bool) LogicalOr 166_5 61_43
           65_25:   32_1(ptr) AccessChain 59_29(b4) uint(1)
           61_44:  20_1(bool) Load 65_25
           166_7:  20_1(bool) LogicalOr 166_6 61_44
           65_26:   32_1(ptr) AccessChain 59_29(b4) uint(2)
           61_45:  20_1(bool) Load 65_26
           166_8:  20_1(bool) LogicalOr 166_7 61_45
           65_27:   32_1(ptr) AccessChain 59_29(b4) uint(3)
           61_46:  20_1(bool) Load 65_27
           166_9:  20_1(bool) LogicalOr 166_8 61_46
                              SelectionMerge 248_4 None
                              BranchConditional 166_9 248_2 248_3
           248_2:               Label
           61_47:   21_2(int)   Load 59_30(i)
           65_28:   32_9(ptr)   AccessChain 59_31(i2) uint(0)
           61_48:   21_2(int)   Load 65_28
           128_5:   21_2(int)   IAdd 61_47 61_48
           65_29:   32_9(ptr)   AccessChain 59_31(i2) uint(1)
           61_49:   21_2(int)   Load 65_29
           128_6:   21_2(int)   IAdd 128_5 61_49
           65_30:   32_9(ptr)   AccessChain 59_32(i3) uint(0)
           61_50:   21_2(int)   Load 65_30
           128_7:   21_2(int)   IAdd 128_6 61_50
           65_31:   32_9(ptr)   AccessChain 59_32(i3) uint(1)
           61_51:   21_2(int)   Load 65_31
           128_8:   21_2(int)   IAdd 128_7 61_51
           65_32:   32_9(ptr)   AccessChain 59_32(i3) uint(2)
           61_52:   21_2(int)   Load 65_32
           128_9:   21_2(int)   IAdd 128_8 61_52
           65_33:   32_9(ptr)   AccessChain 59_33(i4) uint(0)
           61_53:   21_2(int)   Load 65_33
          128_10:   21_2(int)   IAdd 128_9 61_53
           65_34:   32_9(ptr)   AccessChain 59_33(i4) uint(1)
           61_54:   21_2(int)   Load 65_34
          128_11:   21_2(int)   IAdd 128_10 61_54
           65_35:   32_9(ptr)   AccessChain 59_33(i4) uint(2)
           61_55:   21_2(int)   Load 65_35
          128_12:   21_2(int)   IAdd 128_11 61_55
           65_36:   32_9(ptr)   AccessChain 59_33(i4) uint(3)
           61_56:   21_2(int)   Load 65_36
          128_13:   21_2(int)   IAdd 128_12 61_56
           111_1: 22_1(float)   ConvertSToF 128_13
           61_57: 22_1(float)   Load 59_34(f)
           129_5: 22_1(float)   FAdd 111_1 61_57
           65_37:  32_17(ptr)   AccessChain 59_35(f2) uint(0)
           61_58: 22_1(float)   Load 65_37
           129_6: 22_1(float)   FAdd 129_5 61_58
           65_38:  32_17(ptr)   AccessChain 59_35(f2) uint(1)
           61_59: 22_1(float)   Load 65_38
           129_7: 22_1(float)   FAdd 129_6 61_59
           65_39:  32_17(ptr)   AccessChain 59_36(f3) uint(0)
           61_60: 22_1(float)   Load 65_39
           129_8: 22_1(float)   FAdd 129_7 61_60
           65_40:  32_17(ptr)   AccessChain 59_36(f3) uint(1)
           61_61: 22_1(float)   Load 65_40
           129_9: 22_1(float)   FAdd 129_8 61_61
           65_41:  32_17(ptr)   AccessChain 59_36(f3) uint(2)
           61_62: 22_1(float)   Load 65_41
          129_10: 22_1(float)   FAdd 129_9 61_62
           65_42:  32_17(ptr)   AccessChain 59_37(f4) uint(0)
           61_63: 22_1(float)   Load 65_42
          129_11: 22_1(float)   FAdd 129_10 61_63
           65_43:  32_17(ptr)   AccessChain 59_37(f4) uint(1)
           61_64: 22_1(float)   Load 65_43
          129_12: 22_1(float)   FAdd 129_11 61_64
           65_44:  32_17(ptr)   AccessChain 59_37(f4) uint(2)
           61_65: 22_1(float)   Load 65_44
          129_13: 22_1(float)   FAdd 129_12 61_65
           65_45:  32_17(ptr)   AccessChain 59_37(f4) uint(3)
           61_66: 22_1(float)   Load 65_45
          129_14: 22_1(float)   FAdd 129_13 61_66
            80_4: 23_9(fvec4)   CompositeConstruct 129_14 129_14 129_14 129_14
                                Store 59_38 80_4
                                Branch 248_4
           248_3:               Label
                                Store 59_38 44_1
                                Branch 248_4
           248_4:             Label
           61_67: 23_9(fvec4) Load 59_38
                              Store 59_25(gl_FragColor) 61_67
                              Return
                              FunctionEnd
