spv.memoryQualifier.frag
Validation failed
// Module Version 10000
// Generated by (magic number): 8000b
// Id's are bound by 105

                              Capability Shader
                              Capability ImageRect
                              Capability Image1D
            11_1:             ExtInstImport  "GLSL.std.450"
                              MemoryModel Logical GLSL450
                              EntryPoint Fragment 54_1  "main"
                              ExecutionMode 54_1 OriginUpperLeft
                              Source GLSL 450
                              Name 54_1  "main"
                              Name 59_7  "texel"
                              Name 59_1  "i1D"
                              Name 59_2  "i2D"
                              Name 59_3  "i2DRect"
                              Name 59_4  "i3D"
                              Name 59_5  "iCube"
                              Name 30_1  "Data"
                              MemberName 30_1(Data) 0  "f1"
                              MemberName 30_1(Data) 1  "f2"
                              Name 30_2  "Buffer"
                              MemberName 30_2(Buffer) 0  "f1"
                              MemberName 30_2(Buffer) 1  "f2"
                              MemberName 30_2(Buffer) 2  "f3"
                              MemberName 30_2(Buffer) 3  "f4"
                              MemberName 30_2(Buffer) 4  "i1"
                              MemberName 30_2(Buffer) 5  "data"
                              Name 59_6  ""
                              Decorate 59_1(i1D) Coherent
                              Decorate 59_1(i1D) Binding 0
                              Decorate 59_1(i1D) DescriptorSet 0
                              Decorate 59_2(i2D) Volatile
                              Decorate 59_2(i2D) Coherent
                              Decorate 59_2(i2D) Binding 1
                              Decorate 59_2(i2D) DescriptorSet 0
                              Decorate 59_3(i2DRect) Restrict
                              Decorate 59_3(i2DRect) Binding 2
                              Decorate 59_3(i2DRect) DescriptorSet 0
                              Decorate 59_4(i3D) NonWritable
                              Decorate 59_4(i3D) Binding 3
                              Decorate 59_4(i3D) DescriptorSet 0
                              Decorate 59_5(iCube) NonReadable
                              Decorate 59_5(iCube) Binding 3
                              Decorate 59_5(iCube) DescriptorSet 0
                              MemberDecorate 30_1(Data) 0 Offset 0
                              MemberDecorate 30_1(Data) 1 Offset 8
                              Decorate 30_2(Buffer) BufferBlock
                              MemberDecorate 30_2(Buffer) 0 Volatile
                              MemberDecorate 30_2(Buffer) 0 Coherent
                              MemberDecorate 30_2(Buffer) 0 Offset 0
                              MemberDecorate 30_2(Buffer) 1 Restrict
                              MemberDecorate 30_2(Buffer) 1 Coherent
                              MemberDecorate 30_2(Buffer) 1 Offset 8
                              MemberDecorate 30_2(Buffer) 2 Coherent
                              MemberDecorate 30_2(Buffer) 2 NonWritable
                              MemberDecorate 30_2(Buffer) 2 Offset 16
                              MemberDecorate 30_2(Buffer) 3 Coherent
                              MemberDecorate 30_2(Buffer) 3 NonReadable
                              MemberDecorate 30_2(Buffer) 3 Offset 32
                              MemberDecorate 30_2(Buffer) 4 Coherent
                              MemberDecorate 30_2(Buffer) 4 Offset 48
                              MemberDecorate 30_2(Buffer) 5 Coherent
                              MemberDecorate 30_2(Buffer) 5 Offset 56
                              Decorate 59_6 Binding 4
                              Decorate 59_6 DescriptorSet 0
            19_1:             TypeVoid
            33_1:             TypeFunction 19_1
            22_1:             TypeFloat 32
            23_1:             TypeVector 22_1(float) 4
            32_1:             TypePointer Function 23_1(fvec4)
            25_1:             TypeImage 22_1(float) 1D nonsampled format:R32f
            32_2:             TypePointer UniformConstant 25_1
       59_1(i1D):   32_2(ptr) Variable UniformConstant
            21_1:             TypeInt 32 1
            43_1:   21_1(int) Constant 1
            25_2:             TypeImage 22_1(float) 2D nonsampled format:R32f
            32_3:             TypePointer UniformConstant 25_2
       59_2(i2D):   32_3(ptr) Variable UniformConstant
            23_2:             TypeVector 21_1(int) 2
            44_1: 23_2(ivec2) ConstantComposite 43_1 43_1
            25_3:             TypeImage 22_1(float) Rect nonsampled format:R32f
            32_4:             TypePointer UniformConstant 25_3
   59_3(i2DRect):   32_4(ptr) Variable UniformConstant
            25_4:             TypeImage 22_1(float) 3D nonsampled format:R32f
            32_5:             TypePointer UniformConstant 25_4
       59_4(i3D):   32_5(ptr) Variable UniformConstant
            23_3:             TypeVector 21_1(int) 3
            44_2: 23_3(ivec3) ConstantComposite 43_1 43_1 43_1
            25_5:             TypeImage 22_1(float) Cube nonsampled format:R32f
            32_6:             TypePointer UniformConstant 25_5
     59_5(iCube):   32_6(ptr) Variable UniformConstant
            23_4:             TypeVector 22_1(float) 2
            23_5:             TypeVector 22_1(float) 3
      30_1(Data):             TypeStruct 22_1(float) 23_4(fvec2)
    30_2(Buffer):             TypeStruct 22_1(float) 23_4(fvec2) 23_5(fvec3) 23_1(fvec4) 21_1(int) 30_1(Data)
            32_7:             TypePointer Uniform 30_2(Buffer)
            59_6:   32_7(ptr) Variable Uniform
            43_2:   21_1(int) Constant 4
            32_8:             TypePointer Uniform 21_1(int)
            43_3:   21_1(int) Constant 0
            32_9:             TypePointer Uniform 22_1(float)
           32_10:             TypePointer Function 22_1(float)
           32_11:             TypePointer Uniform 23_4(fvec2)
            21_2:             TypeInt 32 0
         uint(0):   21_2(int) Constant 0
         uint(1):   21_2(int) Constant 1
            43_4:   21_1(int) Constant 2
           32_12:             TypePointer Uniform 23_5(fvec3)
         uint(2):   21_2(int) Constant 2
            43_5:   21_1(int) Constant 5
         uint(3):   21_2(int) Constant 3
            43_6:   21_1(int) Constant 3
           32_13:             TypePointer Uniform 23_1(fvec4)
      54_1(main):        19_1 Function None 33_1
           248_1:             Label
     59_7(texel):   32_1(ptr) Variable Function
            61_1:        25_1 Load 59_1(i1D)
            98_1: 23_1(fvec4) ImageRead 61_1 43_1
                              Store 59_7(texel) 98_1
            61_2:        25_2 Load 59_2(i2D)
            98_2: 23_1(fvec4) ImageRead 61_2 44_1
            61_3: 23_1(fvec4) Load 59_7(texel)
           129_1: 23_1(fvec4) FAdd 61_3 98_2
                              Store 59_7(texel) 129_1
            61_4:        25_3 Load 59_3(i2DRect)
            98_3: 23_1(fvec4) ImageRead 61_4 44_1
            61_5: 23_1(fvec4) Load 59_7(texel)
           129_2: 23_1(fvec4) FAdd 61_5 98_3
                              Store 59_7(texel) 129_2
            61_6:        25_4 Load 59_4(i3D)
            98_4: 23_1(fvec4) ImageRead 61_6 44_2
            61_7: 23_1(fvec4) Load 59_7(texel)
           129_3: 23_1(fvec4) FAdd 61_7 98_4
                              Store 59_7(texel) 129_3
            61_8:        25_5 Load 59_5(iCube)
            61_9: 23_1(fvec4) Load 59_7(texel)
                              ImageWrite 61_8 44_2 61_9
            65_1:   32_8(ptr) AccessChain 59_6 43_2
           61_10:   21_1(int) Load 65_1
            65_2:   32_9(ptr) AccessChain 59_6 43_3
           61_11: 22_1(float) Load 65_2
            65_3:  32_10(ptr) AccessChain 59_7(texel) 61_10
                              Store 65_3 61_11
            65_4:  32_11(ptr) AccessChain 59_6 43_1
           61_12: 23_4(fvec2) Load 65_4
           61_13: 23_1(fvec4) Load 59_7(texel)
            79_1: 23_4(fvec2) VectorShuffle 61_13 61_13 0 1
           129_4: 23_4(fvec2) FAdd 79_1 61_12
            65_5:  32_10(ptr) AccessChain 59_7(texel) uint(0)
            81_1: 22_1(float) CompositeExtract 129_4 0
                              Store 65_5 81_1
            65_6:  32_10(ptr) AccessChain 59_7(texel) uint(1)
            81_2: 22_1(float) CompositeExtract 129_4 1
                              Store 65_6 81_2
            65_7:  32_12(ptr) AccessChain 59_6 43_4
           61_14: 23_5(fvec3) Load 65_7
           61_15: 23_1(fvec4) Load 59_7(texel)
            79_2: 23_5(fvec3) VectorShuffle 61_15 61_15 0 1 2
           131_1: 23_5(fvec3) FSub 79_2 61_14
            65_8:  32_10(ptr) AccessChain 59_7(texel) uint(0)
            81_3: 22_1(float) CompositeExtract 131_1 0
                              Store 65_8 81_3
            65_9:  32_10(ptr) AccessChain 59_7(texel) uint(1)
            81_4: 22_1(float) CompositeExtract 131_1 1
                              Store 65_9 81_4
           65_10:  32_10(ptr) AccessChain 59_7(texel) uint(2)
            81_5: 22_1(float) CompositeExtract 131_1 2
                              Store 65_10 81_5
           65_11:   32_9(ptr) AccessChain 59_6 43_5 43_3
           61_16: 22_1(float) Load 65_11
           65_12:   32_9(ptr) AccessChain 59_6 43_5 43_1 uint(1)
           61_17: 22_1(float) Load 65_12
           129_5: 22_1(float) FAdd 61_16 61_17
           65_13:  32_10(ptr) AccessChain 59_7(texel) uint(3)
           61_18: 22_1(float) Load 65_13
           129_6: 22_1(float) FAdd 61_18 129_5
           65_14:  32_10(ptr) AccessChain 59_7(texel) uint(3)
                              Store 65_14 129_6
           61_19: 23_1(fvec4) Load 59_7(texel)
           65_15:  32_13(ptr) AccessChain 59_6 43_6
                              Store 65_15 61_19
                              Return
                              FunctionEnd
