spv.depthUnchanged.frag
// Module Version 10000
// Generated by (magic number): 8000b
// Id's are bound by 22

                              Capability Shader
            11_1:             ExtInstImport  "GLSL.std.450"
                              MemoryModel Logical GLSL450
                              EntryPoint Fragment 54_1  "main" 59_1 59_2 59_3
                              ExecutionMode 54_1 OriginUpperLeft
                              ExecutionMode 54_1 DepthReplacing
                              ExecutionMode 54_1 DepthUnchanged
                              Source GLSL 430
                              Name 54_1  "main"
                              Name 59_1  "outColor"
                              Name 59_2  "gl_FragDepth"
                              Name 59_3  "gl_FragCoord"
                              Decorate 59_1(outColor) Location 0
                              Decorate 59_2(gl_FragDepth) BuiltIn FragDepth
                              Decorate 59_3(gl_FragCoord) BuiltIn FragCoord
            19_1:             TypeVoid
            33_1:             TypeFunction 19_1
            22_1:             TypeFloat 32
            23_1:             TypeVector 22_1(float) 4
            32_1:             TypePointer Output 23_1(fvec4)
  59_1(outColor):   32_1(ptr) Variable Output
            43_1: 22_1(float) Constant 1065353216
            43_2: 22_1(float) Constant 0
            44_1: 23_1(fvec4) ConstantComposite 43_1 43_2 43_2 43_1
            32_2:             TypePointer Output 22_1(float)
59_2(gl_FragDepth):   32_2(ptr) Variable Output
            32_3:             TypePointer Input 23_1(fvec4)
59_3(gl_FragCoord):   32_3(ptr) Variable Input
            21_1:             TypeInt 32 0
         uint(1):   21_1(int) Constant 1
            32_4:             TypePointer Input 22_1(float)
      54_1(main):        19_1 Function None 33_1
           248_1:             Label
                              Store 59_1(outColor) 44_1
            65_1:   32_4(ptr) AccessChain 59_3(gl_FragCoord) uint(1)
            61_1: 22_1(float) Load 65_1
                              Store 59_2(gl_FragDepth) 61_1
                              Return
                              FunctionEnd
