spv.dataOut.frag
Validation failed
// Module Version 10000
// Generated by (magic number): 8000b
// Id's are bound by 20

                              Capability Shader
            11_1:             ExtInstImport  "GLSL.std.450"
                              MemoryModel Logical GLSL450
                              EntryPoint Fragment 54_1  "main" 59_1 59_2
                              ExecutionMode 54_1 OriginUpperLeft
                              Source GLSL 140
                              Name 54_1  "main"
                              Name 59_1  "gl_FragData"
                              Name 59_2  "Color"
                              Decorate 59_2(Color) Location 0
            19_1:             TypeVoid
            33_1:             TypeFunction 19_1
            22_1:             TypeFloat 32
            23_1:             TypeVector 22_1(float) 4
            21_1:             TypeInt 32 0
        uint(32):   21_1(int) Constant 32
            28_1:             TypeArray 23_1(fvec4) uint(32)
            32_1:             TypePointer Output 28_1
59_1(gl_FragData):   32_1(ptr) Variable Output
            21_2:             TypeInt 32 1
            43_1:   21_2(int) Constant 1
            32_2:             TypePointer Input 23_1(fvec4)
     59_2(Color):   32_2(ptr) Variable Input
            32_3:             TypePointer Output 23_1(fvec4)
      54_1(main):        19_1 Function None 33_1
           248_1:             Label
            61_1: 23_1(fvec4) Load 59_2(Color)
            65_1:   32_3(ptr) AccessChain 59_1(gl_FragData) 43_1
                              Store 65_1 61_1
                              Return
                              FunctionEnd
