spv.shiftOps.frag
// Module Version 10000
// Generated by (magic number): 8000b
// Id's are bound by 38

                              Capability Shader
            11_1:             ExtInstImport  "GLSL.std.450"
                              MemoryModel Logical GLSL450
                              EntryPoint Fragment 54_1  "main" 59_1 59_2 59_3 59_4 59_5 59_6
                              ExecutionMode 54_1 OriginUpperLeft
                              Source GLSL 450
                              Name 54_1  "main"
                              Name 59_1  "icolor"
                              Name 59_2  "i3"
                              Name 59_3  "u1"
                              Name 59_4  "ucolor"
                              Name 59_5  "u3"
                              Name 59_6  "i1"
                              Decorate 59_1(icolor) Location 0
                              Decorate 59_2(i3) Flat
                              Decorate 59_2(i3) Location 2
                              Decorate 59_3(u1) Flat
                              Decorate 59_3(u1) Location 1
                              Decorate 59_4(ucolor) Location 1
                              Decorate 59_5(u3) Flat
                              Decorate 59_5(u3) Location 3
                              Decorate 59_6(i1) Flat
                              Decorate 59_6(i1) Location 0
            19_1:             TypeVoid
            33_1:             TypeFunction 19_1
            21_1:             TypeInt 32 1
            23_1:             TypeVector 21_1(int) 3
            32_1:             TypePointer Output 23_1(ivec3)
    59_1(icolor):   32_1(ptr) Variable Output
            32_2:             TypePointer Input 23_1(ivec3)
        59_2(i3):   32_2(ptr) Variable Input
            21_2:             TypeInt 32 0
            32_3:             TypePointer Input 21_2(int)
        59_3(u1):   32_3(ptr) Variable Input
            23_2:             TypeVector 21_2(int) 3
         uint(4):   21_2(int) Constant 4
            32_4:             TypePointer Output 23_2(ivec3)
    59_4(ucolor):   32_4(ptr) Variable Output
            32_5:             TypePointer Input 23_2(ivec3)
        59_5(u3):   32_5(ptr) Variable Input
            32_6:             TypePointer Input 21_1(int)
        59_6(i1):   32_6(ptr) Variable Input
            43_1:   21_1(int) Constant 5
      54_1(main):        19_1 Function None 33_1
           248_1:             Label
            61_1: 23_1(ivec3) Load 59_2(i3)
            61_2:   21_2(int) Load 59_3(u1)
            80_1: 23_2(ivec3) CompositeConstruct 61_2 61_2 61_2
           196_1: 23_1(ivec3) ShiftLeftLogical 61_1 80_1
                              Store 59_1(icolor) 196_1
            61_3: 23_1(ivec3) Load 59_1(icolor)
            80_2: 23_2(ivec3) CompositeConstruct uint(4) uint(4) uint(4)
           196_2: 23_1(ivec3) ShiftLeftLogical 61_3 80_2
                              Store 59_1(icolor) 196_2
            61_4: 23_2(ivec3) Load 59_5(u3)
            61_5:   21_1(int) Load 59_6(i1)
            80_3: 23_1(ivec3) CompositeConstruct 61_5 61_5 61_5
           194_1: 23_2(ivec3) ShiftRightLogical 61_4 80_3
                              Store 59_4(ucolor) 194_1
            61_6: 23_2(ivec3) Load 59_4(ucolor)
            80_4: 23_1(ivec3) CompositeConstruct 43_1 43_1 43_1
           194_2: 23_2(ivec3) ShiftRightLogical 61_6 80_4
                              Store 59_4(ucolor) 194_2
                              Return
                              FunctionEnd
