spv.dead-after-discard.frag
// Module Version 10000
// Generated by (magic number): 8000b
// Id's are bound by 15

                              Capability Shader
            11_1:             ExtInstImport  "GLSL.std.450"
                              MemoryModel Logical GLSL450
                              EntryPoint Fragment 54_1  "main" 59_1 59_2
                              ExecutionMode 54_1 OriginUpperLeft
                              Source GLSL 450
                              Name 54_1  "main"
                              Name 59_1  "o"
                              Name 59_2  "c"
                              Decorate 59_1(o) Location 0
                              Decorate 59_2(c) Location 0
            19_1:             TypeVoid
            33_1:             TypeFunction 19_1
            21_1:             TypeInt 32 1
            32_1:             TypePointer Output 21_1(int)
         59_1(o):   32_1(ptr) Variable Output
            43_1:   21_1(int) Constant 1
            43_2:   21_1(int) Constant 3
            22_1:             TypeFloat 32
            32_2:             TypePointer Input 22_1(float)
         59_2(c):   32_2(ptr) Variable Input
      54_1(main):        19_1 Function None 33_1
           248_1:             Label
                              Store 59_1(o) 43_1
                              Kill
                              FunctionEnd
