spv.specConstantComposite.vert
// Module Version 10000
// Generated by (magic number): 8000b
// Id's are bound by 43

                              Capability Shader
                              Capability Float64
            11_1:             ExtInstImport  "GLSL.std.450"
                              MemoryModel Logical GLSL450
                              EntryPoint Vertex 54_1  "main" 59_1 59_2
                              Source GLSL 450
                              Name 54_1  "main"
                              Name 54_2  "refer_primary_spec_const("
                              Name 54_3  "refer_composite_spec_const("
                              Name 54_4  "refer_copmosite_dot_dereference("
                              Name 54_5  "refer_composite_bracket_dereference("
                              Name 54_6  "refer_spec_const_array_length("
                              Name 54_7  "declare_spec_const_in_func("
                              Name 48_1  "spec_bool"
                              Name 59_1  "color"
                              Name 50_1  "spec_int"
                              Name 59_3  "len"
                              Name 50_2  "spec_float"
                              Name 50_3  "spec_double"
                              Name 59_2  "global_vec4_array_with_spec_length"
                              Decorate 48_1(spec_bool) SpecId 203
                              Decorate 59_1(color) Location 0
                              Decorate 50_1(spec_int) SpecId 200
                              Decorate 50_2(spec_float) SpecId 201
                              Decorate 50_3(spec_double) SpecId 202
                              Decorate 59_2(global_vec4_array_with_spec_length) Location 0
            19_1:             TypeVoid
            33_1:             TypeFunction 19_1
            21_1:             TypeInt 32 1
            33_2:             TypeFunction 21_1(int)
            20_1:             TypeBool
 48_1(spec_bool):  20_1(bool) SpecConstantTrue
            22_1:             TypeFloat 32
            23_1:             TypeVector 22_1(float) 4
            32_1:             TypePointer Output 23_1(fvec4)
     59_1(color):   32_1(ptr) Variable Output
  50_1(spec_int):   21_1(int) SpecConstant 3
            32_2:             TypePointer Function 21_1(int)
50_2(spec_float): 22_1(float) SpecConstant 1078523331
            22_2:             TypeFloat 64
50_3(spec_double):22_2(float64_t) SpecConstant 1413754136 1074340347
            28_1:             TypeArray 23_1(fvec4) 50_1(spec_int)
            32_3:             TypePointer Input 28_1
59_2(global_vec4_array_with_spec_length):   32_3(ptr) Variable Input
      54_1(main):        19_1 Function None 33_1
           248_1:             Label
                              Return
                              FunctionEnd
54_2(refer_primary_spec_const():        19_1 Function None 33_1
           248_2:             Label
                              SelectionMerge 248_4 None
                              BranchConditional 48_1(spec_bool) 248_3 248_4
           248_3:               Label
           111_1: 22_1(float)   ConvertSToF 50_1(spec_int)
            61_1: 23_1(fvec4)   Load 59_1(color)
           142_1: 23_1(fvec4)   VectorTimesScalar 61_1 111_1
                                Store 59_1(color) 142_1
                                Branch 248_4
           248_4:             Label
                              Return
                              FunctionEnd
54_3(refer_composite_spec_const():        19_1 Function None 33_1
           248_5:             Label
                              Return
                              FunctionEnd
54_4(refer_copmosite_dot_dereference():        19_1 Function None 33_1
           248_6:             Label
                              Return
                              FunctionEnd
54_5(refer_composite_bracket_dereference():        19_1 Function None 33_1
           248_7:             Label
                              Return
                              FunctionEnd
54_6(refer_spec_const_array_length():   21_1(int) Function None 33_2
           248_8:             Label
       59_3(len):   32_2(ptr) Variable Function
                              Store 59_3(len) 50_1(spec_int)
            61_2:   21_1(int) Load 59_3(len)
                              ReturnValue 61_2
                              FunctionEnd
54_7(declare_spec_const_in_func():        19_1 Function None 33_1
           248_9:             Label
                              Return
                              FunctionEnd
