hlsl.flattenOpaqueInitMix.vert
// Module Version 10000
// Generated by (magic number): 8000b
// Id's are bound by 99

                              Capability Shader
            11_1:             ExtInstImport  "GLSL.std.450"
                              MemoryModel Logical GLSL450
                              EntryPoint Vertex 54_1  "main" 59_3
                              Source HLSL 500
                              Name 54_1  "main"
                              Name 59_1  "g_tInputTexture_sampler"
                              Name 59_2  "g_tInputTexture"
                              Name 59_3  "@entryPointOutput"
                              Decorate 59_1(g_tInputTexture_sampler) Binding 0
                              Decorate 59_1(g_tInputTexture_sampler) DescriptorSet 0
                              Decorate 59_2(g_tInputTexture) Binding 1
                              Decorate 59_2(g_tInputTexture) DescriptorSet 0
                              Decorate 59_3(@entryPointOutput) Location 0
            19_1:             TypeVoid
            33_1:             TypeFunction 19_1
            26_1:             TypeSampler
            22_1:             TypeFloat 32
            25_1:             TypeImage 22_1(float) 2D sampled format:Unknown
            23_1:             TypeVector 22_1(float) 4
            27_1:             TypeSampledImage 25_1
            23_2:             TypeVector 22_1(float) 2
            43_1: 22_1(float) Constant 0
            32_1:             TypePointer UniformConstant 26_1
59_1(g_tInputTexture_sampler):   32_1(ptr) Variable UniformConstant
            32_2:             TypePointer UniformConstant 25_1
59_2(g_tInputTexture):   32_2(ptr) Variable UniformConstant
            43_2: 22_1(float) Constant 1056964608
            32_3:             TypePointer Output 23_1(fvec4)
59_3(@entryPointOutput):   32_3(ptr) Variable Output
            44_1: 23_2(fvec2) ConstantComposite 43_2 43_2
      54_1(main):        19_1 Function None 33_1
           248_1:             Label
            61_1:        26_1 Load 59_1(g_tInputTexture_sampler)
            61_2:        25_1 Load 59_2(g_tInputTexture)
            86_1:        27_1 SampledImage 61_2 61_1
            88_1: 23_1(fvec4) ImageSampleExplicitLod 86_1 44_1 Lod 43_1
                              Store 59_3(@entryPointOutput) 88_1
                              Return
                              FunctionEnd
